01-01 12:53:19.399   841   841 V WebViewFactory: RelroFileCreator (64bit = false),  32-bit lib: /system/app/webview/webview.apk!/lib/armeabi-v7a/libwebviewchromium.so, 64-bit lib: 
01-01 12:53:19.427   251   261 V vold    : /dev/block/vold/public:179_129: UUID="5F4E-035A" TYPE="vfat" 
01-01 12:53:19.428   251   261 V vold    : /system/bin/fsck_msdos
01-01 12:53:19.428   251   261 V vold    :     -p
01-01 12:53:19.428   251   261 V vold    :     -f
01-01 12:53:19.428   251   261 V vold    :     /dev/block/vold/public:179_129
01-01 12:53:19.428   727   776 D VoldConnector: RCV <- {652 public:179_129 vfat}
01-01 12:53:19.430   727   776 D VoldConnector: RCV <- {653 public:179_129 5F4E-035A}
01-01 12:53:19.431   727   776 D VoldConnector: RCV <- {654 public:179_129 sdcard1}
01-01 12:53:19.432   727   776 D VoldConnector: RCV <- {656 public:179_129 /mnt/media_rw/5F4E-035A}
01-01 12:53:19.433   727   776 D VoldConnector: RCV <- {655 public:179_129 /storage/5F4E-035A}
01-01 12:53:19.543   251   261 I fsck_msdos: ** /dev/block/vold/public:179_129
01-01 12:53:19.546   892   892 D fsck_msdos: sectors Per cluster :8 
01-01 12:53:19.546   892   892 D fsck_msdos: boot->ClusterOffset :30354 
01-01 12:53:19.546   892   892 I fsck_msdos: FAT32 Filesystem
01-01 12:53:19.546   892   892 D fsck_msdos: Using cluster_chain_descriptor
01-01 12:53:19.546   892   892 I fsck_msdos: Total clusters 1941545 
01-01 12:53:19.546   251   261 I fsck_msdos: ** Phase 1 - Read FAT (compare skipped)
01-01 12:53:19.546   251   261 I fsck_msdos: Attempting to allocate 7584 KB for FAT
01-01 12:53:19.558   841   841 I art     : System.exit called, status: 0
01-01 12:53:19.558   841   841 I AndroidRuntime: VM exiting with result code 0, cleanup skipped.
01-01 12:53:19.602   821   821 W System  : ClassLoader referenced unknown path: /system/priv-app/SystemUI/lib/arm
01-01 12:53:19.670   821   821 V SystemUIService: Starting SystemUI services.
01-01 12:53:19.672   271   271 E SELinux : avc:  denied  { find } for service=network_management scontext=u:r:themeservice_app:s0 tcontext=u:object_r:network_management_service:s0 tclass=service_manager
01-01 12:53:19.690   826   826 W System  : ClassLoader referenced unknown path: /system/priv-app/ThemeManagerService/lib/arm
01-01 12:53:19.714   847   847 W System  : ClassLoader referenced unknown path: /system/priv-app/MediaProvider/lib/arm
01-01 12:53:19.750   826   826 I ThemeManagerService: Spawned worker thread
01-01 12:53:19.777   836   836 W System  : ClassLoader referenced unknown path: /system/priv-app/ExternalStorageProvider/lib/arm
01-01 12:53:19.795   847   847 W System  : ClassLoader referenced unknown path: /system/priv-app/DownloadProvider/lib/arm
01-01 12:53:19.806   892   892 I fsck_msdos: ** Phase 2 - Check Cluster Chains 
01-01 12:53:19.806   892   892 I fsck_msdos: Begin to handle the cluster chain
01-01 12:53:19.855   836   836 D ExternalStorage: After updating volumes, found 1 active roots
01-01 12:53:19.875   836   836 D ExternalStorage: After updating volumes, found 1 active roots
01-01 12:53:19.891   727   742 W WindowManager: Keyguard drawn timeout. Setting mKeyguardDrawComplete
01-01 12:53:19.972   826   826 D ThemeManagerService: Prev api level was: 23, api is now: 23
01-01 12:53:19.982   251   261 I fsck_msdos: ** Phase 3 - Checking Directories
01-01 12:53:19.982   892   892 D fsck_msdos: rootDir->head :2
01-01 12:53:20.087   251   261 I fsck_msdos: ** Phase 4 - Checking for Lost Files
01-01 12:53:20.087   892   892 D fsck_msdos: Verify Filesystem information
01-01 12:53:20.087   892   892 W fsck_msdos: 120 files, 1079556 free (1318465 clusters)
01-01 12:53:20.087   892   892 I fsck_msdos: free_rb_tree 
01-01 12:53:20.088   892   892 I fsck_msdos: free_fragment_tree
01-01 12:53:20.089   892   892 I fsck_msdos: free_fragment_tree
01-01 12:53:20.089   892   892 I fsck_msdos: free_fragment_tree: rb_tree is empty 
01-01 12:53:20.100   251   261 I Vold    : Filesystem check completed OK
01-01 12:53:20.110   251   261 V vold    : Waiting for FUSE to spin up...
01-01 12:53:20.161   727   776 D VoldConnector: RCV <- {651 public:179_129 2}
01-01 12:53:20.162   727   776 D VoldConnector: RCV <- {200 6 Command succeeded}
01-01 12:53:20.164   727   775 E VoldConnector: NDC Command {6 volume mount public:179_129 2 0} took too long (990ms)
01-01 12:53:20.223   836   836 D ExternalStorage: After updating volumes, found 2 active roots
01-01 12:53:20.248   836   836 D ExternalStorage: After updating volumes, found 2 active roots
01-01 12:53:20.303   836   836 D ExternalStorage: After updating volumes, found 2 active roots
01-01 12:53:20.348   821   930 D WVMExtractorImpl: IsWidevineMedia() return 0
01-01 12:53:20.371   283   665 D MtkOmxCore: Core_Init called
01-01 12:53:20.372   283   665 D MtkOmxCore: Core_Init gInstancePoolLock init
01-01 12:53:20.372   283   665 D MtkOmxCore: +MTK_OMX_Init tick=1451642000372
01-01 12:53:20.372   283   665 D MtkOmxCore: +ParseMtkCoreConfig
01-01 12:53:20.373   283   665 D MtkOmxCore: ParseMtkCoreConfig: gCoreComponentCounts = 33
01-01 12:53:20.373   283   665 D MtkOmxCore: -ParseMtkCoreConfig
01-01 12:53:20.373   283   665 D MtkOmxCore: Mtk_OMX_Init gCoreComponents 0xafef5000
01-01 12:53:20.373   283   665 D MtkOmxCore: +++++ dump_core_comp_table +++++
01-01 12:53:20.373   283   665 D MtkOmxCore: name(OMX.MTK.VIDEO.DECODER.HEVC), role(video_decoder.hevc), path(libMtkOmxVdecEx.so)
01-01 12:53:20.373   283   665 D MtkOmxCore: name(OMX.MTK.VIDEO.DECODER.MPEG2), role(video_decoder.mpeg2), path(libMtkOmxVdecEx.so)
01-01 12:53:20.373   283   665 D MtkOmxCore: name(OMX.MTK.VIDEO.DECODER.H263), role(video_decoder.h263), path(libMtkOmxVdecEx.so)
01-01 12:53:20.373   283   665 D MtkOmxCore: name(OMX.MTK.VIDEO.DECODER.MPEG4), role(video_decoder.mpeg4), path(libMtkOmxVdecEx.so)
01-01 12:53:20.373   283   665 D MtkOmxCore: name(OMX.MTK.VIDEO.DECODER.AVC), role(video_decoder.avc), path(libMtkOmxVdecEx.so)
01-01 12:53:20.373   283   665 D MtkOmxCore: name(OMX.MTK.VIDEO.DECODER.AVC.secure), role(video_decoder.avc), path(libMtkOmxVdecEx.so)
01-01 12:53:20.373   283   665 D MtkOmxCore: name(OMX.MTK.VIDEO.DECODER.RV), role(video_decoder.rv), path(libMtkOmxVdecEx.so)
01-01 12:53:20.373   283   665 D MtkOmxCore: name(OMX.MTK.VIDEO.DECODER.VC1), role(video_decoder.vc1), path(libMtkOmxVdecEx.so)
01-01 12:53:20.373   283   665 D MtkOmxCore: name(OMX.MTK.VIDEO.DECODER.VPX), role(video_decoder.vpx), path(libMtkOmxVdecEx.so)
01-01 12:53:20.373   283   665 D MtkOmxCore: name(OMX.MTK.VIDEO.DECODER.VP9), role(video_decoder.vp9), path(libMtkOmxVdecEx.so)
01-01 12:53:20.373   283   665 D MtkOmxCore: name(OMX.MTK.VIDEO.DECODER.DIVX), role(video_decoder.divx), path(libMtkOmxVdecEx.so)
01-01 12:53:20.374   283   665 D MtkOmxCore: name(OMX.MTK.VIDEO.DECODER.DIVX3), role(video_decoder.divx3), path(libMtkOmxVdecEx.so)
01-01 12:53:20.374   283   665 D MtkOmxCore: name(OMX.MTK.VIDEO.DECODER.XVID), role(video_decoder.xvid), path(libMtkOmxVdecEx.so)
01-01 12:53:20.374   283   665 D MtkOmxCore: name(OMX.MTK.VIDEO.DECODER.S263), role(video_decoder.s263), path(libMtkOmxVdecEx.so)
01-01 12:53:20.374   283   665 D MtkOmxCore: name(OMX.MTK.AUDIO.DECODER.RA), role(audio_decoder.ra), path(libMtkOmxCookDec.so)
01-01 12:53:20.374   283   665 D MtkOmxCore: name(OMX.MTK.AUDIO.DECODER.MP3), role(audio_decoder.mp3), path(libMtkOmxMp3Dec.so)
01-01 12:53:20.374   283   665 D MtkOmxCore: name(OMX.MTK.AUDIO.DECODER.G711.ALAW), role(audio_decoder.g711), path(libMtkOmxG711Dec.so)
01-01 12:53:20.374   283   665 D MtkOmxCore: name(OMX.MTK.AUDIO.DECODER.G711.MLAW), role(audio_decoder.g711), path(libMtkOmxG711Dec.so)
01-01 12:53:20.374   283   665 D MtkOmxCore: name(OMX.MTK.AUDIO.DECODER.WMAPRO), role(audio_decoder.wma), path(libMtkOmxWmaProDec.so)
01-01 12:53:20.374   283   665 D MtkOmxCore: name(OMX.MTK.AUDIO.DECODER.WMA), role(audio_decoder.wma), path(libMtkOmxWmaDec.so)
01-01 12:53:20.374   283   665 D MtkOmxCore: name(OMX.MTK.VIDEO.ENCODER.AVC), role(video_encoder.avc), path(libMtkOmxVenc.so)
01-01 12:53:20.374   283   665 D MtkOmxCore: name(OMX.MTK.VIDEO.ENCODER.H263), role(video_encoder.h263), path(libMtkOmxVenc.so)
01-01 12:53:20.374   283   665 D MtkOmxCore: name(OMX.MTK.VIDEO.ENCODER.MPEG4), role(video_encoder.mpeg4), path(libMtkOmxVenc.so)
01-01 12:53:20.374   283   665 D MtkOmxCore: name(OMX.MTK.AUDIO.ENCODER.VORBIS), role(audio_encoder.vorbis), path(libMtkOmxVorbisEnc.so)
01-01 12:53:20.374   283   665 D MtkOmxCore: name(OMX.MTK.AUDIO.DECODER.APE), role(audio_decoder.ape), path(libMtkOmxApeDec.so)
01-01 12:53:20.374   283   665 D MtkOmxCore: name(OMX.MTK.AUDIO.DECODER.FLAC), role(audio_decoder.flac), path(libMtkOmxFlacDec.so)
01-01 12:53:20.374   283   665 D MtkOmxCore: name(OMX.MTK.AUDIO.DECODER.ADPCM.MS), role(audio_decoder.adpcm), path(libMtkOmxAdpcmDec.so)
01-01 12:53:20.374   283   665 D MtkOmxCore: name(OMX.MTK.AUDIO.DECODER.ADPCM.DVI), role(audio_decoder.adpcm), path(libMtkOmxAdpcmDec.so)
01-01 12:53:20.374   283   665 D MtkOmxCore: name(OMX.MTK.AUDIO.ENCODER.ADPCM.MS), role(audio_encoder.adpcm), path(libMtkOmxAdpcmEnc.so)
01-01 12:53:20.374   283   665 D MtkOmxCore: name(OMX.MTK.AUDIO.ENCODER.ADPCM.DVI), role(audio_encoder.adpcm), path(libMtkOmxAdpcmEnc.so)
01-01 12:53:20.374   283   665 D MtkOmxCore: name(OMX.MTK.AUDIO.DECODER.RAW), role(audio_decoder.raw), path(libMtkOmxRawDec.so)
01-01 12:53:20.374   283   665 D MtkOmxCore: name(OMX.MTK.AUDIO.DECODER.GSM), role(audio_decoder.gsm), path(libMtkOmxGsmDec.so)
01-01 12:53:20.374   283   665 D MtkOmxCore: name(OMX.MTK.AUDIO.DECODER.ALAC), role(audio_decoder.alac), path(libMtkOmxAlacDec.so)
01-01 12:53:20.374   283   665 D MtkOmxCore: ----- dump_core_comp_table -----
01-01 12:53:20.374   283   665 D MtkOmxCore: -MTK_OMX_Init tick=1451642000374
01-01 12:53:20.442   727   741 I ActivityManager: Start proc 947:org.cyanogenmod.themes.provider/u0a22 for broadcast org.cyanogenmod.themes.provider/.AppReceiver
01-01 12:53:20.523   283   665 D MtkOmxCore: Mtk_OMX_GetHandle (OMX.MTK.VIDEO.DECODER.MPEG4)
01-01 12:53:20.523   283   665 D MtkOmxCore: comp_index(3), path(libMtkOmxVdecEx.so) max_instance(8)
01-01 12:53:20.568   727   727 E NetdConnector: NDC Command {2 bandwidth enable} took too long (1346ms)
01-01 12:53:20.583   283   665 I VDO_LOG : [GetChipVerAPI][0] 335
01-01 12:53:20.583   283   665 I VDO_LOG : [GetChipVerAPI][1] 0
01-01 12:53:20.583   283   665 I VDO_LOG : [VDEC_DRV_QUERY_TYPE_CHIP_NAME] VAL_CHIP_NAME_DENALI_2
01-01 12:53:20.583   283   665 E MtkOmxVdecEx: [0xae9e7000] OmxVdecLogEnable = 1, bOmxVdecPerfLogEnable = 0
01-01 12:53:20.583   283   665 D MtkOmxVdecEx: [0xae9e7000] MtkOmxVdec::MtkOmxVdec this= 0xAE9E7000
01-01 12:53:20.583   283   665 E MtkOmxVdecEx: [0xae9e7000] [MtkOmxVdec]VAL_CHIP_NAME_DENALI_2
01-01 12:53:20.586   283   665 D MtkOmxVdecEx: [0xae9e7000] ClearMotion is not enabled. dlopen failed: library "libmjc.so" not found
01-01 12:53:20.586   283   665 D MtkOmxVdecEx: [0xae9e7000] Adaptive Playback Enable!
01-01 12:53:20.587   283   665 I VDO_LOG : [GetChipVerAPI][0] 335
01-01 12:53:20.587   283   665 E VDO_LOG : [M4U] VENC_MODULEID(25), VENC_PORTID(25)
01-01 12:53:20.587   283   665 E VDO_LOG : [M4U][0] eVencPortID(18)
01-01 12:53:20.587   283   665 E VDO_LOG : [M4U][1] eVencPortID(24)
01-01 12:53:20.587   283   665 E VDO_LOG : [M4U][2] eVencPortID(25)
01-01 12:53:20.587   283   665 E VDO_LOG : [M4U][3] eVencPortID(26)
01-01 12:53:20.587   283   665 E VDO_LOG : [M4U][4] eVencPortID(27)
01-01 12:53:20.587   283   665 D MtkOmxVdecEx: [0xae9e7000] Priority Adjustment enabled (mPendingOutputThreshold=5)!!!
01-01 12:53:20.587   283   665 D MtkOmxVdecEx: [0xae9e7000] Priority Adjustment enabled (mTimeThreshold=133000)!!!
01-01 12:53:20.587   283   665 D MtkOmxMVAMgr: [0xb06155f0] Create ion MVA Map!
01-01 12:53:20.588   283   665 D MtkOmxMVAMgr: [0xb0615640] Create ion MVA Map!
01-01 12:53:20.588   283   665 D MtkOmxVdecEx: [0xae9e7000] MtkOmxComponentCreate mCompHandle(0xAE9E7004)
01-01 12:53:20.588   283   665 E MtkOmxVdecEx: [0xae9e7000] MtkOmxVdec::ComponentInit (OMX.MTK.VIDEO.DECODER.MPEG4)
01-01 12:53:20.588   283   665 I VDO_LOG : [ION][eVideoMemAlloc] mt_ion_open, val_public i4IonDevFd = 18 
01-01 12:53:20.588   283   665 I VDO_LOG : [ION][eVideoMemAlloc] pvMemVa = 0xb0641000, pvAlignMemVa = 0xb0641000, pvMemPa = 0x1e00000, pvAlignMemPa = 0x1e00000, MemSize = 840, ByteAlignment = 1
01-01 12:53:20.588   283   665 D MtkOmxVdecEx: [0xae9e7000] MtkOmxVdec::SetConfig -> disable priority adjustment
01-01 12:53:20.588   283   665 D MtkOmxVdecEx: [0xae9e7000] allocate mFrameBuf: 0xae842000 mOutputPortDef.nBufferCountActual:11 MAX_TOTAL_BUFFER_CNT:64 sizeof(FrmBufStruct):160
01-01 12:53:20.588   283   665 D MtkOmxVdecEx: [0xae9e7000] MtkOmxVdec 0xae9e7000: pipe : 20, 21
01-01 12:53:20.588   283   665 D MtkOmxVdecEx: [0xae9e7000] MtkOmxVdec 0xae9e7000: Convert pipe : 22, 23
01-01 12:53:20.589   283   665 D MtkOmxCore: MtkOmxCoreCpuControlThread created (0xAE502930)
01-01 12:53:20.589   283   665 D MtkOmxCore: +++++ dump_inst_handle_pool +++++
01-01 12:53:20.589   283   665 D MtkOmxCore: gCoreCompInstance[0].comp_module=0x0xb06481a4, comp_handle=0x0xae9e7004, comp_name=OMX.MTK.VIDEO.DECODER.MPEG4
01-01 12:53:20.589   283   665 D MtkOmxCore: ----- dump_inst_handle_pool -----
01-01 12:53:20.589   283   665 D MtkOmxVdecEx: [0xae9e7000] SP (0x01000017) mState 1
01-01 12:53:20.589   283   665 D MtkOmxVdecEx: [0xae9e7000] GP (0x0600000F)
01-01 12:53:20.589   283   665 D MtkOmxVdecEx: [0xae9e7000] Supported nProfileIndex 0, eProfile 0x1, eLevel 0x1
01-01 12:53:20.589   283   665 D MtkOmxVdecEx: [0xae9e7000] GP (0x0600000F)
01-01 12:53:20.589   283   665 D MtkOmxVdecEx: [0xae9e7000] Supported nProfileIndex 1, eProfile 0x1, eLevel 0x2
01-01 12:53:20.589   283   665 D MtkOmxVdecEx: [0xae9e7000] GP (0x0600000F)
01-01 12:53:20.590   283   665 D MtkOmxVdecEx: [0xae9e7000] Supported nProfileIndex 2, eProfile 0x1, eLevel 0x4
01-01 12:53:20.590   283   665 D MtkOmxVdecEx: [0xae9e7000] GP (0x0600000F)
01-01 12:53:20.590   283   665 D MtkOmxVdecEx: [0xae9e7000] Supported nProfileIndex 3, eProfile 0x1, eLevel 0x8
01-01 12:53:20.590   283   665 D MtkOmxVdecEx: [0xae9e7000] GP (0x0600000F)
01-01 12:53:20.590   283   665 D MtkOmxVdecEx: [0xae9e7000] Supported nProfileIndex 4, eProfile 0x1, eLevel 0x10
01-01 12:53:20.590   283   665 D MtkOmxVdecEx: [0xae9e7000] GP (0x0600000F)
01-01 12:53:20.590   283   665 D MtkOmxVdecEx: [0xae9e7000] Supported nProfileIndex 5, eProfile 0x1, eLevel 0x20
01-01 12:53:20.590   283   665 D MtkOmxVdecEx: [0xae9e7000] GP (0x0600000F)
01-01 12:53:20.590   283   665 D MtkOmxVdecEx: [0xae9e7000] Supported nProfileIndex 6, eProfile 0x1, eLevel 0x40
01-01 12:53:20.590   283   665 D MtkOmxVdecEx: [0xae9e7000] GP (0x0600000F)
01-01 12:53:20.590   283   665 D MtkOmxVdecEx: [0xae9e7000] Supported nProfileIndex 7, eProfile 0x1, eLevel 0x80
01-01 12:53:20.590   283   665 D MtkOmxVdecEx: [0xae9e7000] GP (0x0600000F)
01-01 12:53:20.590   283   665 D MtkOmxVdecEx: [0xae9e7000] Supported nProfileIndex 8, eProfile 0x8000, eLevel 0x1
01-01 12:53:20.590   283   665 D MtkOmxVdecEx: [0xae9e7000] GP (0x0600000F)
01-01 12:53:20.590   283   665 D MtkOmxVdecEx: [0xae9e7000] Supported nProfileIndex 9, eProfile 0x8000, eLevel 0x2
01-01 12:53:20.590   283   981 D MtkOmxVdecEx: [0xae9e7000] MtkOmxVdecThread created pVdec=0xAE9E7000, tid=981
01-01 12:53:20.590   283   665 D MtkOmxVdecEx: [0xae9e7000] GP (0x0600000F)
01-01 12:53:20.590   283   665 D MtkOmxVdecEx: [0xae9e7000] Supported nProfileIndex 10, eProfile 0x8000, eLevel 0x4
01-01 12:53:20.590   283   665 D MtkOmxVdecEx: [0xae9e7000] GP (0x0600000F)
01-01 12:53:20.591   283   665 D MtkOmxVdecEx: [0xae9e7000] Supported nProfileIndex 11, eProfile 0x8000, eLevel 0x8
01-01 12:53:20.591   283   665 D MtkOmxVdecEx: [0xae9e7000] GP (0x0600000F)
01-01 12:53:20.591   283   665 D MtkOmxVdecEx: [0xae9e7000] Supported nProfileIndex 12, eProfile 0x8000, eLevel 0x10
01-01 12:53:20.591   283   665 D MtkOmxVdecEx: [0xae9e7000] GP (0x0600000F)
01-01 12:53:20.591   283   665 D MtkOmxVdecEx: [0xae9e7000] Supported nProfileIndex 13, eProfile 0x8000, eLevel 0x20
01-01 12:53:20.591   283   665 D MtkOmxVdecEx: [0xae9e7000] GP (0x0600000F)
01-01 12:53:20.591   283   665 D MtkOmxVdecEx: [0xae9e7000] Supported nProfileIndex 14, eProfile 0x8000, eLevel 0x40
01-01 12:53:20.591   283   665 D MtkOmxVdecEx: [0xae9e7000] GP (0x0600000F)
01-01 12:53:20.591   283   665 D MtkOmxVdecEx: [0xae9e7000] Supported nProfileIndex 15, eProfile 0x8000, eLevel 0x80
01-01 12:53:20.591   283   665 D MtkOmxVdecEx: [0xae9e7000] GP (0x0600000F)
01-01 12:53:20.591   283   665 D MtkOmxVdecEx: [0xae9e7000] GP (0x06000001)
01-01 12:53:20.591   283   665 E MtkOmxVdecEx: [0xae9e7000] MtkOmxVdec::GetExtensionIndex Unknown parameter name: OMX.google.android.index.configureVideoTunnelMode
01-01 12:53:20.591   283   665 E MtkOmxVdecEx: [0xae9e7000] MtkOmxVdec::GetExtensionIndex Unknown parameter name: OMX.google.android.index.useAndroidNativeBuffer2
01-01 12:53:20.591   283   665 E MtkOmxVdecEx: [0xae9e7000] MtkOmxVdec::GetExtensionIndex Unknown parameter name: OMX.google.android.index.allocateNativeHandle
01-01 12:53:20.591   283   665 D MtkOmxVdecEx: [0xae9e7000] GP (0x7F200405)
01-01 12:53:20.591   283   665 D MtkOmxVdecEx: [0xae9e7000] DescribeColorFormat 7f000001, bUsingNativeBuffers 0, mbYUV420FlexibleMode 0
01-01 12:53:20.591   283   665 E OMXNodeInstance: getParameter(f:MTK.DECODER.MPEG4, ??(0x7f200405)) ERROR: UnsupportedIndex(0x8000101a)
01-01 12:53:20.591   283   665 W ACodec  : do not know color format 0x7f000001 = 2130706433
01-01 12:53:20.591   283   665 D MtkOmxVdecEx: [0xae9e7000] GP (0x06000001)
01-01 12:53:20.591   283   982 D MtkOmxVdecEx: [0xae9e7000] MtkOmxVdecDecodeThread created pVdec=0xAE9E7000, tid=982
01-01 12:53:20.591   283   665 D MtkOmxVdecEx: [0xae9e7000] GP (0x7F200405)
01-01 12:53:20.591   283   665 D MtkOmxVdecEx: [0xae9e7000] DescribeColorFormat 13, bUsingNativeBuffers 0, mbYUV420FlexibleMode 0
01-01 12:53:20.591   283   665 E OMXNodeInstance: getParameter(f:MTK.DECODER.MPEG4, ??(0x7f200405)) ERROR: UnsupportedIndex(0x8000101a)
01-01 12:53:20.592   283   665 D MtkOmxVdecEx: [0xae9e7000] GP (0x06000001)
01-01 12:53:20.592   283   665 D MtkOmxVdecEx: [0xae9e7000] SP (0x7F000008) mState 1
01-01 12:53:20.592   283   665 D MtkOmxVdecEx: [0xae9e7000] @@ OMX_GoogleAndroidIndexstoreANWBufferInMetadata
01-01 12:53:20.592   283   665 D MtkOmxVdecEx: [0xae9e7000] @@ mStoreMetaDataInBuffers(1) for port(1)
01-01 12:53:20.592   283   665 D MtkOmxVdecEx: [0xae9e7000] MtkOmxVdec::GetState (mState=OMX_StateLoaded)
01-01 12:53:20.592   283   665 D MtkOmxCore: Mtk_OMX_FreeHandle
01-01 12:53:20.592   283   665 D MtkOmxVdecEx: [0xae9e7000] +MtkOmxVdec::ComponentDeInit
01-01 12:53:20.592   283   665 I VDO_LOG : [ION][eVideoMemFree] pvMemVa = 0xb0641000, pvAlignMemVa = 0xb0641000, pvMemPa = 0x1e00000, pvAlignMemPa = 0x1e00000, MemSize = 840
01-01 12:53:20.593   283   665 I VDO_LOG : [ION][eVideoMemFree] mt_ion_close, val_public i4IonDevFd = 18 
01-01 12:53:20.597   283   981 D MtkOmxVdecEx: [0xae9e7000] MtkOmxVdecThread terminated
01-01 12:53:20.597   283   982 D MtkOmxVdecEx: [0xae9e7000] MtkOmxVdecDecodeThread terminated pVdec=0xAE9E7000
01-01 12:53:20.597   283   983 D MtkOmxVdecEx: [0xae9e7000] MtkOmxVdecConvertThread created pVdec=0xAE9E7000, tid=983
01-01 12:53:20.597   283   983 D MtkOmxVdecEx: [0xae9e7000] MtkOmxVdecConvertThread terminated
01-01 12:53:20.607   283   665 D MtkOmxVdecEx: [0xae9e7000] -MtkOmxVdec::ComponentDeInit
01-01 12:53:20.608   283   665 D MtkOmxVdecEx: [0xae9e7000] ~MtkOmxVdec this= 0xAE9E7000
01-01 12:53:20.608   283   665 D MtkOmxMVAMgr: [0xb0615640] remove ion MVA Map, count 0
01-01 12:53:20.608   283   665 D MtkOmxMVAMgr: [0xb06155f0] remove ion MVA Map, count 0
01-01 12:53:20.608   283   984 D MtkOmxCore: ## MtkOmxCoreCpuControlThread terminated
01-01 12:53:20.608   283   665 D MtkOmxCore: free_inst_handle dlclose(0x0xb06481a4), free(0x0xae9e7004)
01-01 12:53:20.610   283   665 D MtkOmxCore: Mtk_OMX_GetHandle (OMX.MTK.VIDEO.DECODER.H263)
01-01 12:53:20.610   283   665 D MtkOmxCore: comp_index(2), path(libMtkOmxVdecEx.so) max_instance(8)
01-01 12:53:20.636   283   665 I VDO_LOG : [GetChipVerAPI][0] 335
01-01 12:53:20.636   283   665 I VDO_LOG : [GetChipVerAPI][1] 0
01-01 12:53:20.636   283   665 I VDO_LOG : [VDEC_DRV_QUERY_TYPE_CHIP_NAME] VAL_CHIP_NAME_DENALI_2
01-01 12:53:20.636   283   665 E MtkOmxVdecEx: [0xae9e7000] OmxVdecLogEnable = 1, bOmxVdecPerfLogEnable = 0
01-01 12:53:20.636   283   665 D MtkOmxVdecEx: [0xae9e7000] MtkOmxVdec::MtkOmxVdec this= 0xAE9E7000
01-01 12:53:20.636   283   665 E MtkOmxVdecEx: [0xae9e7000] [MtkOmxVdec]VAL_CHIP_NAME_DENALI_2
01-01 12:53:20.637   283   665 D MtkOmxVdecEx: [0xae9e7000] ClearMotion is not enabled. dlopen failed: library "libmjc.so" not found
01-01 12:53:20.637   283   665 D MtkOmxVdecEx: [0xae9e7000] Adaptive Playback Enable!
01-01 12:53:20.637   283   665 D MtkOmxVdecEx: [0xae9e7000] Priority Adjustment enabled (mPendingOutputThreshold=5)!!!
01-01 12:53:20.638   283   665 D MtkOmxVdecEx: [0xae9e7000] Priority Adjustment enabled (mTimeThreshold=133000)!!!
01-01 12:53:20.638   283   665 D MtkOmxMVAMgr: [0xb0615618] Create ion MVA Map!
01-01 12:53:20.638   283   665 D MtkOmxMVAMgr: [0xb06155f0] Create ion MVA Map!
01-01 12:53:20.638   283   665 D MtkOmxVdecEx: [0xae9e7000] MtkOmxComponentCreate mCompHandle(0xAE9E7004)
01-01 12:53:20.638   283   665 E MtkOmxVdecEx: [0xae9e7000] MtkOmxVdec::ComponentInit (OMX.MTK.VIDEO.DECODER.H263)
01-01 12:53:20.638   283   665 I VDO_LOG : [ION][eVideoMemAlloc] mt_ion_open, val_public i4IonDevFd = 18 
01-01 12:53:20.638   283   665 I VDO_LOG : [ION][eVideoMemAlloc] pvMemVa = 0xb0647000, pvAlignMemVa = 0xb0647000, pvMemPa = 0x1e00000, pvAlignMemPa = 0x1e00000, MemSize = 840, ByteAlignment = 1
01-01 12:53:20.639   283   665 D MtkOmxVdecEx: [0xae9e7000] MtkOmxVdec::SetConfig -> disable priority adjustment
01-01 12:53:20.640   283   665 D MtkOmxVdecEx: [0xae9e7000] allocate mFrameBuf: 0xae847000 mOutputPortDef.nBufferCountActual:7 MAX_TOTAL_BUFFER_CNT:64 sizeof(FrmBufStruct):160
01-01 12:53:20.640   283   665 D MtkOmxVdecEx: [0xae9e7000] MtkOmxVdec 0xae9e7000: pipe : 20, 21
01-01 12:53:20.640   283   665 D MtkOmxVdecEx: [0xae9e7000] MtkOmxVdec 0xae9e7000: Convert pipe : 22, 23
01-01 12:53:20.640   283   665 D MtkOmxCore: MtkOmxCoreCpuControlThread created (0xAE502930)
01-01 12:53:20.640   283   665 D MtkOmxCore: +++++ dump_inst_handle_pool +++++
01-01 12:53:20.640   283   665 D MtkOmxCore: gCoreCompInstance[0].comp_module=0x0xb0648b64, comp_handle=0x0xae9e7004, comp_name=OMX.MTK.VIDEO.DECODER.H263
01-01 12:53:20.640   283   665 D MtkOmxCore: ----- dump_inst_handle_pool -----
01-01 12:53:20.641   283   665 D MtkOmxVdecEx: [0xae9e7000] SP (0x01000017) mState 1
01-01 12:53:20.641   283   990 D MtkOmxVdecEx: [0xae9e7000] MtkOmxVdecConvertThread created pVdec=0xAE9E7000, tid=990
01-01 12:53:20.641   283   665 D MtkOmxVdecEx: [0xae9e7000] GP (0x0600000F)
01-01 12:53:20.641   283   988 D MtkOmxVdecEx: [0xae9e7000] MtkOmxVdecThread created pVdec=0xAE9E7000, tid=988
01-01 12:53:20.641   283   989 D MtkOmxVdecEx: [0xae9e7000] MtkOmxVdecDecodeThread created pVdec=0xAE9E7000, tid=989
01-01 12:53:20.642   283   665 D MtkOmxVdecEx: [0xae9e7000] Supported nProfileIndex 0, eProfile 0x1, eLevel 0x1
01-01 12:53:20.642   283   665 D MtkOmxVdecEx: [0xae9e7000] GP (0x0600000F)
01-01 12:53:20.642   283   665 D MtkOmxVdecEx: [0xae9e7000] Supported nProfileIndex 1, eProfile 0x1, eLevel 0x2
01-01 12:53:20.642   283   665 D MtkOmxVdecEx: [0xae9e7000] GP (0x0600000F)
01-01 12:53:20.642   283   665 D MtkOmxVdecEx: [0xae9e7000] Supported nProfileIndex 2, eProfile 0x1, eLevel 0x4
01-01 12:53:20.642   283   665 D MtkOmxVdecEx: [0xae9e7000] GP (0x0600000F)
01-01 12:53:20.642   283   665 D MtkOmxVdecEx: [0xae9e7000] Supported nProfileIndex 3, eProfile 0x1, eLevel 0x8
01-01 12:53:20.642   283   665 D MtkOmxVdecEx: [0xae9e7000] GP (0x0600000F)
01-01 12:53:20.642   283   665 D MtkOmxVdecEx: [0xae9e7000] Supported nProfileIndex 4, eProfile 0x1, eLevel 0x10
01-01 12:53:20.642   283   665 D MtkOmxVdecEx: [0xae9e7000] GP (0x0600000F)
01-01 12:53:20.642   283   665 D MtkOmxVdecEx: [0xae9e7000] Supported nProfileIndex 5, eProfile 0x1, eLevel 0x20
01-01 12:53:20.642   283   665 D MtkOmxVdecEx: [0xae9e7000] GP (0x0600000F)
01-01 12:53:20.642   283   665 D MtkOmxVdecEx: [0xae9e7000] Supported nProfileIndex 6, eProfile 0x1, eLevel 0x40
01-01 12:53:20.642   283   665 D MtkOmxVdecEx: [0xae9e7000] GP (0x0600000F)
01-01 12:53:20.642   283   665 D MtkOmxVdecEx: [0xae9e7000] Supported nProfileIndex 7, eProfile 0x1, eLevel 0x80
01-01 12:53:20.642   283   665 D MtkOmxVdecEx: [0xae9e7000] GP (0x0600000F)
01-01 12:53:20.643   283   665 E VDO_LOG : IN -> profile 0x00000002, level 2, resolution 0, width 0, height 0
01-01 12:53:20.643   283   665 E VDO_LOG : OUT -> profile 0x00000001, level 18, resolution 11, width 1920, height 1088
01-01 12:53:20.643   283   665 E VDO_LOG : IN -> profile 0x00000002, level 8, resolution 0, width 0, height 0
01-01 12:53:20.643   283   665 E VDO_LOG : OUT -> profile 0x00000001, level 18, resolution 11, width 1920, height 1088
01-01 12:53:20.643   283   665 E VDO_LOG : IN -> profile 0x00000002, level 8, resolution 0, width 0, height 0
01-01 12:53:20.643   283   665 E VDO_LOG : OUT -> profile 0x00000001, level 18, resolution 11, width 1920, height 1088
01-01 12:53:20.643   283   665 E VDO_LOG : IN -> profile 0x00000002, level 8, resolution 0, width 0, height 0
01-01 12:53:20.643   283   665 E VDO_LOG : OUT -> profile 0x00000001, level 18, resolution 11, width 1920, height 1088
01-01 12:53:20.643   283   665 E VDO_LOG : IN -> profile 0x00000002, level 8, resolution 0, width 0, height 0
01-01 12:53:20.643   283   665 E VDO_LOG : OUT -> profile 0x00000001, level 18, resolution 11, width 1920, height 1088
01-01 12:53:20.643   283   665 E VDO_LOG : IN -> profile 0x00000002, level 8, resolution 0, width 0, height 0
01-01 12:53:20.643   283   665 E VDO_LOG : OUT -> profile 0x00000001, level 18, resolution 11, width 1920, height 1088
01-01 12:53:20.643   283   665 E VDO_LOG : IN -> profile 0x00000002, level 13, resolution 0, width 0, height 0
01-01 12:53:20.643   283   665 E VDO_LOG : OUT -> profile 0x00000001, level 18, resolution 11, width 1920, height 1088
01-01 12:53:20.643   283   665 E VDO_LOG : IN -> profile 0x00000002, level 18, resolution 0, width 0, height 0
01-01 12:53:20.643   283   665 E VDO_LOG : OUT -> profile 0x00000001, level 18, resolution 11, width 1920, height 1088
01-01 12:53:20.643   283   665 E VDO_LOG : IN -> profile 0x00000004, level 2, resolution 0, width 0, height 0
01-01 12:53:20.643   283   665 E VDO_LOG : OUT -> profile 0x00000001, level 18, resolution 11, width 1920, height 1088
01-01 12:53:20.643   283   665 E VDO_LOG : IN -> profile 0x00000004, level 8, resolution 0, width 0, height 0
01-01 12:53:20.644   283   665 E VDO_LOG : OUT -> profile 0x00000001, level 18, resolution 11, width 1920, height 1088
01-01 12:53:20.644   283   665 E VDO_LOG : IN -> profile 0x00000004, level 8, resolution 0, width 0, height 0
01-01 12:53:20.644   283   665 E VDO_LOG : OUT -> profile 0x00000001, level 18, resolution 11, width 1920, height 1088
01-01 12:53:20.644   283   665 E VDO_LOG : IN -> profile 0x00000004, level 8, resolution 0, width 0, height 0
01-01 12:53:20.644   283   665 E VDO_LOG : OUT -> profile 0x00000001, level 18, resolution 11, width 1920, height 1088
01-01 12:53:20.644   283   665 E VDO_LOG : IN -> profile 0x00000004, level 8, resolution 0, width 0, height 0
01-01 12:53:20.644   283   665 E VDO_LOG : OUT -> profile 0x00000001, level 18, resolution 11, width 1920, height 1088
01-01 12:53:20.644   283   665 E VDO_LOG : IN -> profile 0x00000004, level 8, resolution 0, width 0, height 0
01-01 12:53:20.644   283   665 E VDO_LOG : OUT -> profile 0x00000001, level 18, resolution 11, width 1920, height 1088
01-01 12:53:20.644   283   665 E VDO_LOG : IN -> profile 0x00000004, level 13, resolution 0, width 0, height 0
01-01 12:53:20.644   283   665 E VDO_LOG : OUT -> profile 0x00000001, level 18, resolution 11, width 1920, height 1088
01-01 12:53:20.644   283   665 E VDO_LOG : IN -> profile 0x00000004, level 18, resolution 0, width 0, height 0
01-01 12:53:20.644   283   665 E VDO_LOG : OUT -> profile 0x00000001, level 18, resolution 11, width 1920, height 1088
01-01 12:53:20.644   283   665 E VDO_LOG : IN -> profile 0x00000008, level 2, resolution 0, width 0, height 0
01-01 12:53:20.644   283   665 E VDO_LOG : OUT -> profile 0x00000001, level 18, resolution 11, width 1920, height 1088
01-01 12:53:20.644   283   665 E VDO_LOG : IN -> profile 0x00000008, level 8, resolution 0, width 0, height 0
01-01 12:53:20.644   283   665 E VDO_LOG : OUT -> profile 0x00000001, level 18, resolution 11, width 1920, height 1088
01-01 12:53:20.644   283   665 E VDO_LOG : IN -> profile 0x00000008, level 8, resolution 0, width 0, height 0
01-01 12:53:20.644   283   665 E VDO_LOG : OUT -> profile 0x00000001, level 18, resolution 11, width 1920, height 1088
01-01 12:53:20.645   283   665 E VDO_LOG : IN -> profile 0x00000008, level 8, resolution 0, width 0, height 0
01-01 12:53:20.645   283   665 E VDO_LOG : OUT -> profile 0x00000001, level 18, resolution 11, width 1920, height 1088
01-01 12:53:20.645   283   665 E VDO_LOG : IN -> profile 0x00000008, level 8, resolution 0, width 0, height 0
01-01 12:53:20.645   283   665 E VDO_LOG : OUT -> profile 0x00000001, level 18, resolution 11, width 1920, height 1088
01-01 12:53:20.645   283   665 E VDO_LOG : IN -> profile 0x00000008, level 8, resolution 0, width 0, height 0
01-01 12:53:20.645   283   665 E VDO_LOG : OUT -> profile 0x00000001, level 18, resolution 11, width 1920, height 1088
01-01 12:53:20.645   283   665 E VDO_LOG : IN -> profile 0x00000008, level 13, resolution 0, width 0, height 0
01-01 12:53:20.645   283   665 E VDO_LOG : OUT -> profile 0x00000001, level 18, resolution 11, width 1920, height 1088
01-01 12:53:20.645   283   665 E VDO_LOG : IN -> profile 0x00000008, level 18, resolution 0, width 0, height 0
01-01 12:53:20.645   283   665 E VDO_LOG : OUT -> profile 0x00000001, level 18, resolution 11, width 1920, height 1088
01-01 12:53:20.645   283   665 E VDO_LOG : IN -> profile 0x00000010, level 2, resolution 0, width 0, height 0
01-01 12:53:20.645   283   665 E VDO_LOG : OUT -> profile 0x00000001, level 18, resolution 11, width 1920, height 1088
01-01 12:53:20.645   283   665 E VDO_LOG : IN -> profile 0x00000010, level 8, resolution 0, width 0, height 0
01-01 12:53:20.645   283   665 E VDO_LOG : OUT -> profile 0x00000001, level 18, resolution 11, width 1920, height 1088
01-01 12:53:20.645   283   665 E VDO_LOG : IN -> profile 0x00000010, level 8, resolution 0, width 0, height 0
01-01 12:53:20.645   283   665 E VDO_LOG : OUT -> profile 0x00000001, level 18, resolution 11, width 1920, height 1088
01-01 12:53:20.645   283   665 E VDO_LOG : IN -> profile 0x00000010, level 8, resolution 0, width 0, height 0
01-01 12:53:20.645   283   665 E VDO_LOG : OUT -> profile 0x00000001, level 18, resolution 11, width 1920, height 1088
01-01 12:53:20.645   283   665 E VDO_LOG : IN -> profile 0x00000010, level 8, resolution 0, width 0, height 0
01-01 12:53:20.646   283   665 E VDO_LOG : OUT -> profile 0x00000001, level 18, resolution 11, width 1920, height 1088
01-01 12:53:20.646   283   665 E VDO_LOG : IN -> profile 0x00000010, level 8, resolution 0, width 0, height 0
01-01 12:53:20.646   283   665 E VDO_LOG : OUT -> profile 0x00000001, level 18, resolution 11, width 1920, height 1088
01-01 12:53:20.646   283   665 E VDO_LOG : IN -> profile 0x00000010, level 13, resolution 0, width 0, height 0
01-01 12:53:20.646   283   665 E VDO_LOG : OUT -> profile 0x00000001, level 18, resolution 11, width 1920, height 1088
01-01 12:53:20.646   283   665 E VDO_LOG : IN -> profile 0x00000010, level 18, resolution 0, width 0, height 0
01-01 12:53:20.646   283   665 E VDO_LOG : OUT -> profile 0x00000001, level 18, resolution 11, width 1920, height 1088
01-01 12:53:20.646   283   665 E VDO_LOG : IN -> profile 0x00000020, level 2, resolution 0, width 0, height 0
01-01 12:53:20.646   283   665 E VDO_LOG : OUT -> profile 0x00000001, level 18, resolution 11, width 1920, height 1088
01-01 12:53:20.646   283   665 E VDO_LOG : IN -> profile 0x00000020, level 8, resolution 0, width 0, height 0
01-01 12:53:20.646   283   665 E VDO_LOG : OUT -> profile 0x00000001, level 18, resolution 11, width 1920, height 1088
01-01 12:53:20.646   283   665 E VDO_LOG : IN -> profile 0x00000020, level 8, resolution 0, width 0, height 0
01-01 12:53:20.646   283   665 E VDO_LOG : OUT -> profile 0x00000001, level 18, resolution 11, width 1920, height 1088
01-01 12:53:20.646   283   665 E VDO_LOG : IN -> profile 0x00000020, level 8, resolution 0, width 0, height 0
01-01 12:53:20.646   283   665 E VDO_LOG : OUT -> profile 0x00000001, level 18, resolution 11, width 1920, height 1088
01-01 12:53:20.647   283   665 E VDO_LOG : IN -> profile 0x00000020, level 8, resolution 0, width 0, height 0
01-01 12:53:20.647   283   665 E VDO_LOG : OUT -> profile 0x00000001, level 18, resolution 11, width 1920, height 1088
01-01 12:53:20.647   283   665 E VDO_LOG : IN -> profile 0x00000020, level 8, resolution 0, width 0, height 0
01-01 12:53:20.647   283   665 E VDO_LOG : OUT -> profile 0x00000001, level 18, resolution 11, width 1920, height 1088
01-01 12:53:20.647   283   665 E VDO_LOG : IN -> profile 0x00000020, level 13, resolution 0, width 0, height 0
01-01 12:53:20.647   283   665 E VDO_LOG : OUT -> profile 0x00000001, level 18, resolution 11, width 1920, height 1088
01-01 12:53:20.647   283   665 E VDO_LOG : IN -> profile 0x00000020, level 18, resolution 0, width 0, height 0
01-01 12:53:20.647   283   665 E VDO_LOG : OUT -> profile 0x00000001, level 18, resolution 11, width 1920, height 1088
01-01 12:53:20.647   283   665 E VDO_LOG : IN -> profile 0x00000040, level 2, resolution 0, width 0, height 0
01-01 12:53:20.647   283   665 E VDO_LOG : OUT -> profile 0x00000001, level 18, resolution 11, width 1920, height 1088
01-01 12:53:20.647   283   665 E VDO_LOG : IN -> profile 0x00000040, level 8, resolution 0, width 0, height 0
01-01 12:53:20.647   283   665 E VDO_LOG : OUT -> profile 0x00000001, level 18, resolution 11, width 1920, height 1088
01-01 12:53:20.647   283   665 E VDO_LOG : IN -> profile 0x00000040, level 8, resolution 0, width 0, height 0
01-01 12:53:20.647   283   665 E VDO_LOG : OUT -> profile 0x00000001, level 18, resolution 11, width 1920, height 1088
01-01 12:53:20.647   283   665 E VDO_LOG : IN -> profile 0x00000040, level 8, resolution 0, width 0, height 0
01-01 12:53:20.647   283   665 E VDO_LOG : OUT -> profile 0x00000001, level 18, resolution 11, width 1920, height 1088
01-01 12:53:20.647   283   665 E VDO_LOG : IN -> profile 0x00000040, level 8, resolution 0, width 0, height 0
01-01 12:53:20.647   283   665 E VDO_LOG : OUT -> profile 0x00000001, level 18, resolution 11, width 1920, height 1088
01-01 12:53:20.648   283   665 E VDO_LOG : IN -> profile 0x00000040, level 8, resolution 0, width 0, height 0
01-01 12:53:20.648   283   665 E VDO_LOG : OUT -> profile 0x00000001, level 18, resolution 11, width 1920, height 1088
01-01 12:53:20.648   283   665 E VDO_LOG : IN -> profile 0x00000040, level 13, resolution 0, width 0, height 0
01-01 12:53:20.648   283   665 E VDO_LOG : OUT -> profile 0x00000001, level 18, resolution 11, width 1920, height 1088
01-01 12:53:20.648   283   665 E VDO_LOG : IN -> profile 0x00000040, level 18, resolution 0, width 0, height 0
01-01 12:53:20.648   283   665 E VDO_LOG : OUT -> profile 0x00000001, level 18, resolution 11, width 1920, height 1088
01-01 12:53:20.648   283   665 E VDO_LOG : IN -> profile 0x00000080, level 2, resolution 0, width 0, height 0
01-01 12:53:20.648   283   665 E VDO_LOG : OUT -> profile 0x00000001, level 18, resolution 11, width 1920, height 1088
01-01 12:53:20.648   283   665 E VDO_LOG : IN -> profile 0x00000080, level 8, resolution 0, width 0, height 0
01-01 12:53:20.648   283   665 E VDO_LOG : OUT -> profile 0x00000001, level 18, resolution 11, width 1920, height 1088
01-01 12:53:20.648   283   665 E VDO_LOG : IN -> profile 0x00000080, level 8, resolution 0, width 0, height 0
01-01 12:53:20.648   283   665 E VDO_LOG : OUT -> profile 0x00000001, level 18, resolution 11, width 1920, height 1088
01-01 12:53:20.648   283   665 E VDO_LOG : IN -> profile 0x00000080, level 8, resolution 0, width 0, height 0
01-01 12:53:20.648   283   665 E VDO_LOG : OUT -> profile 0x00000001, level 18, resolution 11, width 1920, height 1088
01-01 12:53:20.648   283   665 E VDO_LOG : IN -> profile 0x00000080, level 8, resolution 0, width 0, height 0
01-01 12:53:20.648   283   665 E VDO_LOG : OUT -> profile 0x00000001, level 18, resolution 11, width 1920, height 1088
01-01 12:53:20.649   283   665 E VDO_LOG : IN -> profile 0x00000080, level 8, resolution 0, width 0, height 0
01-01 12:53:20.649   283   665 E VDO_LOG : OUT -> profile 0x00000001, level 18, resolution 11, width 1920, height 1088
01-01 12:53:20.649   283   665 E VDO_LOG : IN -> profile 0x00000080, level 13, resolution 0, width 0, height 0
01-01 12:53:20.649   283   665 E VDO_LOG : OUT -> profile 0x00000001, level 18, resolution 11, width 1920, height 1088
01-01 12:53:20.649   283   665 E VDO_LOG : IN -> profile 0x00000080, level 18, resolution 0, width 0, height 0
01-01 12:53:20.649   283   665 E VDO_LOG : OUT -> profile 0x00000001, level 18, resolution 11, width 1920, height 1088
01-01 12:53:20.649   283   665 E VDO_LOG : IN -> profile 0x00000100, level 2, resolution 0, width 0, height 0
01-01 12:53:20.649   283   665 E VDO_LOG : OUT -> profile 0x00000001, level 18, resolution 11, width 1920, height 1088
01-01 12:53:20.649   283   665 E VDO_LOG : IN -> profile 0x00000100, level 8, resolution 0, width 0, height 0
01-01 12:53:20.649   283   665 E VDO_LOG : OUT -> profile 0x00000001, level 18, resolution 11, width 1920, height 1088
01-01 12:53:20.649   283   665 E VDO_LOG : IN -> profile 0x00000100, level 8, resolution 0, width 0, height 0
01-01 12:53:20.649   283   665 E VDO_LOG : OUT -> profile 0x00000001, level 18, resolution 11, width 1920, height 1088
01-01 12:53:20.649   283   665 E VDO_LOG : IN -> profile 0x00000100, level 8, resolution 0, width 0, height 0
01-01 12:53:20.649   283   665 E VDO_LOG : OUT -> profile 0x00000001, level 18, resolution 11, width 1920, height 1088
01-01 12:53:20.649   283   665 E VDO_LOG : IN -> profile 0x00000100, level 8, resolution 0, width 0, height 0
01-01 12:53:20.649   283   665 E VDO_LOG : OUT -> profile 0x00000001, level 18, resolution 11, width 1920, height 1088
01-01 12:53:20.649   283   665 E VDO_LOG : IN -> profile 0x00000100, level 8, resolution 0, width 0, height 0
01-01 12:53:20.650   283   665 E VDO_LOG : OUT -> profile 0x00000001, level 18, resolution 11, width 1920, height 1088
01-01 12:53:20.650   283   665 E VDO_LOG : IN -> profile 0x00000100, level 13, resolution 0, width 0, height 0
01-01 12:53:20.650   283   665 E VDO_LOG : OUT -> profile 0x00000001, level 18, resolution 11, width 1920, height 1088
01-01 12:53:20.650   283   665 E VDO_LOG : IN -> profile 0x00000100, level 18, resolution 0, width 0, height 0
01-01 12:53:20.650   283   665 E VDO_LOG : OUT -> profile 0x00000001, level 18, resolution 11, width 1920, height 1088
01-01 12:53:20.650   283   665 D MtkOmxVdecEx: [0xae9e7000] GP (0x06000001)
01-01 12:53:20.650   283   665 E MtkOmxVdecEx: [0xae9e7000] MtkOmxVdec::GetExtensionIndex Unknown parameter name: OMX.google.android.index.configureVideoTunnelMode
01-01 12:53:20.650   283   665 E MtkOmxVdecEx: [0xae9e7000] MtkOmxVdec::GetExtensionIndex Unknown parameter name: OMX.google.android.index.useAndroidNativeBuffer2
01-01 12:53:20.650   283   665 E MtkOmxVdecEx: [0xae9e7000] MtkOmxVdec::GetExtensionIndex Unknown parameter name: OMX.google.android.index.allocateNativeHandle
01-01 12:53:20.650   283   665 D MtkOmxVdecEx: [0xae9e7000] GP (0x7F200405)
01-01 12:53:20.650   283   665 D MtkOmxVdecEx: [0xae9e7000] DescribeColorFormat 7f000001, bUsingNativeBuffers 0, mbYUV420FlexibleMode 0
01-01 12:53:20.650   283   665 E OMXNodeInstance: getParameter(10:MTK.DECODER.H263, ??(0x7f200405)) ERROR: UnsupportedIndex(0x8000101a)
01-01 12:53:20.650   283   665 W ACodec  : do not know color format 0x7f000001 = 2130706433
01-01 12:53:20.650   283   665 D MtkOmxVdecEx: [0xae9e7000] GP (0x06000001)
01-01 12:53:20.650   283   665 D MtkOmxVdecEx: [0xae9e7000] GP (0x7F200405)
01-01 12:53:20.650   283   665 D MtkOmxVdecEx: [0xae9e7000] DescribeColorFormat 13, bUsingNativeBuffers 0, mbYUV420FlexibleMode 0
01-01 12:53:20.650   283   665 E OMXNodeInstance: getParameter(10:MTK.DECODER.H263, ??(0x7f200405)) ERROR: UnsupportedIndex(0x8000101a)
01-01 12:53:20.650   283   665 D MtkOmxVdecEx: [0xae9e7000] GP (0x06000001)
01-01 12:53:20.650   283   665 D MtkOmxVdecEx: [0xae9e7000] SP (0x7F000008) mState 1
01-01 12:53:20.650   283   665 D MtkOmxVdecEx: [0xae9e7000] @@ OMX_GoogleAndroidIndexstoreANWBufferInMetadata
01-01 12:53:20.650   283   665 D MtkOmxVdecEx: [0xae9e7000] @@ mStoreMetaDataInBuffers(1) for port(1)
01-01 12:53:20.650   283   665 D MtkOmxVdecEx: [0xae9e7000] MtkOmxVdec::GetState (mState=OMX_StateLoaded)
01-01 12:53:20.651   283   665 D MtkOmxCore: Mtk_OMX_FreeHandle
01-01 12:53:20.651   283   665 D MtkOmxVdecEx: [0xae9e7000] +MtkOmxVdec::ComponentDeInit
01-01 12:53:20.651   283   665 I VDO_LOG : [ION][eVideoMemFree] pvMemVa = 0xb0647000, pvAlignMemVa = 0xb0647000, pvMemPa = 0x1e00000, pvAlignMemPa = 0x1e00000, MemSize = 840
01-01 12:53:20.651   283   665 I VDO_LOG : [ION][eVideoMemFree] mt_ion_close, val_public i4IonDevFd = 18 
01-01 12:53:20.651   283   990 D MtkOmxVdecEx: [0xae9e7000] MtkOmxVdecConvertThread terminated
01-01 12:53:20.651   283   989 D MtkOmxVdecEx: [0xae9e7000] MtkOmxVdecDecodeThread terminated pVdec=0xAE9E7000
01-01 12:53:20.651   283   988 D MtkOmxVdecEx: [0xae9e7000] MtkOmxVdecThread terminated
01-01 12:53:20.663   283   665 D MtkOmxVdecEx: [0xae9e7000] -MtkOmxVdec::ComponentDeInit
01-01 12:53:20.663   283   665 D MtkOmxVdecEx: [0xae9e7000] ~MtkOmxVdec this= 0xAE9E7000
01-01 12:53:20.663   283   665 D MtkOmxMVAMgr: [0xb06155f0] remove ion MVA Map, count 0
01-01 12:53:20.663   283   665 D MtkOmxMVAMgr: [0xb0615618] remove ion MVA Map, count 0
01-01 12:53:20.663   283   991 D MtkOmxCore: ## MtkOmxCoreCpuControlThread terminated
01-01 12:53:20.664   283   665 D MtkOmxCore: free_inst_handle dlclose(0x0xb0648b64), free(0x0xae9e7004)
01-01 12:53:20.665   283   665 D MtkOmxCore: Mtk_OMX_GetHandle (OMX.MTK.VIDEO.DECODER.AVC)
01-01 12:53:20.665   283   665 D MtkOmxCore: comp_index(4), path(libMtkOmxVdecEx.so) max_instance(8)
01-01 12:53:20.669   947   947 I art     : Late-enabling JIT
01-01 12:53:20.692   947   947 I art     : JIT created with code_cache_capacity=2MB compile_threshold=1000
01-01 12:53:20.697   283   665 I VDO_LOG : [GetChipVerAPI][0] 335
01-01 12:53:20.698   283   665 I VDO_LOG : [GetChipVerAPI][1] 0
01-01 12:53:20.698   283   665 I VDO_LOG : [VDEC_DRV_QUERY_TYPE_CHIP_NAME] VAL_CHIP_NAME_DENALI_2
01-01 12:53:20.698   283   665 E MtkOmxVdecEx: [0xae9e7000] OmxVdecLogEnable = 1, bOmxVdecPerfLogEnable = 0
01-01 12:53:20.698   283   665 D MtkOmxVdecEx: [0xae9e7000] MtkOmxVdec::MtkOmxVdec this= 0xAE9E7000
01-01 12:53:20.698   283   665 E MtkOmxVdecEx: [0xae9e7000] [MtkOmxVdec]VAL_CHIP_NAME_DENALI_2
01-01 12:53:20.699   283   665 D MtkOmxVdecEx: [0xae9e7000] ClearMotion is not enabled. dlopen failed: library "libmjc.so" not found
01-01 12:53:20.699   283   665 D MtkOmxVdecEx: [0xae9e7000] Adaptive Playback Enable!
01-01 12:53:20.699   283   665 D MtkOmxVdecEx: [0xae9e7000] Priority Adjustment enabled (mPendingOutputThreshold=5)!!!
01-01 12:53:20.699   283   665 D MtkOmxVdecEx: [0xae9e7000] Priority Adjustment enabled (mTimeThreshold=133000)!!!
01-01 12:53:20.699   283   665 D MtkOmxMVAMgr: [0xb0615668] Create ion MVA Map!
01-01 12:53:20.699   283   665 D MtkOmxMVAMgr: [0xb0615618] Create ion MVA Map!
01-01 12:53:20.699   283   665 D MtkOmxVdecEx: [0xae9e7000] MtkOmxComponentCreate mCompHandle(0xAE9E7004)
01-01 12:53:20.699   283   665 E MtkOmxVdecEx: [0xae9e7000] MtkOmxVdec::ComponentInit (OMX.MTK.VIDEO.DECODER.AVC)
01-01 12:53:20.699   283   665 I VDO_LOG : [ION][eVideoMemAlloc] mt_ion_open, val_public i4IonDevFd = 18 
01-01 12:53:20.699   283   665 I VDO_LOG : [ION][eVideoMemAlloc] pvMemVa = 0xb0647000, pvAlignMemVa = 0xb0647000, pvMemPa = 0x1e00000, pvAlignMemPa = 0x1e00000, MemSize = 840, ByteAlignment = 1
01-01 12:53:20.700   283   665 D MtkOmxVdecEx: [0xae9e7000] MtkOmxVdec::SetConfig -> disable priority adjustment
01-01 12:53:20.700   283   665 D MtkOmxVdecEx: [0xae9e7000] allocate mFrameBuf: 0xae842000 mOutputPortDef.nBufferCountActual:21 MAX_TOTAL_BUFFER_CNT:64 sizeof(FrmBufStruct):160
01-01 12:53:20.700   283   665 D MtkOmxVdecEx: [0xae9e7000] MtkOmxVdec 0xae9e7000: pipe : 20, 21
01-01 12:53:20.700   283   665 D MtkOmxVdecEx: [0xae9e7000] MtkOmxVdec 0xae9e7000: Convert pipe : 22, 23
01-01 12:53:20.700   283   996 D MtkOmxVdecEx: [0xae9e7000] MtkOmxVdecThread created pVdec=0xAE9E7000, tid=996
01-01 12:53:20.700   283   665 D MtkOmxCore: MtkOmxCoreCpuControlThread created (0xAE502930)
01-01 12:53:20.700   283   665 D MtkOmxCore: +++++ dump_inst_handle_pool +++++
01-01 12:53:20.700   283   665 D MtkOmxCore: gCoreCompInstance[0].comp_module=0x0xb06481a4, comp_handle=0x0xae9e7004, comp_name=OMX.MTK.VIDEO.DECODER.AVC
01-01 12:53:20.700   283   665 D MtkOmxCore: ----- dump_inst_handle_pool -----
01-01 12:53:20.701   283   665 D MtkOmxVdecEx: [0xae9e7000] SP (0x01000017) mState 1
01-01 12:53:20.701   283   665 D MtkOmxVdecEx: [0xae9e7000] GP (0x0600000F)
01-01 12:53:20.701   283   665 D MtkOmxVdecEx: [0xae9e7000] Supported nProfileIndex 0, eProfile 0x1, eLevel 0x1
01-01 12:53:20.701   283   665 D MtkOmxVdecEx: [0xae9e7000] GP (0x0600000F)
01-01 12:53:20.701   283   665 D MtkOmxVdecEx: [0xae9e7000] Supported nProfileIndex 1, eProfile 0x1, eLevel 0x2
01-01 12:53:20.701   283   665 D MtkOmxVdecEx: [0xae9e7000] GP (0x0600000F)
01-01 12:53:20.701   283   665 D MtkOmxVdecEx: [0xae9e7000] Supported nProfileIndex 2, eProfile 0x1, eLevel 0x4
01-01 12:53:20.701   283   665 D MtkOmxVdecEx: [0xae9e7000] GP (0x0600000F)
01-01 12:53:20.701   283   665 D MtkOmxVdecEx: [0xae9e7000] Supported nProfileIndex 3, eProfile 0x1, eLevel 0x8
01-01 12:53:20.701   283   665 D MtkOmxVdecEx: [0xae9e7000] GP (0x0600000F)
01-01 12:53:20.701   283   665 D MtkOmxVdecEx: [0xae9e7000] Supported nProfileIndex 4, eProfile 0x1, eLevel 0x10
01-01 12:53:20.701   283   665 D MtkOmxVdecEx: [0xae9e7000] GP (0x0600000F)
01-01 12:53:20.701   283   665 D MtkOmxVdecEx: [0xae9e7000] Supported nProfileIndex 5, eProfile 0x1, eLevel 0x20
01-01 12:53:20.701   283   665 D MtkOmxVdecEx: [0xae9e7000] GP (0x0600000F)
01-01 12:53:20.701   283   665 D MtkOmxVdecEx: [0xae9e7000] Supported nProfileIndex 6, eProfile 0x1, eLevel 0x40
01-01 12:53:20.701   283   665 D MtkOmxVdecEx: [0xae9e7000] GP (0x0600000F)
01-01 12:53:20.701   283   665 D MtkOmxVdecEx: [0xae9e7000] Supported nProfileIndex 7, eProfile 0x1, eLevel 0x80
01-01 12:53:20.701   283   665 D MtkOmxVdecEx: [0xae9e7000] GP (0x0600000F)
01-01 12:53:20.702   283   665 D MtkOmxVdecEx: [0xae9e7000] Supported nProfileIndex 8, eProfile 0x1, eLevel 0x100
01-01 12:53:20.702   283   665 D MtkOmxVdecEx: [0xae9e7000] GP (0x0600000F)
01-01 12:53:20.702   283   665 D MtkOmxVdecEx: [0xae9e7000] Supported nProfileIndex 9, eProfile 0x1, eLevel 0x200
01-01 12:53:20.702   283   665 D MtkOmxVdecEx: [0xae9e7000] GP (0x0600000F)
01-01 12:53:20.702   283   665 D MtkOmxVdecEx: [0xae9e7000] Supported nProfileIndex 10, eProfile 0x1, eLevel 0x400
01-01 12:53:20.702   283   665 D MtkOmxVdecEx: [0xae9e7000] GP (0x0600000F)
01-01 12:53:20.702   283   665 D MtkOmxVdecEx: [0xae9e7000] Supported nProfileIndex 11, eProfile 0x1, eLevel 0x800
01-01 12:53:20.702   283   665 D MtkOmxVdecEx: [0xae9e7000] GP (0x0600000F)
01-01 12:53:20.702   283   665 D MtkOmxVdecEx: [0xae9e7000] Supported nProfileIndex 12, eProfile 0x1, eLevel 0x1000
01-01 12:53:20.702   283   665 D MtkOmxVdecEx: [0xae9e7000] GP (0x0600000F)
01-01 12:53:20.702   283   665 D MtkOmxVdecEx: [0xae9e7000] Supported nProfileIndex 13, eProfile 0x1, eLevel 0x2000
01-01 12:53:20.702   283   665 D MtkOmxVdecEx: [0xae9e7000] GP (0x0600000F)
01-01 12:53:20.702   283   665 D MtkOmxVdecEx: [0xae9e7000] Supported nProfileIndex 14, eProfile 0x1, eLevel 0x4000
01-01 12:53:20.702   283   665 D MtkOmxVdecEx: [0xae9e7000] GP (0x0600000F)
01-01 12:53:20.702   283   665 E VDO_LOG : IN -> profile 0x00000001, level 25, resolution 0, width 0, height 0
01-01 12:53:20.702   283   665 E VDO_LOG : OUT -> profile 0x00000017, level 23, resolution 11, width 1920, height 1088
01-01 12:53:20.702   283   665 D MtkOmxVdecEx: [0xae9e7000] Supported nProfileIndex 16, eProfile 0x2, eLevel 0x1
01-01 12:53:20.702   283   665 D MtkOmxVdecEx: [0xae9e7000] GP (0x0600000F)
01-01 12:53:20.702   283   665 D MtkOmxVdecEx: [0xae9e7000] Supported nProfileIndex 17, eProfile 0x2, eLevel 0x2
01-01 12:53:20.702   283   665 D MtkOmxVdecEx: [0xae9e7000] GP (0x0600000F)
01-01 12:53:20.703   283   665 D MtkOmxVdecEx: [0xae9e7000] Supported nProfileIndex 18, eProfile 0x2, eLevel 0x4
01-01 12:53:20.703   283   665 D MtkOmxVdecEx: [0xae9e7000] GP (0x0600000F)
