01-01 12:53:20.703   283   665 D MtkOmxVdecEx: [0xae9e7000] Supported nProfileIndex 19, eProfile 0x2, eLevel 0x8
01-01 12:53:20.703   283   997 D MtkOmxVdecEx: [0xae9e7000] MtkOmxVdecDecodeThread created pVdec=0xAE9E7000, tid=997
01-01 12:53:20.703   283   665 D MtkOmxVdecEx: [0xae9e7000] GP (0x0600000F)
01-01 12:53:20.703   283   665 D MtkOmxVdecEx: [0xae9e7000] Supported nProfileIndex 20, eProfile 0x2, eLevel 0x10
01-01 12:53:20.703   283   665 D MtkOmxVdecEx: [0xae9e7000] GP (0x0600000F)
01-01 12:53:20.703   283   665 D MtkOmxVdecEx: [0xae9e7000] Supported nProfileIndex 21, eProfile 0x2, eLevel 0x20
01-01 12:53:20.703   283   665 D MtkOmxVdecEx: [0xae9e7000] GP (0x0600000F)
01-01 12:53:20.703   283   665 D MtkOmxVdecEx: [0xae9e7000] Supported nProfileIndex 22, eProfile 0x2, eLevel 0x40
01-01 12:53:20.703   283   665 D MtkOmxVdecEx: [0xae9e7000] GP (0x0600000F)
01-01 12:53:20.703   283   665 D MtkOmxVdecEx: [0xae9e7000] Supported nProfileIndex 23, eProfile 0x2, eLevel 0x80
01-01 12:53:20.703   283   665 D MtkOmxVdecEx: [0xae9e7000] GP (0x0600000F)
01-01 12:53:20.703   283   665 D MtkOmxVdecEx: [0xae9e7000] Supported nProfileIndex 24, eProfile 0x2, eLevel 0x100
01-01 12:53:20.703   283   665 D MtkOmxVdecEx: [0xae9e7000] GP (0x0600000F)
01-01 12:53:20.703   283   665 D MtkOmxVdecEx: [0xae9e7000] Supported nProfileIndex 25, eProfile 0x2, eLevel 0x200
01-01 12:53:20.703   283   665 D MtkOmxVdecEx: [0xae9e7000] GP (0x0600000F)
01-01 12:53:20.703   283   665 D MtkOmxVdecEx: [0xae9e7000] Supported nProfileIndex 26, eProfile 0x2, eLevel 0x400
01-01 12:53:20.703   283   665 D MtkOmxVdecEx: [0xae9e7000] GP (0x0600000F)
01-01 12:53:20.703   283   665 D MtkOmxVdecEx: [0xae9e7000] Supported nProfileIndex 27, eProfile 0x2, eLevel 0x800
01-01 12:53:20.703   283   665 D MtkOmxVdecEx: [0xae9e7000] GP (0x0600000F)
01-01 12:53:20.703   283   665 D MtkOmxVdecEx: [0xae9e7000] Supported nProfileIndex 28, eProfile 0x2, eLevel 0x1000
01-01 12:53:20.703   283   665 D MtkOmxVdecEx: [0xae9e7000] GP (0x0600000F)
01-01 12:53:20.704   283   665 D MtkOmxVdecEx: [0xae9e7000] Supported nProfileIndex 29, eProfile 0x2, eLevel 0x2000
01-01 12:53:20.704   283   665 D MtkOmxVdecEx: [0xae9e7000] GP (0x0600000F)
01-01 12:53:20.704   279   724 I iptables: iptables: No chain/target/match by that name.
01-01 12:53:20.704   283   665 D MtkOmxVdecEx: [0xae9e7000] Supported nProfileIndex 30, eProfile 0x2, eLevel 0x4000
01-01 12:53:20.704   283   665 D MtkOmxVdecEx: [0xae9e7000] GP (0x0600000F)
01-01 12:53:20.704   283   665 E VDO_LOG : IN -> profile 0x00000004, level 25, resolution 0, width 0, height 0
01-01 12:53:20.704   279   724 I iptables: iptables terminated by exit(1)
01-01 12:53:20.704   283   665 E VDO_LOG : OUT -> profile 0x00000017, level 23, resolution 11, width 1920, height 1088
01-01 12:53:20.704   283   665 E VDO_LOG : IN -> profile 0x00000008, level 2, resolution 0, width 0, height 0
01-01 12:53:20.704   283   665 E VDO_LOG : OUT -> profile 0x00000017, level 23, resolution 11, width 1920, height 1088
01-01 12:53:20.704   283   665 E VDO_LOG : IN -> profile 0x00000008, level 4, resolution 0, width 0, height 0
01-01 12:53:20.704   279   724 E Netd    : exec() res=0, status=256 for /system/bin/iptables -w -F st_penalty_log 
01-01 12:53:20.704   283   665 E VDO_LOG : OUT -> profile 0x00000017, level 23, resolution 11, width 1920, height 1088
01-01 12:53:20.704   283   665 E VDO_LOG : IN -> profile 0x00000008, level 5, resolution 0, width 0, height 0
01-01 12:53:20.704   283   665 E VDO_LOG : OUT -> profile 0x00000017, level 23, resolution 11, width 1920, height 1088
01-01 12:53:20.704   283   665 E VDO_LOG : IN -> profile 0x00000008, level 6, resolution 0, width 0, height 0
01-01 12:53:20.704   283   665 E VDO_LOG : OUT -> profile 0x00000017, level 23, resolution 11, width 1920, height 1088
01-01 12:53:20.704   283   665 E VDO_LOG : IN -> profile 0x00000008, level 7, resolution 0, width 0, height 0
01-01 12:53:20.704   283   665 E VDO_LOG : OUT -> profile 0x00000017, level 23, resolution 11, width 1920, height 1088
01-01 12:53:20.704   283   665 E VDO_LOG : IN -> profile 0x00000008, level 8, resolution 0, width 0, height 0
01-01 12:53:20.704   283   665 E VDO_LOG : OUT -> profile 0x00000017, level 23, resolution 11, width 1920, height 1088
01-01 12:53:20.705   283   665 E VDO_LOG : IN -> profile 0x00000008, level 10, resolution 0, width 0, height 0
01-01 12:53:20.705   283   665 E VDO_LOG : OUT -> profile 0x00000017, level 23, resolution 11, width 1920, height 1088
01-01 12:53:20.705   283   665 E VDO_LOG : IN -> profile 0x00000008, level 12, resolution 0, width 0, height 0
01-01 12:53:20.705   283   665 E VDO_LOG : OUT -> profile 0x00000017, level 23, resolution 11, width 1920, height 1088
01-01 12:53:20.705   283   665 E VDO_LOG : IN -> profile 0x00000008, level 13, resolution 0, width 0, height 0
01-01 12:53:20.705   283   665 E VDO_LOG : OUT -> profile 0x00000017, level 23, resolution 11, width 1920, height 1088
01-01 12:53:20.705   283   665 E VDO_LOG : IN -> profile 0x00000008, level 15, resolution 0, width 0, height 0
01-01 12:53:20.705   283   665 E VDO_LOG : OUT -> profile 0x00000017, level 23, resolution 11, width 1920, height 1088
01-01 12:53:20.705   283   665 E VDO_LOG : IN -> profile 0x00000008, level 17, resolution 0, width 0, height 0
01-01 12:53:20.705   283   665 E VDO_LOG : OUT -> profile 0x00000017, level 23, resolution 11, width 1920, height 1088
01-01 12:53:20.705   283   665 E VDO_LOG : IN -> profile 0x00000008, level 18, resolution 0, width 0, height 0
01-01 12:53:20.705   283   665 E VDO_LOG : OUT -> profile 0x00000017, level 23, resolution 11, width 1920, height 1088
01-01 12:53:20.705   283   665 E VDO_LOG : IN -> profile 0x00000008, level 20, resolution 0, width 0, height 0
01-01 12:53:20.705   283   665 E VDO_LOG : OUT -> profile 0x00000017, level 23, resolution 11, width 1920, height 1088
01-01 12:53:20.705   283   665 E VDO_LOG : IN -> profile 0x00000008, level 22, resolution 0, width 0, height 0
01-01 12:53:20.706   283   665 E VDO_LOG : OUT -> profile 0x00000017, level 23, resolution 11, width 1920, height 1088
01-01 12:53:20.706   283   665 E VDO_LOG : IN -> profile 0x00000008, level 23, resolution 0, width 0, height 0
01-01 12:53:20.706   283   665 E VDO_LOG : OUT -> profile 0x00000017, level 23, resolution 11, width 1920, height 1088
01-01 12:53:20.706   283   998 D MtkOmxVdecEx: [0xae9e7000] MtkOmxVdecConvertThread created pVdec=0xAE9E7000, tid=998
01-01 12:53:20.706   283   665 E VDO_LOG : IN -> profile 0x00000008, level 25, resolution 0, width 0, height 0
01-01 12:53:20.706   283   665 E VDO_LOG : OUT -> profile 0x00000017, level 23, resolution 11, width 1920, height 1088
01-01 12:53:20.707   283   665 D MtkOmxVdecEx: [0xae9e7000] Supported nProfileIndex 48, eProfile 0x8, eLevel 0x1
01-01 12:53:20.707   283   665 D MtkOmxVdecEx: [0xae9e7000] GP (0x0600000F)
01-01 12:53:20.707   283   665 D MtkOmxVdecEx: [0xae9e7000] Supported nProfileIndex 49, eProfile 0x8, eLevel 0x2
01-01 12:53:20.707   283   665 D MtkOmxVdecEx: [0xae9e7000] GP (0x0600000F)
01-01 12:53:20.707   283   665 D MtkOmxVdecEx: [0xae9e7000] Supported nProfileIndex 50, eProfile 0x8, eLevel 0x4
01-01 12:53:20.707   283   665 D MtkOmxVdecEx: [0xae9e7000] GP (0x0600000F)
01-01 12:53:20.707   283   665 D MtkOmxVdecEx: [0xae9e7000] Supported nProfileIndex 51, eProfile 0x8, eLevel 0x8
01-01 12:53:20.707   283   665 D MtkOmxVdecEx: [0xae9e7000] GP (0x0600000F)
01-01 12:53:20.707   283   665 D MtkOmxVdecEx: [0xae9e7000] Supported nProfileIndex 52, eProfile 0x8, eLevel 0x10
01-01 12:53:20.707   283   665 D MtkOmxVdecEx: [0xae9e7000] GP (0x0600000F)
01-01 12:53:20.707   283   665 D MtkOmxVdecEx: [0xae9e7000] Supported nProfileIndex 53, eProfile 0x8, eLevel 0x20
01-01 12:53:20.707   283   665 D MtkOmxVdecEx: [0xae9e7000] GP (0x0600000F)
01-01 12:53:20.707   283   665 D MtkOmxVdecEx: [0xae9e7000] Supported nProfileIndex 54, eProfile 0x8, eLevel 0x40
01-01 12:53:20.707   283   665 D MtkOmxVdecEx: [0xae9e7000] GP (0x0600000F)
01-01 12:53:20.707   283   665 D MtkOmxVdecEx: [0xae9e7000] Supported nProfileIndex 55, eProfile 0x8, eLevel 0x80
01-01 12:53:20.707   283   665 D MtkOmxVdecEx: [0xae9e7000] GP (0x0600000F)
01-01 12:53:20.708   283   665 D MtkOmxVdecEx: [0xae9e7000] Supported nProfileIndex 56, eProfile 0x8, eLevel 0x100
01-01 12:53:20.708   283   665 D MtkOmxVdecEx: [0xae9e7000] GP (0x0600000F)
01-01 12:53:20.708   283   665 D MtkOmxVdecEx: [0xae9e7000] Supported nProfileIndex 57, eProfile 0x8, eLevel 0x200
01-01 12:53:20.708   283   665 D MtkOmxVdecEx: [0xae9e7000] GP (0x0600000F)
01-01 12:53:20.708   283   665 D MtkOmxVdecEx: [0xae9e7000] Supported nProfileIndex 58, eProfile 0x8, eLevel 0x400
01-01 12:53:20.708   283   665 D MtkOmxVdecEx: [0xae9e7000] GP (0x0600000F)
01-01 12:53:20.708   283   665 D MtkOmxVdecEx: [0xae9e7000] Supported nProfileIndex 59, eProfile 0x8, eLevel 0x800
01-01 12:53:20.708   283   665 D MtkOmxVdecEx: [0xae9e7000] GP (0x0600000F)
01-01 12:53:20.708   283   665 D MtkOmxVdecEx: [0xae9e7000] Supported nProfileIndex 60, eProfile 0x8, eLevel 0x1000
01-01 12:53:20.708   283   665 D MtkOmxVdecEx: [0xae9e7000] GP (0x0600000F)
01-01 12:53:20.708   283   665 D MtkOmxVdecEx: [0xae9e7000] Supported nProfileIndex 61, eProfile 0x8, eLevel 0x2000
01-01 12:53:20.708   283   665 D MtkOmxVdecEx: [0xae9e7000] GP (0x0600000F)
01-01 12:53:20.708   283   665 D MtkOmxVdecEx: [0xae9e7000] Supported nProfileIndex 62, eProfile 0x8, eLevel 0x4000
01-01 12:53:20.708   283   665 D MtkOmxVdecEx: [0xae9e7000] GP (0x0600000F)
01-01 12:53:20.708   283   665 E VDO_LOG : IN -> profile 0x00000010, level 25, resolution 0, width 0, height 0
01-01 12:53:20.708   283   665 E VDO_LOG : OUT -> profile 0x00000017, level 23, resolution 11, width 1920, height 1088
01-01 12:53:20.708   283   665 E VDO_LOG : IN -> profile 0x00000020, level 2, resolution 0, width 0, height 0
01-01 12:53:20.708   283   665 E VDO_LOG : OUT -> profile 0x00000017, level 23, resolution 11, width 1920, height 1088
01-01 12:53:20.709   283   665 E VDO_LOG : IN -> profile 0x00000020, level 4, resolution 0, width 0, height 0
01-01 12:53:20.709   283   665 E VDO_LOG : OUT -> profile 0x00000017, level 23, resolution 11, width 1920, height 1088
01-01 12:53:20.709   283   665 E VDO_LOG : IN -> profile 0x00000020, level 5, resolution 0, width 0, height 0
01-01 12:53:20.709   283   665 E VDO_LOG : OUT -> profile 0x00000017, level 23, resolution 11, width 1920, height 1088
01-01 12:53:20.709   283   665 E VDO_LOG : IN -> profile 0x00000020, level 6, resolution 0, width 0, height 0
01-01 12:53:20.709   283   665 E VDO_LOG : OUT -> profile 0x00000017, level 23, resolution 11, width 1920, height 1088
01-01 12:53:20.709   283   665 E VDO_LOG : IN -> profile 0x00000020, level 7, resolution 0, width 0, height 0
01-01 12:53:20.709   283   665 E VDO_LOG : OUT -> profile 0x00000017, level 23, resolution 11, width 1920, height 1088
01-01 12:53:20.709   283   665 E VDO_LOG : IN -> profile 0x00000020, level 8, resolution 0, width 0, height 0
01-01 12:53:20.709   283   665 E VDO_LOG : OUT -> profile 0x00000017, level 23, resolution 11, width 1920, height 1088
01-01 12:53:20.709   283   665 E VDO_LOG : IN -> profile 0x00000020, level 10, resolution 0, width 0, height 0
01-01 12:53:20.709   283   665 E VDO_LOG : OUT -> profile 0x00000017, level 23, resolution 11, width 1920, height 1088
01-01 12:53:20.709   283   665 E VDO_LOG : IN -> profile 0x00000020, level 12, resolution 0, width 0, height 0
01-01 12:53:20.709   283   665 E VDO_LOG : OUT -> profile 0x00000017, level 23, resolution 11, width 1920, height 1088
01-01 12:53:20.709   283   665 E VDO_LOG : IN -> profile 0x00000020, level 13, resolution 0, width 0, height 0
01-01 12:53:20.709   283   665 E VDO_LOG : OUT -> profile 0x00000017, level 23, resolution 11, width 1920, height 1088
01-01 12:53:20.710   283   665 E VDO_LOG : IN -> profile 0x00000020, level 15, resolution 0, width 0, height 0
01-01 12:53:20.710   283   665 E VDO_LOG : OUT -> profile 0x00000017, level 23, resolution 11, width 1920, height 1088
01-01 12:53:20.710   283   665 E VDO_LOG : IN -> profile 0x00000020, level 17, resolution 0, width 0, height 0
01-01 12:53:20.710   283   665 E VDO_LOG : OUT -> profile 0x00000017, level 23, resolution 11, width 1920, height 1088
01-01 12:53:20.710   283   665 E VDO_LOG : IN -> profile 0x00000020, level 18, resolution 0, width 0, height 0
01-01 12:53:20.710   283   665 E VDO_LOG : OUT -> profile 0x00000017, level 23, resolution 11, width 1920, height 1088
01-01 12:53:20.710   283   665 E VDO_LOG : IN -> profile 0x00000020, level 20, resolution 0, width 0, height 0
01-01 12:53:20.710   283   665 E VDO_LOG : OUT -> profile 0x00000017, level 23, resolution 11, width 1920, height 1088
01-01 12:53:20.710   283   665 E VDO_LOG : IN -> profile 0x00000020, level 22, resolution 0, width 0, height 0
01-01 12:53:20.710   283   665 E VDO_LOG : OUT -> profile 0x00000017, level 23, resolution 11, width 1920, height 1088
01-01 12:53:20.710   283   665 E VDO_LOG : IN -> profile 0x00000020, level 23, resolution 0, width 0, height 0
01-01 12:53:20.710   283   665 E VDO_LOG : OUT -> profile 0x00000017, level 23, resolution 11, width 1920, height 1088
01-01 12:53:20.710   283   665 E VDO_LOG : IN -> profile 0x00000020, level 25, resolution 0, width 0, height 0
01-01 12:53:20.710   283   665 E VDO_LOG : OUT -> profile 0x00000017, level 23, resolution 11, width 1920, height 1088
01-01 12:53:20.710   283   665 E VDO_LOG : IN -> profile 0x00000040, level 2, resolution 0, width 0, height 0
01-01 12:53:20.711   283   665 E VDO_LOG : OUT -> profile 0x00000017, level 23, resolution 11, width 1920, height 1088
01-01 12:53:20.711   283   665 E VDO_LOG : IN -> profile 0x00000040, level 4, resolution 0, width 0, height 0
01-01 12:53:20.711   283   665 E VDO_LOG : OUT -> profile 0x00000017, level 23, resolution 11, width 1920, height 1088
01-01 12:53:20.711   283   665 E VDO_LOG : IN -> profile 0x00000040, level 5, resolution 0, width 0, height 0
01-01 12:53:20.711   283   665 E VDO_LOG : OUT -> profile 0x00000017, level 23, resolution 11, width 1920, height 1088
01-01 12:53:20.711   283   665 E VDO_LOG : IN -> profile 0x00000040, level 6, resolution 0, width 0, height 0
01-01 12:53:20.711   283   665 E VDO_LOG : OUT -> profile 0x00000017, level 23, resolution 11, width 1920, height 1088
01-01 12:53:20.711   283   665 E VDO_LOG : IN -> profile 0x00000040, level 7, resolution 0, width 0, height 0
01-01 12:53:20.711   283   665 E VDO_LOG : OUT -> profile 0x00000017, level 23, resolution 11, width 1920, height 1088
01-01 12:53:20.711   283   665 E VDO_LOG : IN -> profile 0x00000040, level 8, resolution 0, width 0, height 0
01-01 12:53:20.711   283   665 E VDO_LOG : OUT -> profile 0x00000017, level 23, resolution 11, width 1920, height 1088
01-01 12:53:20.711   283   665 E VDO_LOG : IN -> profile 0x00000040, level 10, resolution 0, width 0, height 0
01-01 12:53:20.711   283   665 E VDO_LOG : OUT -> profile 0x00000017, level 23, resolution 11, width 1920, height 1088
01-01 12:53:20.711   283   665 E VDO_LOG : IN -> profile 0x00000040, level 12, resolution 0, width 0, height 0
01-01 12:53:20.711   283   665 E VDO_LOG : OUT -> profile 0x00000017, level 23, resolution 11, width 1920, height 1088
01-01 12:53:20.711   283   665 E VDO_LOG : IN -> profile 0x00000040, level 13, resolution 0, width 0, height 0
01-01 12:53:20.717   283   665 E VDO_LOG : OUT -> profile 0x00000017, level 23, resolution 11, width 1920, height 1088
01-01 12:53:20.717   283   665 E VDO_LOG : IN -> profile 0x00000040, level 15, resolution 0, width 0, height 0
01-01 12:53:20.717   283   665 E VDO_LOG : OUT -> profile 0x00000017, level 23, resolution 11, width 1920, height 1088
01-01 12:53:20.717   283   665 E VDO_LOG : IN -> profile 0x00000040, level 17, resolution 0, width 0, height 0
01-01 12:53:20.717   283   665 E VDO_LOG : OUT -> profile 0x00000017, level 23, resolution 11, width 1920, height 1088
01-01 12:53:20.718   283   665 E VDO_LOG : IN -> profile 0x00000040, level 18, resolution 0, width 0, height 0
01-01 12:53:20.718   283   665 E VDO_LOG : OUT -> profile 0x00000017, level 23, resolution 11, width 1920, height 1088
01-01 12:53:20.718   283   665 E VDO_LOG : IN -> profile 0x00000040, level 20, resolution 0, width 0, height 0
01-01 12:53:20.718   283   665 E VDO_LOG : OUT -> profile 0x00000017, level 23, resolution 11, width 1920, height 1088
01-01 12:53:20.718   283   665 E VDO_LOG : IN -> profile 0x00000040, level 22, resolution 0, width 0, height 0
01-01 12:53:20.718   283   665 E VDO_LOG : OUT -> profile 0x00000017, level 23, resolution 11, width 1920, height 1088
01-01 12:53:20.718   283   665 E VDO_LOG : IN -> profile 0x00000040, level 23, resolution 0, width 0, height 0
01-01 12:53:20.718   283   665 E VDO_LOG : OUT -> profile 0x00000017, level 23, resolution 11, width 1920, height 1088
01-01 12:53:20.718   283   665 E VDO_LOG : IN -> profile 0x00000040, level 25, resolution 0, width 0, height 0
01-01 12:53:20.718   283   665 E VDO_LOG : OUT -> profile 0x00000017, level 23, resolution 11, width 1920, height 1088
01-01 12:53:20.718   283   665 E VDO_LOG : IN -> profile 0x00000080, level 2, resolution 0, width 0, height 0
01-01 12:53:20.740   279   724 I ip6tables: ip6tables: No chain/target/match by that name.
01-01 12:53:20.740   279   724 I ip6tables: ip6tables terminated by exit(1)
01-01 12:53:20.740   279   724 E Netd    : exec() res=0, status=256 for /system/bin/ip6tables -w -F st_penalty_log 
01-01 12:53:20.751   283  1011 D MtkOmxVenc: [0xae817e00] MtkOmxVencEncodeThread created pVenc=0xAE817E00, tid=1011
01-01 12:53:20.753   283  1010 D MtkOmxVenc: [0xae817e00] MtkOmxVencThread created pVenc=0xAE817E00
01-01 12:53:20.753   847   847 D MtpService: starting MTP server in MTP mode
01-01 12:53:20.754   283   665 E VDO_LOG : drvb E
01-01 12:53:20.754   283   665 I VDO_LOG : venc eFuse unsupported type (unlimited)!!
01-01 12:53:20.754   283   665 D MtkOmxVenc: [0xae817e00] MtkOmxVenc::GetParameter (0x0600000F)
01-01 12:53:20.755   283   665 I VDO_LOG : [getChipName] outChipName: VAL_CHIP_NAME_DENALI_2
01-01 12:53:20.755   283   665 E VDO_LOG : drvb S
01-01 12:53:20.755   283   665 E VDO_LOG : drvb E
01-01 12:53:20.755   283   665 I VDO_LOG : venc eFuse unsupported type (unlimited)!!
01-01 12:53:20.755   283   665 D MtkOmxVenc: [0xae817e00] MtkOmxVenc::GetParameter (0x0600000F)
01-01 12:53:20.757   283   665 I VDO_LOG : [getChipName] outChipName: VAL_CHIP_NAME_DENALI_2
01-01 12:53:20.757   283   665 E VDO_LOG : drvb S
01-01 12:53:20.757   283   665 E VDO_LOG : drvb E
01-01 12:53:20.757   283   665 I VDO_LOG : venc eFuse unsupported type (unlimited)!!
01-01 12:53:20.757   283   665 D MtkOmxVenc: [0xae817e00] MtkOmxVenc::GetParameter (0x0600000F)
01-01 12:53:20.758   283  1010 D MtkOmxVenc: [0xae817e00] !!!!!    [MtkOmxVencCmdThread] sched_setscheduler ok, Normal priority: -8
01-01 12:53:20.758   283   665 I VDO_LOG : [getChipName] outChipName: VAL_CHIP_NAME_DENALI_2
01-01 12:53:20.758   283   665 E VDO_LOG : drvb S
01-01 12:53:20.758   283   665 E VDO_LOG : drvb E
01-01 12:53:20.758   283   665 I VDO_LOG : venc eFuse unsupported type (unlimited)!!
01-01 12:53:20.758   283   665 D MtkOmxVenc: [0xae817e00] MtkOmxVenc::GetParameter (0x0600000F)
01-01 12:53:20.765   283   665 I VDO_LOG : [getChipName] outChipName: VAL_CHIP_NAME_DENALI_2
01-01 12:53:20.765   283   665 E VDO_LOG : drvb S
01-01 12:53:20.765   283   665 E VDO_LOG : drvb E
01-01 12:53:20.765   283   665 I VDO_LOG : venc eFuse unsupported type (unlimited)!!
01-01 12:53:20.765   283   665 D MtkOmxVenc: [0xae817e00] MtkOmxVenc::GetParameter (0x0600000F)
01-01 12:53:20.766   283   665 I VDO_LOG : [getChipName] outChipName: VAL_CHIP_NAME_DENALI_2
01-01 12:53:20.766   283   665 E VDO_LOG : drvb S
01-01 12:53:20.766   283   665 E VDO_LOG : drvb E
01-01 12:53:20.766   283   665 I VDO_LOG : venc eFuse unsupported type (unlimited)!!
01-01 12:53:20.766   283   665 D MtkOmxVenc: [0xae817e00] MtkOmxVenc::GetParameter (0x0600000F)
01-01 12:53:20.771   283   665 I VDO_LOG : [getChipName] outChipName: VAL_CHIP_NAME_DENALI_2
01-01 12:53:20.771   283   665 E VDO_LOG : drvb S
01-01 12:53:20.771   283   665 E VDO_LOG : drvb E
01-01 12:53:20.771   283   665 I VDO_LOG : venc eFuse unsupported type (unlimited)!!
01-01 12:53:20.771   283   665 D MtkOmxVenc: [0xae817e00] MtkOmxVenc::GetParameter (0x0600000F)
01-01 12:53:20.772   283   665 I VDO_LOG : [getChipName] outChipName: VAL_CHIP_NAME_DENALI_2
01-01 12:53:20.772   283   665 E VDO_LOG : drvb S
01-01 12:53:20.772   283   665 E VDO_LOG : drvb E
01-01 12:53:20.773   283   665 I VDO_LOG : venc eFuse unsupported type (unlimited)!!
01-01 12:53:20.773   283   665 D MtkOmxVenc: [0xae817e00] MtkOmxVenc::GetParameter (0x0600000F)
01-01 12:53:20.774   283   665 I VDO_LOG : [getChipName] outChipName: VAL_CHIP_NAME_DENALI_2
01-01 12:53:20.774   283   665 E VDO_LOG : drvb S
01-01 12:53:20.774   283   665 E VDO_LOG : drvb E
01-01 12:53:20.774   283   665 I VDO_LOG : venc eFuse unsupported type (unlimited)!!
01-01 12:53:20.774   283   665 D MtkOmxVenc: [0xae817e00] MtkOmxVenc::GetParameter (0x0600000F)
01-01 12:53:20.775   283   665 I VDO_LOG : [getChipName] outChipName: VAL_CHIP_NAME_DENALI_2
01-01 12:53:20.775   283   665 E VDO_LOG : drvb S
01-01 12:53:20.775   283   665 E VDO_LOG : drvb E
01-01 12:53:20.775   283   665 I VDO_LOG : venc eFuse unsupported type (unlimited)!!
01-01 12:53:20.775   283   665 D MtkOmxVenc: [0xae817e00] MtkOmxVenc::GetParameter (0x0600000F)
01-01 12:53:20.776   283   665 I VDO_LOG : [getChipName] outChipName: VAL_CHIP_NAME_DENALI_2
01-01 12:53:20.776   283   665 E VDO_LOG : drvb S
01-01 12:53:20.776   283   665 E VDO_LOG : drvb E
01-01 12:53:20.776   283   665 I VDO_LOG : venc eFuse unsupported type (unlimited)!!
01-01 12:53:20.776   283   665 D MtkOmxVenc: [0xae817e00] MtkOmxVenc::GetParameter (0x0600000F)
01-01 12:53:20.777   283   665 I VDO_LOG : [getChipName] outChipName: VAL_CHIP_NAME_DENALI_2
01-01 12:53:20.777   283   665 E VDO_LOG : drvb S
01-01 12:53:20.777   283   665 E VDO_LOG : drvb E
01-01 12:53:20.777   283   665 I VDO_LOG : venc eFuse unsupported type (unlimited)!!
01-01 12:53:20.778   283   665 D MtkOmxVenc: [0xae817e00] MtkOmxVenc::GetParameter (0x0600000F)
01-01 12:53:20.779   283   665 I VDO_LOG : [getChipName] outChipName: VAL_CHIP_NAME_DENALI_2
01-01 12:53:20.779   283   665 E VDO_LOG : drvb S
01-01 12:53:20.779   283   665 E VDO_LOG : drvb E
01-01 12:53:20.779   283   665 I VDO_LOG : venc eFuse unsupported type (unlimited)!!
01-01 12:53:20.779   283   665 D MtkOmxVenc: [0xae817e00] MtkOmxVenc::GetParameter (0x0600000F)
01-01 12:53:20.780   283   665 I VDO_LOG : [getChipName] outChipName: VAL_CHIP_NAME_DENALI_2
01-01 12:53:20.780   283   665 E VDO_LOG : drvb S
01-01 12:53:20.780   283   665 E VDO_LOG : drvb E
01-01 12:53:20.780   283   665 I VDO_LOG : venc eFuse unsupported type (unlimited)!!
01-01 12:53:20.780   283   665 D MtkOmxVenc: [0xae817e00] MtkOmxVenc::GetParameter (0x0600000F)
01-01 12:53:20.781   283   665 I VDO_LOG : [getChipName] outChipName: VAL_CHIP_NAME_DENALI_2
01-01 12:53:20.781   283   665 E VDO_LOG : drvb S
01-01 12:53:20.781   283   665 E VDO_LOG : drvb E
01-01 12:53:20.782   283   665 I VDO_LOG : venc eFuse unsupported type (unlimited)!!
01-01 12:53:20.782   283   665 D MtkOmxVenc: [0xae817e00] MtkOmxVenc::GetParameter (0x0600000F)
01-01 12:53:20.784   283   665 I VDO_LOG : [getChipName] outChipName: VAL_CHIP_NAME_DENALI_2
01-01 12:53:20.784   283   665 E VDO_LOG : drvb S
01-01 12:53:20.784   283   665 E VDO_LOG : drvb E
01-01 12:53:20.785   283   665 I VDO_LOG : venc eFuse unsupported type (unlimited)!!
01-01 12:53:20.785   283   665 D MtkOmxVenc: [0xae817e00] MtkOmxVenc::GetParameter (0x0600000F)
01-01 12:53:20.786   283   665 I VDO_LOG : [getChipName] outChipName: VAL_CHIP_NAME_DENALI_2
01-01 12:53:20.786   283   665 E VDO_LOG : drvb S
01-01 12:53:20.786   283   665 E VDO_LOG : drvb E
01-01 12:53:20.786   283   665 I VDO_LOG : venc eFuse unsupported type (unlimited)!!
01-01 12:53:20.786   283   665 D MtkOmxVenc: [0xae817e00] MtkOmxVenc::GetParameter (0x0600000F)
01-01 12:53:20.787   283   665 I VDO_LOG : [getChipName] outChipName: VAL_CHIP_NAME_DENALI_2
01-01 12:53:20.787   283   665 E VDO_LOG : drvb S
01-01 12:53:20.787   283   665 E VDO_LOG : drvb E
01-01 12:53:20.787   283   665 I VDO_LOG : venc eFuse unsupported type (unlimited)!!
01-01 12:53:20.787   283   665 D MtkOmxVenc: [0xae817e00] MtkOmxVenc::GetParameter (0x0600000F)
01-01 12:53:20.788   283   665 I VDO_LOG : [getChipName] outChipName: VAL_CHIP_NAME_DENALI_2
01-01 12:53:20.788   283   665 E VDO_LOG : drvb S
01-01 12:53:20.788   283   665 E VDO_LOG : drvb E
01-01 12:53:20.788   283   665 I VDO_LOG : venc eFuse unsupported type (unlimited)!!
01-01 12:53:20.788   283   665 E VDO_LOG : IN -> profile 0x00000001, level 11, resolution 0, width 0, height 0
01-01 12:53:20.788   283   665 E VDO_LOG : OUT -> profile 0x00000001, level 10, resolution 5, width 640, height 480
01-01 12:53:20.789   283   665 E MtkOmxVenc: [0xae817e00] QueryVideoProfileLevel(5) fail, profile(1)/level(11)
01-01 12:53:20.789   283   665 D MtkOmxVenc: [0xae817e00] MtkOmxVenc::GetParameter (0x06000001)
01-01 12:53:20.789   283   665 D MtkOmxVenc: [0xae817e00] [GetParameter] OMX_IndexParamVideoPortFormat index = 0, color format = 2130706944
01-01 12:53:20.789   283   665 D MtkOmxVenc: [0xae817e00] MtkOmxVenc::GetExtensionIndex
01-01 12:53:20.789   283   665 E MtkOmxVenc: [0xae817e00] MtkOmxVenc::GetExtensionIndex Unknown parameter name: OMX.google.android.index.describeColorFormat
01-01 12:53:20.789   283   665 W ACodec  : do not know color format 0x7f000200 = 2130706944
01-01 12:53:20.789   283   665 D MtkOmxVenc: [0xae817e00] MtkOmxVenc::GetParameter (0x06000001)
01-01 12:53:20.789   283   665 D MtkOmxVenc: [0xae817e00] [GetParameter] OMX_IndexParamVideoPortFormat index = 1, color format = 2130708361
01-01 12:53:20.789   283   665 D MtkOmxVenc: [0xae817e00] MtkOmxVenc::GetExtensionIndex
01-01 12:53:20.789   283   665 E MtkOmxVenc: [0xae817e00] MtkOmxVenc::GetExtensionIndex Unknown parameter name: OMX.google.android.index.describeColorFormat
01-01 12:53:20.789   283   665 W ACodec  : do not know color format 0x7f000789 = 2130708361
01-01 12:53:20.789   283   665 D MtkOmxVenc: [0xae817e00] MtkOmxVenc::GetParameter (0x06000001)
01-01 12:53:20.789   283   665 D MtkOmxVenc: [0xae817e00] [GetParameter] OMX_IndexParamVideoPortFormat index = 2, color format = 2130706944
01-01 12:53:20.789   283   665 D MtkOmxVenc: [0xae817e00] MtkOmxVenc::GetExtensionIndex
01-01 12:53:20.789   283   665 E MtkOmxVenc: [0xae817e00] MtkOmxVenc::GetExtensionIndex Unknown parameter name: OMX.google.android.index.describeColorFormat
01-01 12:53:20.789   283   665 W ACodec  : do not know color format 0x7f000200 = 2130706944
01-01 12:53:20.789   283   665 D MtkOmxVenc: [0xae817e00] MtkOmxVenc::GetParameter (0x06000001)
01-01 12:53:20.789   283   665 D MtkOmxVenc: [0xae817e00] [GetParameter] OMX_IndexParamVideoPortFormat index = 3, color format = 19
01-01 12:53:20.789   283   665 D MtkOmxVenc: [0xae817e00] MtkOmxVenc::GetExtensionIndex
01-01 12:53:20.789   283   665 E MtkOmxVenc: [0xae817e00] MtkOmxVenc::GetExtensionIndex Unknown parameter name: OMX.google.android.index.describeColorFormat
01-01 12:53:20.789   283   665 D MtkOmxVenc: [0xae817e00] MtkOmxVenc::GetParameter (0x06000001)
01-01 12:53:20.789   283   665 D MtkOmxVenc: [0xae817e00] [GetParameter] OMX_IndexParamVideoPortFormat index = 4, color format = 6
01-01 12:53:20.789   283   665 D MtkOmxVenc: [0xae817e00] MtkOmxVenc::GetExtensionIndex
01-01 12:53:20.789   283   665 E MtkOmxVenc: [0xae817e00] MtkOmxVenc::GetExtensionIndex Unknown parameter name: OMX.google.android.index.describeColorFormat
01-01 12:53:20.789   283   665 W ACodec  : do not know color format 0x6 = 6
01-01 12:53:20.789   283   665 D MtkOmxVenc: [0xae817e00] MtkOmxVenc::GetParameter (0x06000001)
01-01 12:53:20.789   283   665 D MtkOmxVenc: [0xae817e00] [GetParameter] OMX_IndexParamVideoPortFormat index = 5, color format = 11
01-01 12:53:20.789   283   665 D MtkOmxVenc: [0xae817e00] MtkOmxVenc::GetExtensionIndex
01-01 12:53:20.789   283   665 E MtkOmxVenc: [0xae817e00] MtkOmxVenc::GetExtensionIndex Unknown parameter name: OMX.google.android.index.describeColorFormat
01-01 12:53:20.790   283   665 W ACodec  : do not know color format 0xb = 11
01-01 12:53:20.790   283   665 D MtkOmxVenc: [0xae817e00] MtkOmxVenc::GetParameter (0x06000001)
01-01 12:53:20.790   283   665 D MtkOmxVenc: [0xae817e00] [GetParameter] OMX_IndexParamVideoPortFormat index = 6, color format = 16
01-01 12:53:20.790   283   665 D MtkOmxVenc: [0xae817e00] MtkOmxVenc::GetExtensionIndex
01-01 12:53:20.790   283   665 E MtkOmxVenc: [0xae817e00] MtkOmxVenc::GetExtensionIndex Unknown parameter name: OMX.google.android.index.describeColorFormat
01-01 12:53:20.790   283   665 W ACodec  : do not know color format 0x10 = 16
01-01 12:53:20.790   283   665 D MtkOmxVenc: [0xae817e00] MtkOmxVenc::GetParameter (0x06000001)
01-01 12:53:20.790   283   665 D MtkOmxVenc: [0xae817e00] [GetParameter] OMX_IndexParamVideoPortFormat index = 7, color format = 2130707200
01-01 12:53:20.790   283   665 D MtkOmxVenc: [0xae817e00] MtkOmxVenc::GetExtensionIndex
01-01 12:53:20.790   283   665 E MtkOmxVenc: [0xae817e00] MtkOmxVenc::GetExtensionIndex Unknown parameter name: OMX.google.android.index.describeColorFormat
01-01 12:53:20.790   283   665 W ACodec  : do not know color format 0x7f000300 = 2130707200
01-01 12:53:20.790   283   665 D MtkOmxVenc: [0xae817e00] MtkOmxVenc::GetParameter (0x06000001)
01-01 12:53:20.790   283   665 D MtkOmxVenc: [0xae817e00] [GetParameter] OMX_IndexParamVideoPortFormat index = 8, color format = 15
01-01 12:53:20.790   283   665 D MtkOmxVenc: [0xae817e00] MtkOmxVenc::GetExtensionIndex
01-01 12:53:20.790   283   665 E MtkOmxVenc: [0xae817e00] MtkOmxVenc::GetExtensionIndex Unknown parameter name: OMX.google.android.index.describeColorFormat
01-01 12:53:20.790   283   665 W ACodec  : do not know color format 0xf = 15
01-01 12:53:20.790   283   665 D MtkOmxVenc: [0xae817e00] MtkOmxVenc::GetParameter (0x06000001)
01-01 12:53:20.790   283   665 D MtkOmxVenc: [0xae817e00] [GetParameter] OMX_IndexParamVideoPortFormat index = 9, color format = 15
01-01 12:53:20.790   283   665 D MtkOmxVenc: [0xae817e00] MtkOmxVenc::GetState (mState=OMX_StateLoaded)
01-01 12:53:20.790   283   665 D MtkOmxCore: Mtk_OMX_FreeHandle
01-01 12:53:20.790   283   665 D MtkOmxVenc: [0xae817e00] +MtkOmxVenc::ComponentDeInit
01-01 12:53:20.790   283  1012 D MtkOmxVenc: [0xae817e00] MtkOmxVencConvertThread terminated pVenc=0xAE817E00
01-01 12:53:20.790   283  1011 D MtkOmxVenc: [0xae817e00] MtkOmxVencEncodeThread terminated pVenc=0xAE817E00
01-01 12:53:20.791   283  1010 D MtkOmxVenc: [0xae817e00] MtkOmxVencThread terminated
01-01 12:53:20.791   283   665 D MtkOmxVenc: [0xae817e00] -MtkOmxVenc::ComponentDeInit
01-01 12:53:20.791   283   665 D MtkOmxVenc: [0xae817e00] ~MtkOmxVenc this= 0xAE817E00
01-01 12:53:20.791   283   665 D MtkOmxMVAMgr: [0xb060df40] remove ion MVA Map, count 0
01-01 12:53:20.791   283   665 D MtkOmxMVAMgr: [0xb060df20] remove ion MVA Map, count 0
01-01 12:53:20.791   283   665 D MtkOmxMVAMgr: [0xb060dec0] remove ion MVA Map, count 0
01-01 12:53:20.791   283  1013 D MtkOmxCore: ## MtkOmxCoreCpuControlThread terminated
01-01 12:53:20.792   283   665 D MtkOmxCore: free_inst_handle dlclose(0x0xb0648b64), free(0x0xae817e04)
01-01 12:53:20.793   283   665 W MediaCodecList: unable to open media codecs configuration xml file: /etc/media_codecs_google_video_le.xml
01-01 12:53:20.798   283   665 W MediaCodecList: unable to open media codecs configuration xml file: /etc/media_codecs_performance.xml
01-01 12:53:20.799   283   665 W MediaCodecList: unable to open media codecs configuration xml file: /data/misc/media/media_codecs_profiling_results.xml
01-01 12:53:20.805   279   724 I iptables: iptables: No chain/target/match by that name.
01-01 12:53:20.807   821   935 I OMXClient: Using client-side OMX mux.
01-01 12:53:20.808   279   724 I iptables: iptables terminated by exit(1)
01-01 12:53:20.808   279   724 E Netd    : exec() res=0, status=256 for /system/bin/iptables -w -F st_penalty_reject 
01-01 12:53:20.808   821   935 E ACodec  : Unable to instantiate a decoder for type 'audio/vorbis' with err 0xfffffffe.
01-01 12:53:20.808   821   935 E ACodec  : signalError(omxError 0xfffffffe, internalError -2)
01-01 12:53:20.808   821   935 E MediaCodec: Codec reported err 0xfffffffe, actionCode 0, while in state 1
01-01 12:53:20.821   821   930 E SoundPool: Unable to load sample
01-01 12:53:20.829   821   930 D WVMExtractorImpl: IsWidevineMedia() return 0
01-01 12:53:20.843   821  1018 I OMXClient: Using client-side OMX mux.
01-01 12:53:20.843   821  1018 E ACodec  : Unable to instantiate a decoder for type 'audio/vorbis' with err 0xfffffffe.
01-01 12:53:20.843   821  1018 E ACodec  : signalError(omxError 0xfffffffe, internalError -2)
01-01 12:53:20.843   821  1018 E MediaCodec: Codec reported err 0xfffffffe, actionCode 0, while in state 1
01-01 12:53:20.846   279   724 I ip6tables: ip6tables: No chain/target/match by that name.
01-01 12:53:20.846   279   724 I ip6tables: ip6tables terminated by exit(1)
01-01 12:53:20.847   279   724 E Netd    : exec() res=0, status=256 for /system/bin/ip6tables -w -F st_penalty_reject 
01-01 12:53:20.849   821   930 E SoundPool: Unable to load sample
01-01 12:53:20.857   821   930 D WVMExtractorImpl: IsWidevineMedia() return 0
01-01 12:53:20.875   821  1020 I OMXClient: Using client-side OMX mux.
01-01 12:53:20.875   821  1020 E ACodec  : Unable to instantiate a decoder for type 'audio/vorbis' with err 0xfffffffe.
01-01 12:53:20.875   821  1020 E ACodec  : signalError(omxError 0xfffffffe, internalError -2)
01-01 12:53:20.875   821  1020 E MediaCodec: Codec reported err 0xfffffffe, actionCode 0, while in state 1
01-01 12:53:20.878   821   930 E SoundPool: Unable to load sample
01-01 12:53:20.888   279   724 I iptables: iptables: No chain/target/match by that name.
01-01 12:53:20.891   279   724 I iptables: iptables terminated by exit(1)
01-01 12:53:20.891   279   724 E Netd    : exec() res=0, status=256 for /system/bin/iptables -w -F st_clear_caught 
01-01 12:53:20.925   279   724 I ip6tables: ip6tables: No chain/target/match by that name.
01-01 12:53:20.926   279   724 I ip6tables: ip6tables terminated by exit(1)
01-01 12:53:20.926   279   724 E Netd    : exec() res=0, status=256 for /system/bin/ip6tables -w -F st_clear_caught 
01-01 12:53:20.961   279   724 I iptables: iptables: No chain/target/match by that name.
01-01 12:53:20.961   279   724 I iptables: iptables terminated by exit(1)
01-01 12:53:20.962   279   724 E Netd    : exec() res=0, status=256 for /system/bin/iptables -w -F st_clear_detect 
01-01 12:53:20.976   947   947 W System  : ClassLoader referenced unknown path: /system/priv-app/ThemesProvider/lib/arm
01-01 12:53:20.997   279   724 I ip6tables: ip6tables: No chain/target/match by that name.
01-01 12:53:20.998   279   724 I ip6tables: ip6tables terminated by exit(1)
01-01 12:53:20.998   279   724 E Netd    : exec() res=0, status=256 for /system/bin/ip6tables -w -F st_clear_detect 
01-01 12:53:21.033   279   724 I iptables: iptables: No chain/target/match by that name.
01-01 12:53:21.033   279   724 I iptables: iptables terminated by exit(1)
01-01 12:53:21.033   279   724 E Netd    : exec() res=0, status=256 for /system/bin/iptables -w -X st_penalty_log 
01-01 12:53:21.067   279   724 I ip6tables: ip6tables: No chain/target/match by that name.
01-01 12:53:21.068   279   724 I ip6tables: ip6tables terminated by exit(1)
01-01 12:53:21.068   279   724 E Netd    : exec() res=0, status=256 for /system/bin/ip6tables -w -X st_penalty_log 
01-01 12:53:21.108   279   724 I iptables: iptables: No chain/target/match by that name.
01-01 12:53:21.108   279   724 I iptables: iptables terminated by exit(1)
01-01 12:53:21.109   279   724 E Netd    : exec() res=0, status=256 for /system/bin/iptables -w -X st_penalty_reject 
01-01 12:53:21.146   279   724 I ip6tables: ip6tables: No chain/target/match by that name.
01-01 12:53:21.146   279   724 I ip6tables: ip6tables terminated by exit(1)
01-01 12:53:21.147   279   724 E Netd    : exec() res=0, status=256 for /system/bin/ip6tables -w -X st_penalty_reject 
01-01 12:53:21.180   279   724 I iptables: iptables: No chain/target/match by that name.
01-01 12:53:21.180   279   724 I iptables: iptables terminated by exit(1)
01-01 12:53:21.180   279   724 E Netd    : exec() res=0, status=256 for /system/bin/iptables -w -X st_clear_caught 
01-01 12:53:21.212   279   724 I ip6tables: ip6tables: No chain/target/match by that name.
01-01 12:53:21.213   279   724 I ip6tables: ip6tables terminated by exit(1)
01-01 12:53:21.213   279   724 E Netd    : exec() res=0, status=256 for /system/bin/ip6tables -w -X st_clear_caught 
01-01 12:53:21.248   279   724 I iptables: iptables: No chain/target/match by that name.
01-01 12:53:21.249   279   724 I iptables: iptables terminated by exit(1)
01-01 12:53:21.249   279   724 E Netd    : exec() res=0, status=256 for /system/bin/iptables -w -X st_clear_detect 
01-01 12:53:21.286   279   724 I ip6tables: ip6tables: No chain/target/match by that name.
01-01 12:53:21.287   279   724 I ip6tables: ip6tables terminated by exit(1)
01-01 12:53:21.287   279   724 E Netd    : exec() res=0, status=256 for /system/bin/ip6tables -w -X st_clear_detect 
01-01 12:53:21.375   821   821 I vol.Events: writeEvent collection_started
01-01 12:53:21.411   821  1036 I vol.Events: writeEvent external_ringer_mode_changed normal
01-01 12:53:21.411   821  1036 I vol.Events: writeEvent internal_ringer_mode_changed normal
01-01 12:53:21.560  1043  1043 I init    : type=1400 audit(0.0:60): avc: denied { execute_no_trans } for path="/system/bin/thermal" dev="mmcblk0p20" ino=131242 scontext=u:r:init:s0 tcontext=u:object_r:system_file:s0 tclass=file permissive=1
01-01 12:53:21.584  1043  1043 F libc    : page record for 0xb6eef00c was not found (block_size=16)
01-01 12:53:21.809   821  1036 I vol.Events: writeEvent level_changed STREAM_ALARM 6
01-01 12:53:21.817   821  1036 I vol.Events: writeEvent level_changed STREAM_BLUETOOTH_SCO 7
01-01 12:53:21.828   821  1036 I vol.Events: writeEvent level_changed STREAM_MUSIC 11
01-01 12:53:21.846   821  1036 I vol.Events: writeEvent level_changed STREAM_RING 5
01-01 12:53:21.859   821  1036 I vol.Events: writeEvent level_changed STREAM_SYSTEM 5
01-01 12:53:21.877   821  1036 I vol.Events: writeEvent level_changed STREAM_VOICE_CALL 4
01-01 12:53:21.897   821   821 W art     : Method processed more than once: java.lang.String java.io.CharArrayWriter.toString()
01-01 12:53:21.897   821   821 D StorageNotification: Notifying about private volume: VolumeInfo{private}:
01-01 12:53:21.897   821   821 D StorageNotification:     type=PRIVATE diskId=null partGuid=null mountFlags=0 mountUserId=-1 
01-01 12:53:21.897   821   821 D StorageNotification:     state=MOUNTED 
01-01 12:53:21.897   821   821 D StorageNotification:     fsType=null fsUuid=null fsLabel=null 
01-01 12:53:21.897   821   821 D StorageNotification:     path=/data internalPath=null 
01-01 12:53:21.903   821   821 D StorageNotification: Notifying about public volume: VolumeInfo{public:179_129}:
01-01 12:53:21.903   821   821 D StorageNotification:     type=PUBLIC diskId=disk:179_128 partGuid=null mountFlags=VISIBLE 
01-01 12:53:21.903   821   821 D StorageNotification:     mountUserId=0 state=MOUNTED 
01-01 12:53:21.903   821   821 D StorageNotification:     fsType=vfat fsUuid=5F4E-035A fsLabel=sdcard1 
01-01 12:53:21.903   821   821 D StorageNotification:     path=/storage/5F4E-035A internalPath=/mnt/media_rw/5F4E-035A 
01-01 12:53:22.262   727   902 W art     : Long monitor contention event with owner method=android.content.pm.ParceledListSlice com.android.server.pm.PackageManagerService.getInstalledPackages(int, int) from PackageManagerService.java:5498 waiters=0 for 198ms
01-01 12:53:22.263   727   907 W art     : Long monitor contention event with owner method=void com.android.server.am.ActivityManagerService.appendDropBoxProcessHeaders(com.android.server.am.ProcessRecord, java.lang.String, java.lang.StringBuilder) from ActivityManagerService.java:12822 waiters=0 for 195ms
01-01 12:53:22.389   947  1058 D ThemesProvider: Deleted 0
01-01 12:53:22.421   727   727 E NetdConnector: NDC Command {3 strict enable} took too long (1849ms)
01-01 12:53:22.460   727   727 W System  : ClassLoader referenced unknown path: /system/framework/ConnectivityExt.jar
01-01 12:53:22.462   727   727 W ConnectivityExtension: Connectivity extension is not available
01-01 12:53:22.604   727   907 I StatusBarManagerService: registerStatusBar bar=com.android.internal.statusbar.IStatusBar$Stub$Proxy@d081e5b
01-01 12:53:22.797   727   727 D PermissionMonitor: Monitoring
01-01 12:53:23.013   727   727 D PermissionMonitor: Users: 1, Apps: 75
01-01 12:53:23.059   727   727 I SystemServiceManager: Starting phase 600
01-01 12:53:23.060   283   283 D AudioALSAHardware: +setParameters(): A2dpSuspended=false
01-01 12:53:23.060   283   283 W AudioALSAHardware: setParameters(), still have param.size() = 1, remain param = "A2dpSuspended=false"
01-01 12:53:23.060   283   283 D AudioALSAHardware: -setParameters(): A2dpSuspended=false 
01-01 12:53:23.061   727   746 D BluetoothManagerService: Message: 20
01-01 12:53:23.061   727   746 D BluetoothManagerService: Added callback: android.bluetooth.BluetoothAdapter$1@b448807:true
01-01 12:53:23.068   727   746 D BluetoothManagerService: Message: 30
01-01 12:53:23.078   727   746 D BluetoothManagerService: Message: 30
01-01 12:53:23.084   283   665 I AudioFlinger: systemReady
01-01 12:53:23.134   727   727 I BackupManagerService: Backup enabled => false
01-01 12:53:23.159   727   727 D BrokerableCMSystemService: Third party apps ready
01-01 12:53:23.159   727   727 I BrokerableCMSystemService: Connecting to implementation
01-01 12:53:23.160   727   727 W ContextImpl: Calling a method in the system process without a qualified user: android.app.ContextImpl.bindService:1295 org.cyanogenmod.platform.internal.BrokerableCMSystemService.tryConnecting:199 org.cyanogenmod.platform.internal.BrokerableCMSystemService.onBootPhase:127 org.cyanogenmod.platform.internal.ThemeManagerServiceBroker.onBootPhase:272 com.android.server.SystemServiceManager.startBootPhase:135 
01-01 12:53:23.161   727   727 D BrokerableCMSystemService: Third party apps ready
01-01 12:53:23.161   727   727 I BrokerableCMSystemService: Connecting to implementation
01-01 12:53:23.162   727   727 W ContextImpl: Calling a method in the system process without a qualified user: android.app.ContextImpl.bindService:1295 org.cyanogenmod.platform.internal.BrokerableCMSystemService.tryConnecting:199 org.cyanogenmod.platform.internal.BrokerableCMSystemService.onBootPhase:127 com.android.server.SystemServiceManager.startBootPhase:135 com.android.server.SystemServer$2.run:1231 
01-01 12:53:23.163   727  1086 D WVMExtractorImpl: IsWidevineMedia() return 0
01-01 12:53:23.179   727   727 D BrokerableCMSystemService: Third party apps ready
01-01 12:53:23.179   727   727 I BrokerableCMSystemService: Connecting to implementation
01-01 12:53:23.180   727   727 W ContextImpl: Calling a method in the system process without a qualified user: android.app.ContextImpl.bindService:1295 org.cyanogenmod.platform.internal.BrokerableCMSystemService.tryConnecting:199 org.cyanogenmod.platform.internal.BrokerableCMSystemService.onBootPhase:127 org.cyanogenmod.platform.internal.LiveLockScreenServiceBroker.onBootPhase:273 com.android.server.SystemServiceManager.startBootPhase:135 
01-01 12:53:23.199   727  1089 I OMXClient: Using client-side OMX mux.
01-01 12:53:23.199   727  1089 E ACodec  : Unable to instantiate a decoder for type 'audio/vorbis' with err 0xfffffffe.
01-01 12:53:23.200   727  1089 E ACodec  : signalError(omxError 0xfffffffe, internalError -2)
01-01 12:53:23.200   727  1089 E MediaCodec: Codec reported err 0xfffffffe, actionCode 0, while in state 1
01-01 12:53:23.201   727   727 I ActivityManager: Start proc 1090:org.cyanogenmod.livelockscreen.service/u0a11 for service org.cyanogenmod.livelockscreen.service/.LiveLockScreenManagerService
01-01 12:53:23.201   727  1086 E SoundPool: Unable to load sample
01-01 12:53:23.203   727   727 D BrokerableCMSystemService: Third party apps ready
01-01 12:53:23.203   727   727 I BrokerableCMSystemService: Connecting to implementation
01-01 12:53:23.203   727   792 W AudioService: onLoadSoundEffects(), Error -2147483648 while loading samples
01-01 12:53:23.204   727   727 W ContextImpl: Calling a method in the system process without a qualified user: android.app.ContextImpl.bindService:1295 org.cyanogenmod.platform.internal.BrokerableCMSystemService.tryConnecting:199 org.cyanogenmod.platform.internal.BrokerableCMSystemService.onBootPhase:127 com.android.server.SystemServiceManager.startBootPhase:135 com.android.server.SystemServer$2.run:1231 
01-01 12:53:23.209   727  1086 D WVMExtractorImpl: IsWidevineMedia() return 0
01-01 12:53:23.227   727  1095 I OMXClient: Using client-side OMX mux.
01-01 12:53:23.228   727  1095 E ACodec  : Unable to instantiate a decoder for type 'audio/vorbis' with err 0xfffffffe.
01-01 12:53:23.228   727  1095 E ACodec  : signalError(omxError 0xfffffffe, internalError -2)
01-01 12:53:23.228   727  1095 E MediaCodec: Codec reported err 0xfffffff