01-01 12:52:27.389   276   276 D NVRAM   : NVM_CheckFileSize:stat_size:6,size in table:4
01-01 12:52:27.389   276   276 D NVRAM   : NVM_ProtectUserData
01-01 12:52:27.389   276   276 D NVRAM   : NVM_ProtectUserData:Set Check Num
01-01 12:52:27.389   276   276 D NVRAM   : NVM_SetCheckNo: CheckNo:0
01-01 12:52:27.389   276   276 D NVRAM   : NVM_SetCheckNo: CheckFlag:0
01-01 12:52:27.399   276   276 D NVRAM   : NVM_SetCheckNo: CheckNo generate successfully!
01-01 12:52:27.399   276   276 D NVRAM   : NVM_ProtectUserData:Set Check Num Success
01-01 12:52:27.399   276   276 D NVRAM   : NVM_CloseFileDesc ProtectDataFile Success!!
01-01 12:52:27.399   276   276 D NVRAM   : no need to enc/dnc
01-01 12:52:27.399   276   276 D ccci_mdinit(1): get md1 type in nvram(0)
01-01 12:52:27.399   276   276 D ccci_mdinit(1): Error: Fail to get modem type from nvram!
01-01 12:52:27.399   276   276 D ccci_mdinit(1): Current muxd: gsm0710muxd, rild:ril-daemon-mtk
01-01 12:52:27.399   276   276 D NVRAM   : NVM_GetLIDByName /data/nvram/APCFG/APRDCL/MD_SBP 
01-01 12:52:27.399   276   276 D NVRAM   : failed to get entry for /nvram 
01-01 12:52:27.399   276   276 D NVRAM   : failed to get nvram path /nvram 
01-01 12:52:27.399   276   276 D NVRAM   : failed to get entry for /misc 
01-01 12:52:27.399   276   276 D NVRAM   : failed to get misc path /misc 
01-01 12:52:27.399   276   276 D NVRAM   : failed to get entry for /proinfo 
01-01 12:52:27.399   276   276 D NVRAM   : failed to get proinfo path /proinfo 
01-01 12:52:27.400   276   276 D NVRAM   : nvram_layout_callback will run!!!
01-01 12:52:27.400   276   276 D NVRAM   : nvram_platform_log_block: 2
01-01 12:52:27.400   276   276 D NVRAM   : nvram_platform_resv_block: 2
01-01 12:52:27.400   276   276 D NVRAM   : nvram_platform_DM_block: 1
01-01 12:52:27.400   276   276 D NVRAM   : nvram_platform_layout_version: 0
01-01 12:52:27.400   276   276 D NVRAM   : nvram_platform_header_offset: 0
01-01 12:52:27.400   276   276 D NVRAM   : g_i4CFG_File_Count: 49
01-01 12:52:27.400   276   276 D NVRAM   : NVM_Init Max Lid: 74
01-01 12:52:27.400   276   276 D NVRAM   : [NVRAM]: info   No such file or directory
01-01 12:52:27.400   276   276 D NVRAM   : gFileNameArray =b6b72000
01-01 12:52:27.400   276   276 D NVRAM   : deal with cfgfile =/data/nvram/APCFG/APRDCL/FILE_VER,0
01-01 12:52:27.400   276   276 D NVRAM   : deal with cfgfile =/data/nvram/APCFG/APRDEB/BT_Addr,1
01-01 12:52:27.400   276   276 D NVRAM   : deal with cfgfile =/data/nvram/APCFG/APRDCL/AUXADC,2
01-01 12:52:27.400   276   276 D NVRAM   : deal with cfgfile =/data/nvram/media/CAMERA_Para,3
01-01 12:52:27.400   276   276 D NVRAM   : deal with cfgfile =/data/nvram/media/CAMERA_3A,4
01-01 12:52:27.400   276   276 D NVRAM   : deal with cfgfile =/data/nvram/media/CAMERA_SHADING,5
01-01 12:52:27.400   276   276 D NVRAM   : deal with cfgfile =/data/nvram/media/CAMERA_DEFECT,6
01-01 12:52:27.400   276   276 D NVRAM   : deal with cfgfile =/data/nvram/media/CAMERA_SENSOR,7
01-01 12:52:27.400   276   276 D NVRAM   : deal with cfgfile =/data/nvram/media/CAMERA_LENS,8
01-01 12:52:27.400   276   276 D NVRAM   : deal with cfgfile =/data/nvram/APCFG/APRDCL/UART,9
01-01 12:52:27.400   276   276 D NVRAM   : deal with cfgfile =/data/nvram/APCFG/APRDCL/FACTORY,10
01-01 12:52:27.400   276   276 D NVRAM   : deal with cfgfile =/data/nvram/APCFG/APRDCL/BWCS,11
01-01 12:52:27.400   276   276 D NVRAM   : deal with cfgfile =/data/nvram/APCFG/APRDCL/HWMON_ACC,12
01-01 12:52:27.400   276   276 D NVRAM   : deal with cfgfile =/data/nvram/APCFG/APRDCL/HWMON_GYRO,13
01-01 12:52:27.400   276   276 D NVRAM   : deal with cfgfile =/data/nvram/APCFG/APRDEB/OMADM_USB,14
01-01 12:52:27.400   276   276 D NVRAM   : deal with cfgfile =/data/nvram/media/Voice_Recognize_Param,15
01-01 12:52:27.400   276   276 D NVRAM   : deal with cfgfile =/data/nvram/media/Audio_AudEnh_Control_Opt,16
01-01 12:52:27.400   276   276 D NVRAM   : deal with cfgfile =/data/nvram/media/Audio_VOIP_Param,17
01-01 12:52:27.400   276   276 D NVRAM   : deal with cfgfile =/data/nvram/APCFG/APRDCL/HWMON_PS,18
01-01 12:52:27.401   276   276 D NVRAM   : deal with cfgfile =/data/nvram/APCFG/APRDCL/MD_Type,19
01-01 12:52:27.401   276   276 D NVRAM   : deal with cfgfile =/data/nvram/APCFG/APRDCL/EXT_MD_Type,20
01-01 12:52:27.401   276   276 D NVRAM   : deal with cfgfile =/data/nvram/APCFG/APRDCL/SDIO,21
01-01 12:52:27.401   276   276 D NVRAM   : deal with cfgfile =/data/nvram/media/CAMERA_VERSION,22
01-01 12:52:27.401   276   276 D NVRAM   : deal with cfgfile =/data/nvram/media/CAMERA_FEATURE,23
01-01 12:52:27.401   276   276 D NVRAM   : deal with cfgfile =/data/nvram/media/CAMERA_GEOMETRY,24
01-01 12:52:27.401   276   276 D NVRAM   : deal with cfgfile =/data/nvram/APCFG/APRDCL/MD_SBP,25
01-01 12:52:27.401   276   276 D NVRAM   : deal with cfgfile =/data/nvram/media/CAMERA_SHADING2,26
01-01 12:52:27.401   276   276 D NVRAM   : deal with cfgfile =/data/nvram/media/CAMERA_SHADING3,27
01-01 12:52:27.401   276   276 D NVRAM   : deal with cfgfile =/data/nvram/media/CAMERA_SHADING4,28
01-01 12:52:27.401   276   276 D NVRAM   : deal with cfgfile =/data/nvram/media/CAMERA_SHADING5,29
01-01 12:52:27.401   276   276 D NVRAM   : deal with cfgfile =/data/nvram/media/CAMERA_SHADING6,30
01-01 12:52:27.401   276   276 D NVRAM   : deal with cfgfile =/data/nvram/media/CAMERA_SHADING7,31
01-01 12:52:27.401   276   276 D NVRAM   : deal with cfgfile =/data/nvram/media/CAMERA_SHADING8,32
01-01 12:52:27.401   276   276 D NVRAM   : deal with cfgfile =/data/nvram/media/CAMERA_SHADING9,33
01-01 12:52:27.401   276   276 D NVRAM   : deal with cfgfile =/data/nvram/media/CAMERA_SHADING10,34
01-01 12:52:27.401   276   276 D NVRAM   : deal with cfgfile =/data/nvram/media/CAMERA_SHADING11,35
01-01 12:52:27.401   276   276 D NVRAM   : deal with cfgfile =/data/nvram/media/CAMERA_SHADING12,36
01-01 12:52:27.401   276   276 D NVRAM   : deal with cfgfile =/data/nvram/media/CAMERA_PLINE,37
01-01 12:52:27.401   276   276 D NVRAM   : deal with cfgfile =/data/nvram/media/CAMERA_PLINE2,38
01-01 12:52:27.401   276   276 D NVRAM   : deal with cfgfile =/data/nvram/media/CAMERA_PLINE3,39
01-01 12:52:27.401   276   276 D NVRAM   : deal with cfgfile =/data/nvram/media/CAMERA_PLINE4,40
01-01 12:52:27.401   276   276 D NVRAM   : deal with cfgfile =/data/nvram/media/CAMERA_PLINE5,41
01-01 12:52:27.401   276   276 D NVRAM   : deal with cfgfile =/data/nvram/media/CAMERA_PLINE6,42
01-01 12:52:27.401   276   276 D NVRAM   : deal with cfgfile =/data/nvram/media/CAMERA_PLINE7,43
01-01 12:52:27.401   276   276 D NVRAM   : deal with cfgfile =/data/nvram/media/CAMERA_PLINE8,44
01-01 12:52:27.401   276   276 D NVRAM   : deal with cfgfile =/data/nvram/media/CAMERA_PLINE9,45
01-01 12:52:27.401   276   276 D NVRAM   : deal with cfgfile =/data/nvram/media/CAMERA_PLINE10,46
01-01 12:52:27.401   276   276 D NVRAM   : deal with cfgfile =/data/nvram/media/CAMERA_PLINE11,47
01-01 12:52:27.401   276   276 D NVRAM   : deal with cfgfile =/data/nvram/media/CAMERA_PLINE12,48
01-01 12:52:27.401   276   276 D NVRAM   : deal with cfgcustfile =/data/nvram/media/Audio_Sph,49
01-01 12:52:27.401   276   276 D NVRAM   : deal with cfgcustfile =/data/nvram/APCFG/APRDEB/GPS,50
01-01 12:52:27.401   276   276 D NVRAM   : deal with cfgcustfile =/data/nvram/media/Audio_CompFlt,51
01-01 12:52:27.401   276   276 D NVRAM   : deal with cfgcustfile =/data/nvram/media/Audio_Effect,52
01-01 12:52:27.402   276   276 D NVRAM   : deal with cfgcustfile =/data/nvram/APCFG/APRDEB/WIFI,53
01-01 12:52:27.402   276   276 D NVRAM   : deal with cfgcustfile =/data/nvram/APCFG/APRDEB/WIFI_CUSTOM,54
01-01 12:52:27.402   276   276 D NVRAM   : deal with cfgcustfile =/data/nvram/media/Audio_Sph_Med,55
01-01 12:52:27.402   276   276 D NVRAM   : deal with cfgcustfile =/data/nvram/media/Audio_Vol_custom,56
01-01 12:52:27.402   276   276 D NVRAM   : deal with cfgcustfile =/data/nvram/media/Sph_Dual_Mic,57
01-01 12:52:27.402   276   276 D NVRAM   : deal with cfgcustfile =/data/nvram/media/Audio_Wb_Sph,58
01-01 12:52:27.402   276   276 D NVRAM   : deal with cfgcustfile =/data/nvram/APCFG/APRDEB/PRODUCT_INFO,59
01-01 12:52:27.402   276   276 D NVRAM   : deal with cfgcustfile =/data/nvram/media/Headphone_CompFlt,60
01-01 12:52:27.402   276   276 D NVRAM   : deal with cfgcustfile =/data/nvram/media/Audio_gain_table,61
01-01 12:52:27.402   276   276 D NVRAM   : deal with cfgcustfile =/data/nvram/media/Audio_ver1_Vol_custom,62
01-01 12:52:27.402   276   276 D NVRAM   : deal with cfgcustfile =/data/nvram/media/Audio_Hd_Record_Param,63
01-01 12:52:27.402   276   276 D NVRAM   : deal with cfgcustfile =/data/nvram/media/Audio_Hd_Record_Scene_Table,64
01-01 12:52:27.402   276   276 D NVRAM   : deal with cfgcustfile =/data/nvram/media/Audio_Buffer_DC_Calibration_Param,65
01-01 12:52:27.402   276   276 D NVRAM   : deal with cfgcustfile =/data/nvram/media/VibSpk_CompFlt,66
01-01 12:52:27.402   276   276 D NVRAM   : deal with cfgcustfile =/data/nvram/media/MusicDRC_CompFlt,67
01-01 12:52:27.402   276   276 D NVRAM   : deal with cfgcustfile =/data/nvram/media/RingToneDRC_CompFlt,68
01-01 12:52:27.402   276   276 D NVRAM   : deal with cfgcustfile =/data/nvram/media/Audio_MAGI_CONFERENCE,69
01-01 12:52:27.402   276   276 D NVRAM   : deal with cfgcustfile =/data/nvram/media/Audio_HAC_Param,70
01-01 12:52:27.402   276   276 D NVRAM   : deal with cfgcustfile =/data/nvram/media/Audio_Sph_Lpbk,71
01-01 12:52:27.402   276   276 D NVRAM   : deal with cfgcustfile =/data/nvram/media/Audio_BT_Gain,72
01-01 12:52:27.402   276   276 D NVRAM   : deal with cfgcustfile =/data/nvram/media/AUDIO_FUNC_SWITCH_Param,73
01-01 12:52:27.402   276   276 D NVRAM   : NVRAM: NVM_GetLIDByName Lid =25 
01-01 12:52:27.402   276   276 D ccci_mdinit(1): get sbp lid:25
01-01 12:52:27.402   276   276 D ccci_mdinit(1): get_nvram_ef_data fid:25, size:24, pdata:0xb6b46060
01-01 12:52:27.402   276   276 D NVRAM   : NVM_GetFileDesc ++
01-01 12:52:27.403   276   276 D NVRAM   : failed to get entry for /nvram 
01-01 12:52:27.403   276   276 D NVRAM   : failed to get nvram path /nvram 
01-01 12:52:27.403   276   276 D NVRAM   : failed to get entry for /misc 
01-01 12:52:27.403   276   276 D NVRAM   : failed to get misc path /misc 
01-01 12:52:27.403   276   276 D NVRAM   : failed to get entry for /proinfo 
01-01 12:52:27.403   276   276 D NVRAM   : failed to get proinfo path /proinfo 
01-01 12:52:27.403   276   276 D NVRAM   : nvram_layout_callback will run!!!
01-01 12:52:27.403   276   276 D NVRAM   : nvram_platform_log_block: 2
01-01 12:52:27.403   276   276 D NVRAM   : nvram_platform_resv_block: 2
01-01 12:52:27.403   276   276 D NVRAM   : nvram_platform_DM_block: 1
01-01 12:52:27.403   276   276 D NVRAM   : nvram_platform_layout_version: 0
01-01 12:52:27.403   276   276 D NVRAM   : nvram_platform_header_offset: 0
01-01 12:52:27.403   276   276 D NVRAM   : g_i4CFG_File_Count: 49
01-01 12:52:27.403   276   276 D NVRAM   : NVM_Init Max Lid: 74
01-01 12:52:27.403   276   276 D NVRAM   : [NVRAM]: info   No such file or directory
01-01 12:52:27.403   276   276 D NVRAM   : NVM_GetCfgFileTable : file_lid = 25
01-01 12:52:27.403   276   276 D NVRAM   : NVM_GetCfgFileTable done
01-01 12:52:27.403   276   276 D NVRAM   : Open /data/nvram/APCFG/APRDCL/MD_SBP,LID:25
01-01 12:52:27.403   276   276 D NVRAM   : NVM_CmpFileVerNo 25  
01-01 12:52:27.403   276   276 D NVRAM   : NVM_GetCfgFileTable : file_lid = 25
01-01 12:52:27.403   276   276 D NVRAM   : Check if FILE_VER exists before openning it!
01-01 12:52:27.403   276   276 D NVRAM   : NVM_CheckVerFile: 1
01-01 12:52:27.404   276   276 D NVRAM   : New version info file
01-01 12:52:27.404   276   276 D NVRAM   : Load File Version: 001, NvRam File Version: 001
01-01 12:52:27.404   276   276 D NVRAM   : no need to enc/dnc
01-01 12:52:27.404   276   276 D NVRAM   : NVM_CheckFileSize : 25 ++
01-01 12:52:27.404   276   276 D NVRAM   : iCustomBeginLID = 49
01-01 12:52:27.404   276   276 D NVRAM   : NVM_CheckVerFile: 1
01-01 12:52:27.404   276   276 D NVRAM   : NVM_GetCfgFileTable : file_lid = 25
01-01 12:52:27.404   276   276 D NVRAM   : NVM_CheckFileSize:stat_size:26,size in table:24
01-01 12:52:27.404   276   276 D NVRAM   : NVM_ProtectUserData
01-01 12:52:27.404   276   276 D NVRAM   : NVM_ProtectUserData:Check File
01-01 12:52:27.417   276   276 D NVRAM   : NVM_CheckFile: File is correct!
01-01 12:52:27.417   276   276 D NVRAM   : NVM_ProtectUserData:Check Success
01-01 12:52:27.417   276   276 D NVRAM   : NVM_GetFileDesc ProtectDataFile Check Success!!
01-01 12:52:27.417   276   276 D NVRAM   : NVM_GetFileDesc --
01-01 12:52:27.419   276   276 D NVRAM   : NVM_CheckFileSize : 25 ++
01-01 12:52:27.419   276   276 D NVRAM   : iCustomBeginLID = 49
01-01 12:52:27.419   276   276 D NVRAM   : NVM_CheckVerFile: 1
01-01 12:52:27.419   276   276 D NVRAM   : NVM_GetCfgFileTable : file_lid = 25
01-01 12:52:27.419   276   276 D NVRAM   : NVM_CheckFileSize:stat_size:26,size in table:24
01-01 12:52:27.419   276   276 D NVRAM   : NVM_ProtectUserData
01-01 12:52:27.419   276   276 D NVRAM   : NVM_ProtectUserData:Set Check Num
01-01 12:52:27.419   276   276 D NVRAM   : NVM_SetCheckNo: CheckNo:3
01-01 12:52:27.419   276   276 D NVRAM   : NVM_SetCheckNo: CheckFlag:0
01-01 12:52:27.441   274   274 I 6620_launcher: for denali chipid convert
01-01 12:52:27.441   274   274 I 6620_launcher: patch name pre-fix:ROMv2_lm_patch
01-01 12:52:27.441   274   274 I 6620_launcher: fwVersion:0x8a00
01-01 12:52:27.441   274   274 I 6620_launcher: /system/etc/firmware//ROMv2_lm_patch_1_0_hdr.bin
01-01 12:52:27.450   294   294 I mnld    : type=1400 audit(0.0:43): avc: denied { write } for name="kmsg" dev="tmpfs" ino=44 scontext=u:r:mnld:s0 tcontext=u:object_r:kmsg_device:s0 tclass=chr_file permissive=1
01-01 12:52:27.450   294   294 I mnld    : type=1400 audit(0.0:44): avc: denied { open } for path="/dev/kmsg" dev="tmpfs" ino=44 scontext=u:r:mnld:s0 tcontext=u:object_r:kmsg_device:s0 tclass=chr_file permissive=1
01-01 12:52:27.457   294   294 D mnl_linux: mtk_gps_sys_init: nvram_init_val Ready
01-01 12:52:27.457   294   294 D mnl_linux: mtk_gps_sys_init: Get nvram restore ready retry cc=2
01-01 12:52:27.457   294   294 D NVRAM   : NVM_GetFileDesc ++
01-01 12:52:27.458   294   294 D NVRAM   : failed to get entry for /nvram 
01-01 12:52:27.458   294   294 D NVRAM   : failed to get nvram path /nvram 
01-01 12:52:27.458   294   294 D NVRAM   : failed to get entry for /misc 
01-01 12:52:27.458   294   294 D NVRAM   : failed to get misc path /misc 
01-01 12:52:27.458   294   294 D NVRAM   : failed to get entry for /proinfo 
01-01 12:52:27.458   294   294 D NVRAM   : failed to get proinfo path /proinfo 
01-01 12:52:27.458   294   294 D NVRAM   : nvram_layout_callback will run!!!
01-01 12:52:27.458   294   294 D NVRAM   : nvram_platform_log_block: 2
01-01 12:52:27.458   294   294 D NVRAM   : nvram_platform_resv_block: 2
01-01 12:52:27.458   294   294 D NVRAM   : nvram_platform_DM_block: 1
01-01 12:52:27.458   294   294 D NVRAM   : nvram_platform_layout_version: 0
01-01 12:52:27.458   294   294 D NVRAM   : nvram_platform_header_offset: 0
01-01 12:52:27.458   294   294 D NVRAM   : g_i4CFG_File_Count: 49
01-01 12:52:27.458   294   294 D NVRAM   : NVM_Init Max Lid: 74
01-01 12:52:27.458   294   294 D NVRAM   : [NVRAM]: info   No such file or directory
01-01 12:52:27.459   294   294 D NVRAM   : NVM_GetCfgFileTable : file_lid = 50
01-01 12:52:27.459   294   294 D NVRAM   : NVM_GetCfgFileTable done
01-01 12:52:27.459   294   294 D NVRAM   : Open /data/nvram/APCFG/APRDEB/GPS,LID:50
01-01 12:52:27.459   294   294 D NVRAM   : NVM_CmpFileVerNo 50  
01-01 12:52:27.459   294   294 D NVRAM   : NVM_GetCfgFileTable : file_lid = 50
01-01 12:52:27.459   294   294 D NVRAM   : Check if FILE_VER exists before openning it!
01-01 12:52:27.459   294   294 D NVRAM   : NVM_CheckVerFile: 1
01-01 12:52:27.459   294   294 D NVRAM   : New version info file
01-01 12:52:27.459   294   294 D NVRAM   : Load File Version: 000, NvRam File Version: 000
01-01 12:52:27.459   294   294 D NVRAM   : no need to enc/dnc
01-01 12:52:27.459   294   294 D NVRAM   : NVM_CheckFileSize : 50 ++
01-01 12:52:27.459   294   294 D NVRAM   : iCustomBeginLID = 49
01-01 12:52:27.459   294   294 D NVRAM   : NVM_CheckVerFile: 1
01-01 12:52:27.459   294   294 D NVRAM   : NVM_GetCfgFileTable : file_lid = 50
01-01 12:52:27.459   294   294 D NVRAM   : NVM_CheckFileSize:stat_size:54,size in table:52
01-01 12:52:27.459   294   294 D NVRAM   : NVM_ProtectUserData
01-01 12:52:27.459   294   294 D NVRAM   : NVM_ProtectUserData:Check File
01-01 12:52:27.463   272   272 D libEGL  : loaded /system/lib/egl/libGLES_mali.so
01-01 12:52:27.477   274   274 I 6620_launcher: fw Ver in patch: 0x8a00
01-01 12:52:27.477   274   274 I 6620_launcher: read patch info:0x22,0x00,0x06,0x00
01-01 12:52:27.477   274   274 I 6620_launcher: gpatchnum = [2]
01-01 12:52:27.477   274   274 I 6620_launcher: gdwonseq = [2]
01-01 12:52:27.477   274   274 I 6620_launcher: /system/etc/firmware//ROMv2_lm_patch_1_1_hdr.bin
01-01 12:52:27.486   294   294 D NVRAM   : NVM_CheckFile: File is correct!
01-01 12:52:27.486   294   294 D NVRAM   : NVM_ProtectUserData:Check Success
01-01 12:52:27.486   294   294 D NVRAM   : NVM_GetFileDesc ProtectDataFile Check Success!!
01-01 12:52:27.486   294   294 D NVRAM   : NVM_GetFileDesc --
01-01 12:52:27.487   294   294 D NVRAM   : no need to enc/dnc
01-01 12:52:27.487   294   294 D NVRAM   : NVM_CloseFileDesc: Open by Readonly, no need to check when close
01-01 12:52:27.487   294   294 D mnl_linux: mtk_gps_sys_init: GPS NVRam (52 * 1) : 
01-01 12:52:27.487   294   294 D mnl_linux: mtk_gps_sys_init: dsp_dev(/dev/stpgps) : /dev/stpgps
01-01 12:52:27.487   294   294 D mnl_linux: mtk_gps_sys_init: gps_tcxo_hz : 26000000
01-01 12:52:27.487   294   294 D mnl_linux: mtk_gps_sys_init: gps_tcxo_ppb : 0
01-01 12:52:27.487   294   294 D mnl_linux: mtk_gps_sys_init: gps_tcxo_type : 255
01-01 12:52:27.488   294   294 D mnl_linux: mtk_gps_sys_init: gps_lna_mode : 0
01-01 12:52:27.488   294   294 E MNLD    : read_NVRAM: not 3332 UART port
01-01 12:52:27.488   294   294 D MNLD    : chip_detector: exit chip_detector
01-01 12:52:27.488   294   294 D MNLD    : main: main2
01-01 12:52:27.488   294   294 D MNLD    : main: main3
01-01 12:52:27.488   294   294 D MNLD    : epoll_init: Print:epoll_add success
01-01 12:52:27.488   294   294 D MNLD    : main: new connection
01-01 12:52:27.488   294   294 D MNLD    : process: epoll_wait() received 1 events
01-01 12:52:27.488   294   294 D MNLD    : process: mnl2agps_handler: ret = 0
01-01 12:52:27.488   294   294 D MNLD    : agps_reboot: agps_reboot
01-01 12:52:27.488   294   294 E MNLD    : main: process data error: 2 (No such file or directory)
01-01 12:52:27.499   288   376 D NVRAM   : [wifi] wifi FD 6 rec_size 512 rec_num 1, ucSupport5GBand 1 ucEnable5GBand 1, b_5Gsupport=0
01-01 12:52:27.499   288   376 D NVRAM   : no need to enc/dnc
01-01 12:52:27.499   288   376 D NVRAM   : NVM_CloseFileDesc: Open by Readonly, no need to check when close
01-01 12:52:27.499   288   376 D NVRAM   : [NVRAM Daemon]wifi custom lid 54 ++
01-01 12:52:27.499   288   376 D NVRAM   : NVM_GetFileDesc ++
01-01 12:52:27.499   288   376 D NVRAM   : failed to get entry for /nvram 
01-01 12:52:27.499   288   376 D NVRAM   : failed to get nvram path /nvram 
01-01 12:52:27.499   288   376 D NVRAM   : failed to get entry for /misc 
01-01 12:52:27.499   288   376 D NVRAM   : failed to get misc path /misc 
01-01 12:52:27.500   288   376 D NVRAM   : failed to get entry for /proinfo 
01-01 12:52:27.500   288   376 D NVRAM   : failed to get proinfo path /proinfo 
01-01 12:52:27.500   288   376 D NVRAM   : nvram_layout_callback will run!!!
01-01 12:52:27.500   288   376 D NVRAM   : nvram_platform_log_block: 2
01-01 12:52:27.500   288   376 D NVRAM   : nvram_platform_resv_block: 2
01-01 12:52:27.500   288   376 D NVRAM   : nvram_platform_DM_block: 1
01-01 12:52:27.500   288   376 D NVRAM   : nvram_platform_layout_version: 0
01-01 12:52:27.500   288   376 D NVRAM   : nvram_platform_header_offset: 0
01-01 12:52:27.500   288   376 D NVRAM   : g_i4CFG_File_Count: 49
01-01 12:52:27.500   288   376 D NVRAM   : NVM_Init Max Lid: 74
01-01 12:52:27.500   288   376 D NVRAM   : [NVRAM]: info   No such file or directory
01-01 12:52:27.500   288   376 D NVRAM   : NVM_GetCfgFileTable : file_lid = 54
01-01 12:52:27.500   288   376 D NVRAM   : NVM_GetCfgFileTable done
01-01 12:52:27.500   288   376 D NVRAM   : Open /data/nvram/APCFG/APRDEB/WIFI_CUSTOM,LID:54
01-01 12:52:27.500   288   376 D NVRAM   : NVM_CmpFileVerNo 54  
01-01 12:52:27.500   288   376 D NVRAM   : NVM_GetCfgFileTable : file_lid = 54
01-01 12:52:27.500   288   376 D NVRAM   : Check if FILE_VER exists before openning it!
01-01 12:52:27.500   288   376 D NVRAM   : NVM_CheckVerFile: 1
01-01 12:52:27.500   288   376 D NVRAM   : New version info file
01-01 12:52:27.500   288   376 D NVRAM   : Load File Version: 000, NvRam File Version: 000
01-01 12:52:27.500   288   376 D NVRAM   : no need to enc/dnc
01-01 12:52:27.500   288   376 D NVRAM   : NVM_CheckFileSize : 54 ++
01-01 12:52:27.500   288   376 D NVRAM   : iCustomBeginLID = 49
01-01 12:52:27.500   288   376 D NVRAM   : NVM_CheckVerFile: 1
01-01 12:52:27.500   288   376 D NVRAM   : NVM_GetCfgFileTable : file_lid = 54
01-01 12:52:27.501   288   376 D NVRAM   : NVM_CheckFileSize:stat_size:6,size in table:4
01-01 12:52:27.501   288   376 D NVRAM   : NVM_ProtectUserData
01-01 12:52:27.501   288   376 D NVRAM   : NVM_ProtectUserData:Check File
01-01 12:52:27.505   283   283 V MediaUtils: physMem: 973897728
01-01 12:52:27.505   283   283 V MediaUtils: requested limit: 633033505
01-01 12:52:27.505   283   283 V MediaUtils: actual limit: 633033505
01-01 12:52:27.505   283   283 V MediaUtils: original limits: 4294967295/4294967295
01-01 12:52:27.505   283   283 V MediaUtils: new limits: 633033505/4294967295
01-01 12:52:27.509   275   275 E ccci_fsd(1): can't catch SIGKILL
01-01 12:52:27.517   283   283 I mediaserver: ServiceManager: 0xb60ce120
01-01 12:52:27.517   283   283 I AudioFlinger: Using default 3000 mSec as standby time.
01-01 12:52:27.518   283   283 E BatteryNotifier: batterystats service unavailable!
01-01 12:52:27.518   283   283 E BatteryNotifier: batterystats service unavailable!
01-01 12:52:27.519   283   283 I CameraService: CameraService started (pid=283)
01-01 12:52:27.519   283   283 I CameraService: CameraService process starting
01-01 12:52:27.519   283   283 E BatteryNotifier: batterystats service unavailable!
01-01 12:52:27.519   283   283 E BatteryNotifier: batterystats service unavailable!
01-01 12:52:27.607   274   274 I 6620_launcher: fw Ver in patch: 0x8a00
01-01 12:52:27.607   274   274 I 6620_launcher: read patch info:0x21,0x00,0x0e,0xf0
01-01 12:52:27.607   274   274 I 6620_launcher: gdwonseq = [1]
01-01 12:52:27.607   274   274 I 6620_launcher: cmd(srh_patch) resp(ok)
01-01 12:52:27.651   276   276 D NVRAM   : NVM_SetCheckNo: CheckNo generate successfully!
01-01 12:52:27.651   276   276 D NVRAM   : NVM_ProtectUserData:Set Check Num Success
01-01 12:52:27.651   276   276 D NVRAM   : NVM_CloseFileDesc ProtectDataFile Success!!
01-01 12:52:27.651   276   276 D NVRAM   : no need to enc/dnc
01-01 12:52:27.651   276   276 D ccci_mdinit(1): get_cip_sbp_setting, file /custom/etc/firmware/CIP_MD_SBP NOT exists!
01-01 12:52:27.651   276   276 D ccci_mdinit(1): get SBP Config Value from kernel:0l
01-01 12:52:27.651   276   276 D ccci_mdinit(1): Error!! sbp_code is 0 needn't send to modem!
01-01 12:52:27.652   276   276 D ccci_mdinit(1): ccci_setting_dump:Kernel ccci_cfg
01-01 12:52:27.652   276   276 D ccci_mdinit(1): SIM_mode:0x0
01-01 12:52:27.652   276   276 D ccci_mdinit(1): slot1_mode:0x0
01-01 12:52:27.652   276   276 D ccci_mdinit(1): slot2_mode:0x0
01-01 12:52:27.652   276   276 D ccci_mdinit(1): Begin to set sim mode!
01-01 12:52:27.652   276   276 D ccci_mdinit(1): /sys/mtk_ssw/mode open OK
01-01 12:52:27.652   276   276 D ccci_mdinit(1): ssw default is 1!
01-01 12:52:27.652   276   276 D ccci_mdinit(1): No need store mode(0x1) to kernel!
01-01 12:52:27.652   276   276 D ccci_mdinit(1): ccci_setting_dump:Update kernel ccci cfg
01-01 12:52:27.652   276   276 D ccci_mdinit(1): SIM_mode:0x1
01-01 12:52:27.652   276   276 D ccci_mdinit(1): slot1_mode:0x0
01-01 12:52:27.652   276   276 D ccci_mdinit(1): slot2_mode:0x0
01-01 12:52:27.652   276   276 D ccci_mdinit(0): time_srv_init++
01-01 12:52:27.652   276   276 D ccci_mdinit(0): load_timezone++
01-01 12:52:27.652   276   276 E ccci_mdinit(0): Open time zone setting fail(R):-1(2)
01-01 12:52:27.653   276   276 E ccci_mdinit(0): Open md_log_config file failed, errno=2!
01-01 12:52:27.653   276   276 E ccci_mdinit(0): set md boot data:2
01-01 12:52:27.657   276   400 D ccci_mdinit(0): monitor_time_update_thread++
01-01 12:52:27.657   276   400 D ccci_mdinit(0): load_timezone++
01-01 12:52:27.657   276   400 E ccci_mdinit(0): Open time zone setting fail(R):-1(2)
01-01 12:52:27.657   276   400 D ccci_mdinit(0): Umonitor_time_update_thread begin to run
01-01 12:52:27.697   288   376 D NVRAM   : NVM_CheckFile: File is correct!
01-01 12:52:27.697   288   376 D NVRAM   : NVM_ProtectUserData:Check Success
01-01 12:52:27.697   288   376 D NVRAM   : NVM_GetFileDesc ProtectDataFile Check Success!!
01-01 12:52:27.697   288   376 D NVRAM   : NVM_GetFileDesc --
01-01 12:52:27.697   288   376 D NVRAM   : [wifi] wifi custom FD 6 rec_size 4 rec_num 1
01-01 12:52:27.697   288   376 D NVRAM   : no need to enc/dnc
01-01 12:52:27.697   288   376 D NVRAM   : NVM_CloseFileDesc: Open by Readonly, no need to check when close
01-01 12:52:27.698   288   376 F libc    : Fatal signal 11 (SIGSEGV), code 1, fault addr 0xb647f414 in tid 376 (nvram_daemon)
01-01 12:52:27.698   280   280 I DEBUG   : property debug.db.uid not set; NOT waiting for gdb.
01-01 12:52:27.698   280   280 I DEBUG   : HINT: adb shell setprop debug.db.uid 100000
01-01 12:52:27.698   280   280 I DEBUG   : HINT: adb forward tcp:5039 tcp:5039
01-01 12:52:27.758   280   280 F DEBUG   : *** *** *** *** *** *** *** *** *** *** *** *** *** *** *** ***
01-01 12:52:27.758   280   280 F DEBUG   : CM Version: '13.0-20170121-UNOFFICIAL-smart_surf2_4g'
01-01 12:52:27.758   280   280 F DEBUG   : Build fingerprint: 'MTS/cm_smart_surf2_4g/smart_surf2_4g:6.0.1/MOB31K/b1ba1e1834:eng/test-keys'
01-01 12:52:27.758   280   280 F DEBUG   : Revision: '0'
01-01 12:52:27.758   280   280 F DEBUG   : ABI: 'arm'
01-01 12:52:27.759   280   280 F DEBUG   : pid: 288, tid: 376, name: nvram_daemon  >>> /system/bin/nvram_daemon <<<
01-01 12:52:27.759   280   280 F DEBUG   : signal 11 (SIGSEGV), code 1 (SEGV_MAPERR), fault addr 0xb647f414
01-01 12:52:27.762   280   280 F DEBUG   :     r0 b6f8c374  r1 0000000b  r2 0000012c  r3 00000001
01-01 12:52:27.762   280   280 F DEBUG   :     r4 00000054  r5 b647f40c  r6 b6c80140  r7 ffffffda
01-01 12:52:27.762   280   280 F DEBUG   :     r8 b6480000  r9 b6480084  sl b648dc00  fp b648002c
01-01 12:52:27.762   280   280 F DEBUG   :     ip 0000dc00  sp b6a41728  lr b6f6615b  pc b6f54e80  cpsr 200f0030
01-01 12:52:27.795   282   282 D WVMDrmPlugIn: WVMDrmPlugin::onGetSupportInfo : 0
01-01 12:52:27.798   272   272 W hwcomposer: [EVENT] Start to listen uevent, addr.nl_pid(272)
01-01 12:52:27.801   282   282 D WVMDrmPlugIn: WVMDrmPlugin::onGetSupportInfo : 0
01-01 12:52:27.802   271   271 E SELinux : avc:  denied  { find } for service=GuiExtService scontext=u:r:surfaceflinger:s0 tcontext=u:object_r:default_android_service:s0 tclass=service_manager
01-01 12:52:27.803   301   301 D GuiExt  : [GuiExtI]   configDisplay, type=0, enable=1, w=720, h=1280, bufNum=3
01-01 12:52:27.803   301   301 I GuiExt  : [GuiExtI]   configDisplay, try to modify primary display, type=0, w=720, h=1280, bufNum=3
01-01 12:52:27.803   301   301 I GuiExt  : [GuiExtI]   configDisplay, add new type=0, w=720, h=1280, bufNum=3
01-01 12:52:27.803   272   272 W hwcomposer: [EVENT] HW VSync State(1)
01-01 12:52:27.803   272   272 I hwcomposer: [DPY] Display Information:
01-01 12:52:27.803   272   272 I hwcomposer: [DPY] # fo current devices : 1
01-01 12:52:27.803   272   272 I hwcomposer: [DPY] ------------------------------------
01-01 12:52:27.803   272   272 I hwcomposer: [DPY] Device id   : 0
01-01 12:52:27.803   272   272 I hwcomposer: [DPY] Width       : 720
01-01 12:52:27.803   272   272 I hwcomposer: [DPY] Height      : 1280
01-01 12:52:27.804   272   272 I hwcomposer: [DPY] xdpi        : 320.000000
01-01 12:52:27.804   272   272 I hwcomposer: [DPY] ydpi        : 320.000000
01-01 12:52:27.804   272   272 I hwcomposer: [DPY] vsync       : 1
01-01 12:52:27.804   272   272 I hwcomposer: [DPY] refresh     : 17921147
01-01 12:52:27.804   272   272 I hwcomposer: [DPY] connected   : 1
01-01 12:52:27.804   272   272 I hwcomposer: [DPY] hwrotation  : 0
01-01 12:52:27.804   272   272 I hwcomposer: [DPY] subtype     : 0
01-01 12:52:27.804   272   272 I hwcomposer: [DPY] aspect      : 0.562, 1.778
01-01 12:52:27.804   272   272 I hwcomposer: [DPY] protrait    : [   0,   0, 720,1280]
01-01 12:52:27.804   272   272 I hwcomposer: [DPY] landscape   : [   0,   0, 720,1280]
01-01 12:52:27.804   272   272 I SurfaceFlinger: Using composer version 1.4
01-01 12:52:27.804   272   272 I hwcomposer: [HWC] getConfigs Display(0)
01-01 12:52:27.804   272   272 I hwcomposer: [HWC] getAttributes Display(0)
01-01 12:52:27.804   272   272 I hwcomposer: [HWC] getConfigs Display(1)
01-01 12:52:27.804   272   272 I hwcomposer: [HWC] getAttributes Display(1)
01-01 12:52:27.804   272   272 W hwcomposer: [HWC] Failed to get display attributes (dpy=1 is not connected)
01-01 12:52:27.804   272   272 I hwcomposer: [HWC] getAttributes Display(1)
01-01 12:52:27.804   272   272 W hwcomposer: [HWC] Failed to get display attributes (dpy=1 is not connected)
01-01 12:52:27.804   272   272 W SurfaceFlinger: no suitable EGLConfig found, trying a simpler query
01-01 12:52:27.790   272   272 I surfaceflinger: type=1400 audit(0.0:45): avc: denied { call } for scontext=u:r:surfaceflinger:s0 tcontext=u:r:init:s0 tclass=binder permissive=1
01-01 12:52:28.030   276   276 I ccci_mdinit: type=1400 audit(0.0:46): avc: denied { write } for name="property_service" dev="tmpfs" ino=34 scontext=u:r:ccci_mdinit:s0 tcontext=u:object_r:property_socket:s0 tclass=sock_file permissive=1
01-01 12:52:27.804   272   272 I SurfaceFlinger: EGL information:
01-01 12:52:27.805   272   272 I SurfaceFlinger: vendor    : Android
01-01 12:52:27.805   272   272 I SurfaceFlinger: version   : 1.4 Android META-EGL
01-01 12:52:27.805   272   272 I SurfaceFlinger: extensions: EGL_KHR_get_all_proc_addresses EGL_ANDROID_presentation_time EGL_KHR_swap_buffers_with_damage EGL_KHR_image EGL_KHR_image_base EGL_KHR_gl_texture_2D_image EGL_KHR_gl_texture_cubemap_image EGL_KHR_gl_renderbuffer_image EGL_KHR_fence_sync EGL_KHR_create_context EGL_KHR_config_attribs EGL_KHR_surfaceless_context EGL_EXT_create_context_robustness EGL_ANDROID_image_native_buffer EGL_KHR_wait_sync EGL_ANDROID_recordable EGL_KHR_partial_update 
01-01 12:52:27.805   272   272 I SurfaceFlinger: Client API: OpenGL_ES
01-01 12:52:27.805   272   272 I SurfaceFlinger: EGLSurface: 8-8-8-8, config=0xb673b220
01-01 12:52:27.812   280   280 F DEBUG   : 
01-01 12:52:27.812   280   280 F DEBUG   : backtrace:
01-01 12:52:27.813   280   280 F DEBUG   :     #00 pc 0004be80  /system/lib/libc.so (arena_dalloc_bin_locked_impl.isra.27+51)
01-01 12:52:27.814   280   280 F DEBUG   :     #01 pc 0005d157  /system/lib/libc.so (je_tcache_bin_flush_small+206)
01-01 12:52:27.814   280   280 F DEBUG   :     #02 pc 0005d7b9  /system/lib/libc.so (tcache_destroy+52)
01-01 12:52:27.814   280   280 F DEBUG   :     #03 pc 0005d98d  /system/lib/libc.so (je_tcache_cleanup+8)
01-01 12:52:27.814   280   280 F DEBUG   :     #04 pc 0005e075  /system/lib/libc.so (je_tsd_cleanup+24)
01-01 12:52:27.814   280   280 F DEBUG   :     #05 pc 0005df6b  /system/lib/libc.so (je_tsd_cleanup_wrapper+14)
01-01 12:52:27.814   280   280 F DEBUG   :     #06 pc 000407b9  /system/lib/libc.so (_Z21pthread_key_clean_allv+76)
01-01 12:52:27.814   280   280 F DEBUG   :     #07 pc 0004051b  /system/lib/libc.so (pthread_exit+34)
01-01 12:52:27.814   280   280 F DEBUG   :     #08 pc 000019c3  /system/bin/nvram_daemon
01-01 12:52:27.814   280   280 F DEBUG   :     #09 pc 0004023b  /system/lib/libc.so (_ZL15__pthread_startPv+30)
01-01 12:52:27.814   280   280 F DEBUG   :     #10 pc 0001a075  /system/lib/libc.so (__start_thread+6)
01-01 12:52:27.822   272   272 I SurfaceFlinger: OpenGL ES informations:
01-01 12:52:27.823   272   272 I SurfaceFlinger: vendor    : ARM
01-01 12:52:27.823   272   272 I SurfaceFlinger: renderer  : Mali-T720
01-01 12:52:27.823   272   272 I SurfaceFlinger: version   : OpenGL ES 3.1 v1.r7p0-02rel0.4ea33e6671ff828e33c99c982634cd65
01-01 12:52:27.823   272   272 I SurfaceFlinger: extensions: GL_EXT_debug_marker GL_ARM_rgba8 GL_ARM_mali_shader_binary GL_OES_depth24 GL_OES_depth_texture GL_OES_depth_texture_cube_map GL_OES_packed_depth_stencil GL_OES_rgb8_rgba8 GL_EXT_read_format_bgra GL_OES_compressed_paletted_texture GL_OES_compressed_ETC1_RGB8_texture GL_OES_standard_derivatives GL_OES_EGL_image GL_OES_EGL_image_external GL_OES_EGL_sync GL_OES_texture_npot GL_OES_vertex_half_float GL_OES_required_internalformat GL_OES_vertex_array_object GL_OES_mapbuffer GL_EXT_texture_format_BGRA8888 GL_EXT_texture_rg GL_EXT_texture_type_2_10_10_10_REV GL_OES_fbo_render_mipmap GL_OES_element_index_uint GL_EXT_shadow_samplers GL_OES_texture_compression_astc GL_KHR_texture_compression_astc_ldr GL_KHR_texture_compression_astc_hdr GL_KHR_debug GL_EXT_occlusion_query_boolean GL_EXT_disjoint_timer_query GL_EXT_blend_minmax GL_EXT_discard_framebuffer GL_OES_get_program_binary GL_OES_texture_3D GL_EXT_texture_storage GL_EXT_multisampled_render_to_texture GL_OES_surfaceless_context GL_OES_texture_stencil8 G
01-01 12:52:27.823   272   272 I SurfaceFlinger: GL_MAX_TEXTURE_SIZE = 8192
01-01 12:52:27.823   272   272 I SurfaceFlinger: GL_MAX_VIEWPORT_DIMS = 8192
01-01 12:52:27.824   272   272 D mali_winsys: new_window_surface returns 0x3000
01-01 12:52:27.828   272   272 D SurfaceFlinger: Set power mode=2, type=0 flinger=0xb6a64000
01-01 12:52:27.828   272   272 I hwcomposer: [HWC] SetPowerMode(2) Display(0)
01-01 12:52:27.965   276   276 D ccci_mdinit(1): deamon begin to run!
01-01 12:52:27.965   276   276 D ccci_mdinit(1): MD is release version
01-01 12:52:27.965   276   276 D ccci_mdinit(1): buff.data[0] = 0xFFFFFFFF, data[1] = 0xFAF50011, channel = F0000000, reserved = 0x00000000
01-01 12:52:27.965   276   276 D ccci_mdinit(1): CFG UPDATE: 0x0
01-01 12:52:27.965   276   276 D ccci_mdinit(1): ccci_setting_dump:Kernel ccci_cfg
01-01 12:52:27.965   276   276 D ccci_mdinit(1): SIM_mode:0x1
01-01 12:52:27.965   276   276 D ccci_mdinit(1): slot1_mode:0x0
01-01 12:52:27.965   276   276 D ccci_mdinit(1): slot2_mode:0x0
01-01 12:52:28.036   276   276 D ccci_mdinit(1): buff.data[0] = 0xFFFFFFFF, data[1] = 0xFAF50002, channel = F0000000, reserved = 0x00000000
01-01 12:52:28.036   276   276 D ccci_mdinit(1): set md status:mtk.md1.status=bootup 
01-01 12:52:28.037   276   276 D ccci_mdinit(1): modem boot up, set runtime data
01-01 12:52:28.127   275   275 E ccci_fsd(1): IsReadOnly: [error]fail on file: /data/nvram/md/FATC62610C9.log 
01-01 12:52:28.128   286   286 I MobileLogD/new: logd_sock: 18
01-01 12:52:28.130   286   286 I MobileLogD/bootmode: init debug
01-01 12:52:28.132   286   436 I MobileLogD/new: write thread 436
01-01 12:52:28.133   286   435 I MobileLogD/new: read thread 435
01-01 12:52:28.199   272   272 D SurfaceFlinger: SF. shader cache generated - 26 shaders in 269.032227 ms
01-01 12:52:28.200   272   272 I [MALI][Gralloc]: [+]hnd(0xb6716280), client(26), share_fd(27), hnd->flags:36
01-01 12:52:28.270   283   283 I IspDrv  : [IspDrvImp] getpid[0x0000011b],gettid[0x0000011b]
01-01 12:52:28.275   283   283 D MtkCam/Metadata: [clear] pid:283 tid:283
01-01 12:52:28.276   283   283 D SeninfDrvImp: [getInstance][getInstance] 
01-01 12:52:28.276   283   283 D SeninfDrvImp: [SeninfDrvImp][SeninfDrvImp] 
01-01 12:52:28.276   283   283 D SeninfDrvImp: [init][init]: Entry count 0 
01-01 12:52:28.276   283   283 D SeninfDrvImp: [init]mpCAMIODrvRegAddr 0xb0edd970 = 0x0, State: init  
01-01 12:52:28.276   283   283 D SeninfDrvImp: [init][init]: Exit count 1 
01-01 12:52:28.276   283   283 D SeninfDrvImp: [setMclk1][setTg1PhaseCounter] pcEn(1) clkPol(0) CamPll(0x0) mMclk1User(1)
01-01 12:52:28.276   283   283 D SeninfDrvImp: [setMclk2][setTg2PhaseCounter] pcEn(1) clkPol(0) CamPll(0x0) mMclk2User(1)
01-01 12:52:28.277   283   283 D ImgSensorDrv: [impSearchSensor]SENSOR search start 
01-01 12:52:28.277   283   283 D ImgSensorDrv: [impSearchSensor]impSearchSensor search to sub
01-01 12:52:28.277   283   283 D ImgSensorDrv: [impSearchSensor]set sensor driver id =10000
01-01 12:52:28.324   272   272 I [MALI][Gralloc]: [+]hnd(0xb67163c0), client(26), share_fd(30), hnd->flags:36
01-01 12:52:28.339   283   283 D ImgSensorDrv: [impSearchSensor][impSearchSensor] Err-ctrlCode (I/O error) 
01-01 12:52:28.339   283   283 D ImgSensorDrv: [getCurrentSensorType][getCurrentSensorType] 
01-01 12:52:28.339   283   283 D ImgSensorDrv: [getInfo][getInfo],m_fdSensor = 0xa 
01-01 12:52:28.339   283   283 D ImgSensorDrv: [getSocketPosition][getSocketPosition]:[1][1] 
01-01 12:52:28.339   283   283 D ImgSensorDrv: [impSearchSensor]sensor ID mismatch
01-01 12:52:28.339   283   283 D ImgSensorDrv: [impSearchSensor]set sensor driver id =10001
01-01 12:52:28.400   423   441 D MALI    : osup_constructor:144: osup_constructor
01-01 12:52:28.403   423   441 D libEGL  : loaded /system/lib/egl/libGLES_mali.so
01-01 12:52:28.406   283   283 D ImgSensorDrv: [impSearchSensor][impSearchSensor] Err-ctrlCode (I/O error) 
01-01 12:52:28.406   283   283 D ImgSensorDrv: [getCurrentSensorType][getCurrentSensorType] 
01-01 12:52:28.406   283   283 D ImgSensorDrv: [getInfo][getInfo],m_fdSensor = 0xa 
01-01 12:52:28.406   283   283 D ImgSensorDrv: [getSocketPosition][getSocketPosition]:[1][1] 
01-01 12:52:28.406   283   283 D ImgSensorDrv: [impSearchSensor]sensor ID mismatch
01-01 12:52:28.406   283   283 D ImgSensorDrv: [impSearchSensor]set sensor driver id =10002
01-01 12:52:28.451   283   283 D ImgSensorDrv: [getCurrentSensorType][getCurrentSensorType] 
01-01 12:52:28.452   283   283 D ImgSensorDrv: [getInfo][getInfo],m_fdSensor = 0xa 
01-01 12:52:28.452   283   283 D ImgSensorDrv: [getSocketPosition][getSocketPosition]:[1][1] 
01-01 12:52:28.452   283   283 D ImgSensorDrv: [impSearchSensor]found <0x5005/gc5005mipiraw/SENSOR_DRVNAME_GC5005_MIPI_RAW>
01-01 12:52:28.452   283   283 D ImgSensorDrv: [impSearchSensor]MAIN sensor found:[2]/[0x10002]/[0]/[1] 
01-01 12:52:28.452   283   283 D ImgSensorDrv: [impSearchSensor]impSearchSensor search to sub
01-01 12:52:28.452   283   283 D ImgSensorDrv: [impSearchSensor]set sensor driver id =20000
01-01 12:52:28.461   423   441 D mali_winsys: new_window_surface returns 0x3000
01-01 12:52:28.504   283   283 D ImgSensorDrv: [impSearchSensor][impSearchSensor] Err-ctrlCode (I/O error) 
01-01 12:52:28.504   283   283 D ImgSensorDrv: [getCurrentSensorType][getCurrentSensorType] 
01-01 12:52:28.504   283   283 D ImgSensorDrv: [getInfo][getInfo],m_fdSensor = 0xa 
01-01 12:52:28.504   283   283 D ImgSensorDrv: [getSocketPosition][getSocketPosition]:[2][-1] 
01-01 12:52:28.504   283   283 D ImgSensorDrv: [impSearchSensor]sensor ID mismatch
01-01 12:52:28.504   283   283 D ImgSensorDrv: [impSearchSensor]set sensor driver id =20001
01-01 12:52:28.511   280   280 F DEBUG   : 
01-01 12:52:28.511   280   280 F DEBUG   : Tombstone written to: /data/tombstones/tombstone_01
01-01 12:52:28.539   423   441 E BootAnimation: couldn't find audio_conf.txt
01-01 12:52:28.545   302   302 D AndroidRuntime: >>>>>> START com.android.internal.os.ZygoteInit uid 0 <<<<<<
01-01 12:52:28.551   276   276 D ccci_mdinit(1): buff.data[0] = 0xFFFFFFFF, data[1] = 0xFAF50001, channel = F0000000, reserved = 0x00000000
01-01 12:52:28.554   276   276 D ccci_mdinit(1): set md status:mtk.md1.status=ready 
01-01 12:52:28.556   276   276 D ccci_mdinit(1): modem ready
01-01 12:52:28.557   276   276 D ccci_mdinit(1): start all ccci up layer services
01-01 12:52:28.557   276   276 D ccci_mdinit(1): start mdlogger
01-01 12:52:28.557   276   276 I ccci_mdinit(1): start_service init.svc.emdlogger1, but returned 0, maybe has no this property
01-01 12:52:28.557   276   276 I ccci_mdinit(1): wait_for_property() name:init.svc.emdlogger1, desired_value:running, waitmsec:0, loop:1
01-01 12:52:28.557   276   276 I ccci_mdinit(1): wait_for_property() no property of :init.svc.emdlogger1, loop:0
01-01 12:52:28.557   276   276 E ccci_mdinit(1): wait_for_property() failed!name:init.svc.emdlogger1, desired_value:running, waitmsec:0, value:
01-01 12:52:28.557   276   276 D ccci_mdinit(1): Current muxd: gsm0710muxd, rild:ril-daemon-mtk
01-01 12:52:28.557   276   276 I ccci_mdinit(1): start_service init.svc.gsm0710muxd, but returned 0, maybe has no this property
01-01 12:52:28.558   276   276 I ccci_mdinit(1): wait_for_property() name:init.svc.gsm0710muxd, desired_value:running, waitmsec:2000, loop:20
01-01 12:52:28.558   276   276 I ccci_mdinit(1): wait_for_property() no property of :init.svc.gsm0710muxd, loop:19
01-01 12:52:28.566   283   283 D ImgSensorDrv: [impSearchSensor][impSearchSensor] Err-ctrlCode (I/O error) 
01-01 12:52:28.567   283   283 D ImgSensorDrv: [getCurrentSensorType][getCurrentSensorType] 
01-01 12:52:28.567   283   283 D ImgSensorDrv: [getInfo][getInfo],m_fdSensor = 0xa 
01-01 12:52:28.567   283   283 D ImgSensorDrv: [getSocketPosition][getSocketPosition]:[2][-1] 
01-01 12:52:28.567   283   283 D ImgSensorDrv: [impSearchSensor]sensor ID mismatch
01-01 12:52:28.567   283   283 D ImgSensorDrv: [impSearchSensor]set sensor driver id =20003
01-01 12:52:28.582   302   302 D AndroidRuntime: CheckJNI is ON
01-01 12:52:28.593   302   302 I art     : option[0]=-Xzygote
01-01 12:52:28.593   302   302 I art     : option[1]=-Xcheck:jni
01-01 12:52:28.593   302   302 I art     : option[2]=-Xstacktracefile:/data/anr/traces.txt
01-01 12:52:28.593   302   302 I art     : option[3]=exit
01-01 12:52:28.593   302   302 I art     : option[4]=vfprintf
01-01 12:52:28.593   302   302 I art     : option[5]=sensitiveThread
01-01 12:52:28.593   302   302 I art     : option[6]=-verbose:gc
01-01 12:52:28.593   302   302 I art     : option[7]=-Xms8m
01-01 12:52:28.593   302   302 I art     : option[8]=-Xmx256m
01-01 12:52:28.593   302   302 I art     : option[9]=-XX:HeapGrowthLimit=96m
01-01 12:52:28.593   302   302 I art     : option[10]=-XX:HeapMinFree=2m
01-01 12:52:28.593   302   302 I art     : option[11]=-XX:HeapMaxFree=8m
01-01 12:52:28.593   302   302 I art     : option[12]=-XX:HeapTargetUtilization=0.75
01-01 12:52:28.593   302   302 I art     : option[13]=-Xusejit:true
01-01 12:52:28.593   302   302 I art     : option[14]=-agentlib:jdwp=transport=dt_android_adb,suspend=n,server=y
01-01 12:52:28.594   302   302 I art     : option[15]=-Xlockprofthreshold:500
01-01 12:52:28.594   302   302 I art     : option[16]=-Ximage-compiler-option
01-01 12:52:28.594   302   302 I art     : option[17]=--runtime-arg
01-01 12:52:28.594   302   302 I art     : option[18]=-Ximage-compiler-option
01-01 12:52:28.594   302   302 I art     : option[19]=-Xms64m
01-01 12:52:28.594   302   302 I art     : option[20]=-Ximage-compiler-option
01-01 12:52:28.594   302   302 I art     : option[21]=--runtime-arg
01-01 12:52:28.594   302   302 I art     : option[22]=-Ximage-compiler-option
01-01 12:52:28.594   302   302 I art     : option[23]=-Xmx64m
01-01 12:52:28.594   302   302 I art     : option[24]=-Ximage-compiler-option
01-01 12:52:28.594   302   302 I art     : option[25]=--compiler-filter=verify-at-runtime
01-01 12:52:28.594   302   302 I art     : option[26]=-Ximage-compiler-option
01-01 12:52:28.594   302   302 I art     : option[27]=--image-classes=/system/etc/preloaded-classes
01-01 12:52:28.594   302   302 I art     : option[28]=-Xcompiler-option
01-01 12:52:28.594   302   302 I art     : option[29]=--runtime-arg
01-01 12:52:28.594   302   302 I art     : option[30]=-Xcompiler-option
01-01 12:52:28.594   302   302 I art     : option[31]=-Xms64m
01-01 12:52:28.594   302   302 I art     : option[32]=-Xcompiler-option
01-01 12:52:28.594   302   302 I art     : option[33]=--runtime-arg
01-01 12:52:28.594   302   302 I art     : option[34]=-Xcompiler-option
01-01 12:52:28.594   302   302 I art     : option[35]=-Xmx512m
01-01 12:52:28.594   302   302 I art     : option[36]=-Xcompiler-option
01-01 12:52:28.594   302   302 I art     : option[37]=--compiler-filter=verify-at-runtime
01-01 12:52:28.594   302   302 I art     : option[38]=-Ximage-compiler-option
01-01 12:52:28.594   302   302 I art     : option[39]=--instruction-set-variant=cortex-a7
01-01 12:52:28.594   302   302 I art     : option[40]=-Xcompiler-option
01-01 12:52:28.594   302   302 I art     : option[41]=--instruction-set-variant=cortex-a7
01-01 12:52:28.594   302   302 I art     : option[42]=-Ximage-compiler-option
01-01 12:52:28.594   302   302 I art     : option[43]=--instruction-set-features=default
01-01 12:52:28.594   302   302 I art     : option[44]=-Xcompiler-option
01-01 12:52:28.594   302   302 I art     : option[45]=--instruction-set-features=default
01-01 12:52:28.594   302   302 I art     : option[46]=-Duser.locale=ru-RU
01-01 12:52:28.595   302   302 I art     : option[47]=--cpu-abilist=armeabi-v7a,armeabi
01-01 12:52:28.595   302   302 I art     : option[48]=-Xfingerprint:MTS/cm_smart_surf2_4g/smart_surf2_4g:6.0.1/MOB31K/b1ba1e1834:eng/test-keys
01-01 12:52:28.611   283   283 D ImgSensorDrv: [impSearchSensor][impSearchSensor] Err-ctrlCode (I/O error) 
01-01 12:52:28.611   283   283 D ImgSensorDrv: [getCurrentSensorType][getCurrentSensorType] 
01-01 12:52:28.611   283   283 D ImgSensorDrv: [getInfo][getInfo],m_fdSensor = 0xa 
01-01 12:52:28.611   283   283 D ImgSensorDrv: [getSocketPosition][getSocketPosition]:[2][-1] 
01-01 12:52:28.611   283   283 D ImgSensorDrv: [impSearchSensor]sensor ID mismatch
01-01 12:52:28.611   283   283 D ImgSensorDrv: [impSearchSensor]set sensor driver id =20004
01-01 12:52:28.630   465   465 I gsm0710muxd: type=1400 audit(0.0:47): avc: denied { write } for name="property_service" dev="tmpfs" ino=34 scontext=u:r:gsm0710muxd:s0 tcontext=u:object_r:property_socket:s0 tclass=sock_file permissive=1
01-01 12:52:28.630   465   465 I gsm0710muxd: type=1400 audit(0.0:48): avc: denied { connectto } for path="/dev/socket/property_service" scontext=u:r:gsm0710muxd:s0 tcontext=u:r:init:s0 tclass=unix_stream_socket permissive=1
01-01 12:52:28.640   423   441 D BootAnimation: Use save memory method, maybe small fps in actual.
01-01 12:52:28.655   283   283 D ImgSensorDrv: [impSearchSensor][impSearchSensor] Err-ctrlCode (I/O error) 
01-01 12:52:28.655   283   283 D ImgSensorDrv: [getCurrentSensorType][getCurrentSensorType] 
01-01 12:52:28.655   283   283 D ImgSensorDrv: [getInfo][getInfo],m_fdSensor = 0xa 
01-01 12:52:28.655   283   283 D ImgSensorDrv: [getSocketPosition][getSocketPosition]:[2][-1] 
01-01 12:52:28.656   283   283 D ImgSensorDrv: [impSearchSensor]sensor ID mismatch
01-01 12:52:28.656   283   283 D ImgSensorDrv: [impSearchSensor]set sensor driver id =20005
01-01 12:52:28.658   276   276 I ccci_mdinit(1): wait_for_property() ready for name:init.svc.gsm0710muxd, loop:18
01-01 12:52:28.658   276   276 D ccci_mdinit(1): BC queue free space 7
01-01 12:52:28.658   276   276 D ccci_mdinit(1): Store sbp file start... metamode:0,md_sbp_lid:25
01-01 12:52:28.658   276   276 D ccci_mdinit(1): Store md sbp code! ret:0, needstore:0x0, sbp1:0, flag1:1, sbp2:0, flag2:1, times:0
01-01 12:52:28.658   276   276 D ccci_mdinit(1): Store sbp file End.
01-01 12:52:28.695   272   334 I [MALI][Gralloc]: [+]hnd(0xb66d80a0), client(26), share_fd(31), hnd->flags:4
01-01 12:52:28.697   423   441 I [MALI][Gralloc]: [+]r_hnd(0xb5dd41e0), client(21), share_fd(20)
01-01 12:52:28.719   272   272 I hwcomposer: [GAME] game: 1 notify gas
01-01 12:52:28.719   272   272 I SceneKnowledgeProvider: SKP: notifyChange(0, 1, -1)
01-01 12:52:28.730   272   337 I [MALI][Gralloc]: [+]hnd(0xb6716500), client(26), share_fd(32), hnd->flags:4
01-01 12:52:28.732   423   441 I [MALI][Gralloc]: [+]r_hnd(0xb5dd4320), client(21), share_fd(22)
01-01 12:52:28.736   283   283 D ImgSensorDrv: [impSearchSensor][impSearchSensor] Err-ctrlCode (I/O error) 
01-01 12:52:28.737   283   283 D ImgSensorDrv: [getCurrentSensorType][getCurrentSensorType] 
01-01 12:52:28.737   283   283 D ImgSensorDrv: [getInfo][getInfo],m_fdSensor = 0xa 
01-01 12:52:28.737   283   283 D ImgSensorDrv: [getSocketPosition][getSocketPosition]:[2][-1] 
01-01 12:52:28.737   283   283 D ImgSensorDrv: [impSearchSensor]sensor ID mismatch
01-01 12:52:28.737   283   283 D ImgSensorDrv: [impSearchSensor]set sensor driver id =20006
01-01 12:52:28.790   283   283 D ImgSensorDrv: [getCurrentSensorType][getCurrentSensorType] 
01-01 12:52:28.790   283   283 D ImgSensorDrv: [getInfo][getInfo],m_fdSensor = 0xa 
01-01 12:52:28.790   283   283 D ImgSensorDrv: [getSocketPosition][getSocketPosition]:[2][-1] 
