12-15 10:39:23.122   532   865 D ActivityManager: cleanUpApplicationRecord -- 1938
12-15 10:39:23.142  2424  2478 I UnifiedEmail: notifyAccountChanged
12-15 10:39:23.144  2424  2441 I UnifiedEmail: getAccountsCursor
12-15 10:39:23.145  2424  2478 I Gmail   : calculateUnknownSyncRationalesAndPurgeInBackground: queueing
12-15 10:39:23.167  2424  2478 I Gmail   : calculateUnknownSyncRationalesAndPurgeInBackground: queueing
12-15 10:39:23.179  2424  2478 I Gmail   : calculateUnknownSyncRationalesAndPurgeInBackground: running
12-15 10:39:23.185  2424  2479 W art     : Long monitor contention with owner IntentService[GmailIntentService] (2460) at long android.database.sqlite.SQLiteConnection.nativePrepareStatement(long, java.lang.String)(SQLiteConnection.java:-2) waiters=0 in ehv ehv.a(android.content.Context, java.lang.String) for 194ms
12-15 10:39:23.185  2424  2479 I dvm_lock_sample: [com.google.android.gm,0,MailEngine creation,194,SourceFile,1103,SQLiteConnection.java,-2,38]
12-15 10:39:23.224  2424  2460 I Gmail   : Sending provider changed intent: Intent { act=android.intent.action.PROVIDER_CHANGED dat=content://gmail-ls/unread/^sq_ig_i_personal (has extras) }
12-15 10:39:23.238  2424  2478 I Gmail   : calculateUnknownSyncRationalesAndPurgeInBackground: running
12-15 10:39:23.271  2424  2442 I UnifiedEmail: getAccountsCursor
12-15 10:39:23.287  2424  2460 I Gmail   : Sending provider changed intent: Intent { act=android.intent.action.PROVIDER_CHANGED dat=content://gmail-ls/unread/^sq_ig_i_promo (has extras) }
12-15 10:39:23.304  2424  2460 I Gmail   : Sending provider changed intent: Intent { act=android.intent.action.PROVIDER_CHANGED dat=content://gmail-ls/unread/^sq_ig_i_social (has extras) }
12-15 10:39:23.976     0     0 W -(0)[0:swapper/0][Power/swap]DP: No enter --- SODI: No enter ---
12-15 10:39:23.308  2424  2455 I UnifiedEmail: getAccountsCursor
12-15 10:39:23.315   532  1145 I ActivityManager: Killing 1325:com.android.carrierconfig/u0a5 (adj 906): empty #17
12-15 10:39:23.315   532  1145 I am_kill : [0,1325,com.android.carrierconfig,906,empty #17]
12-15 10:39:23.380   532   865 I am_proc_died: [0,1325,com.android.carrierconfig]
12-15 10:39:23.380   532   865 D ActivityManager: cleanUpApplicationRecord -- 1325
12-15 10:39:24.049     0     0 E         : (3)[176:mtk charger_hv_][BATTERY] Disable check battery exist.
12-15 10:39:23.397   532   548 I sync    : [com.google.android.gms.auth.accountstate,0,3,-1776524722]
12-15 10:39:23.409  1851  2486 I chatty  : uid=10031(com.google.android.gms) expire 10 lines
12-15 10:39:23.603  1851  2000 I [70220] : 34834
12-15 10:39:23.641  1304  2494 I chatty  : uid=10031 com.google.android.gms.persistent expire 1 line
12-15 10:39:23.683  1304  2499 I chatty  : uid=10031 com.google.android.gms.persistent expire 1 line
12-15 10:39:23.727  1304  2494 I Auth    : [AccountStateSyncAdapter] Skipping sync because account state sync is not enabled.
12-15 10:39:23.855   532   548 I sync    : [com.google.android.gms.auth.accountstate,1,3,-1776524722]
12-15 10:39:23.887  1304  1304 I GoogleURLConnFactory: Using platform SSLCertificateSocketFactory
12-15 10:39:23.889  1851  1862 W art     : Suspending all threads took: 19.971ms
12-15 10:39:23.901  1851  1862 I art     : Background partial concurrent mark sweep GC freed 17072(1600KB) AllocSpace objects, 7(140KB) LOS objects, 41% free, 5MB/9MB, paused 24.276ms total 136.675ms
12-15 10:39:23.917   532   545 I ActivityManager: Killing 1047:org.cyanogenmod.weather.provider/u0a28 (adj 906): empty #17
12-15 10:39:23.917   532   545 I am_kill : [0,1047,org.cyanogenmod.weather.provider,906,empty #17]
12-15 10:39:23.928  1304  1304 E BaseAppContext: Tried to stop global GMSCore RequestQueue. This is likely unintended, so ignoring.
12-15 10:39:24.005  1304  1304 I NetworkScheduler: Using standalone scheduling engine
12-15 10:39:24.008  1553  1553 I SpeakerIdMUpgradeTask: App version upgraded to 300723882: running speaker ID model upgrade tasks.
12-15 10:39:24.010   532  1444 I am_proc_died: [0,1047,org.cyanogenmod.weather.provider]
12-15 10:39:24.010   532  1444 D ActivityManager: cleanUpApplicationRecord -- 1047
12-15 10:39:24.172  1851  2486 I FA-SVC  : App measurement is starting up, version: 10084
12-15 10:39:24.172  1851  2486 I FA-SVC  : To enable debug logging run: adb shell setprop log.tag.FA VERBOSE
12-15 10:39:24.209  1304  1678 W ContentTaskController: Invalid newTask was provided to startTracking.
12-15 10:39:24.209  1304  1678 W ContentTaskController: Invalid newTask was provided to startTracking.
12-15 10:39:24.209  1304  1678 W ContentTaskController: Invalid newTask was provided to startTracking.
12-15 10:39:24.209  1304  1678 W ContentTaskController: Invalid newTask was provided to startTracking.
12-15 10:39:24.209  1304  1678 W ContentTaskController: Invalid newTask was provided to startTracking.
12-15 10:39:24.209  1304  1678 W ContentTaskController: Invalid newTask was provided to startTracking.
12-15 10:39:24.209  1304  1678 W ContentTaskController: Invalid newTask was provided to startTracking.
12-15 10:39:24.209  1304  1678 W ContentTaskController: Invalid newTask was provided to startTracking.
12-15 10:39:24.209  1304  1678 W ContentTaskController: Invalid newTask was provided to startTracking.
12-15 10:39:24.209  1304  1678 W ContentTaskController: Invalid newTask was provided to startTracking.
12-15 10:39:24.209  1304  1678 W ContentTaskController: Invalid newTask was provided to startTracking.
12-15 10:39:24.209  1304  1678 W ContentTaskController: Invalid newTask was provided to startTracking.
12-15 10:39:24.209  1304  1678 W ContentTaskController: Invalid newTask was provided to startTracking.
12-15 10:39:24.209  1304  1678 W ContentTaskController: Invalid newTask was provided to startTracking.
12-15 10:39:24.209  1304  1678 W ContentTaskController: Invalid newTask was provided to startTracking.
12-15 10:39:24.209  1304  1678 W ContentTaskController: Invalid newTask was provided to startTracking.
12-15 10:39:24.209  1304  1678 W ContentTaskController: Invalid newTask was provided to startTracking.
12-15 10:39:24.209  1304  1678 W ContentTaskController: Invalid newTask was provided to startTracking.
12-15 10:39:24.209  1304  1678 W ContentTaskController: Invalid newTask was provided to startTracking.
12-15 10:39:24.209  1304  1678 W ContentTaskController: Invalid newTask was provided to startTracking.
12-15 10:39:24.209  1304  1678 W ContentTaskController: Invalid newTask was provided to startTracking.
12-15 10:39:24.209  1304  1678 W ContentTaskController: Invalid newTask was provided to startTracking.
12-15 10:39:24.209  1304  1678 W ContentTaskController: Invalid newTask was provided to startTracking.
12-15 10:39:24.209  1304  1678 W ContentTaskController: Invalid newTask was provided to startTracking.
12-15 10:39:24.209  1304  1678 W ContentTaskController: Invalid newTask was provided to startTracking.
12-15 10:39:24.209  1304  1678 W ContentTaskController: Invalid newTask was provided to startTracking.
12-15 10:39:24.209  1304  1678 W ContentTaskController: Invalid newTask was provided to startTracking.
12-15 10:39:24.209  1304  1678 W ContentTaskController: Invalid newTask was provided to startTracking.
12-15 10:39:24.209  1304  1678 W ContentTaskController: Invalid newTask was provided to startTracking.
12-15 10:39:24.209  1304  1678 W ContentTaskController: Invalid newTask was provided to startTracking.
12-15 10:39:24.209  1304  1678 W ContentTaskController: Invalid newTask was provided to startTracking.
12-15 10:39:24.210  1304  1678 W ContentTaskController: Invalid newTask was provided to startTracking.
12-15 10:39:24.210  1304  1678 W ContentTaskController: Invalid newTask was provided to startTracking.
12-15 10:39:24.210  1304  1678 W ContentTaskController: Invalid newTask was provided to startTracking.
12-15 10:39:24.210  1304  1678 W ContentTaskController: Invalid newTask was provided to startTracking.
12-15 10:39:24.224  1851  2518 I CheckinService: Disabling old GoogleServicesFramework version
12-15 10:39:24.245  1851  2522 I Auth    : [FRP,FrpUpdateIntentOperation] Frp is not supported for this device / user
12-15 10:39:24.270  1851  2520 I FA-SVC  : This instance being marked as an uploader
12-15 10:39:24.271  1851  2514 I GoogleURLConnFactory: Using platform SSLCertificateSocketFactory
12-15 10:39:24.274  1851  2514 E BaseAppContext: Tried to stop global GMSCore RequestQueue. This is likely unintended, so ignoring.
12-15 10:39:24.315   532  1442 I am_proc_start: [0,2532,10071,com.android.chrome,service,com.android.chrome/org.chromium.chrome.browser.customtabs.CustomTabsConnectionService]
12-15 10:39:24.316   532  1442 I ActivityManager: Start proc 2532:com.android.chrome/u0a71 for service com.android.chrome/org.chromium.chrome.browser.customtabs.CustomTabsConnectionService
12-15 10:39:24.400  1851  2487 I Ads     : Initialized AdMob.
12-15 10:39:24.476  1851  2548 W IcingInternalCorpora: getNumBytesRead when not calculated.
12-15 10:39:24.478  1851  2514 I AuthZen : Fetching signing key...
12-15 10:39:24.489   532  1444 I am_proc_bound: [0,2532,com.android.chrome]
12-15 10:39:24.549  1851  2531 I CheckinChimeraService: Checking schedule, now: 1481787564548 next: 1481787536616
12-15 10:39:24.562  1851  2531 I CheckinChimeraService: active receiver: enabled
12-15 10:39:24.567  1851  2531 I CheckinChimeraService: Preparing to send checkin request
12-15 10:39:24.571  1851  2531 I EventLogChimeraService: Accumulating logs since 1481784528486
12-15 10:39:24.596  1851  2486 V SmartDevice: [service,SmartDeviceIntentHandlers] OnUpgradeOrBootOperation got intent: Intent { act=android.intent.action.BOOT_COMPLETED flg=0x9000010 cmp=com.google.android.gms/.chimera.GmsIntentOperationService (has extras) } with flag 2
12-15 10:39:24.598  2532  2532 W System  : ClassLoader referenced unknown path: /system/app/Chrome/lib/arm
12-15 10:39:25.258     0     0 E         : (0)[176:mtk charger_hv_][BATTERY] Disable check battery exist.
12-15 10:39:25.262    87    87 W         : (0)[87:hps_main][HPS] (0000)(4)DBG_HRT(400)(588)(258)(0) (4)(4)(4)(4)(1) (0)(0)(0) (3140)(148)(4) (6)(588)(148)(0)(588) wifi_base(0)
12-15 10:39:24.667  1851  2514 I AuthZen : Signing key fetched successfully!
12-15 10:39:24.788  1851  1862 I art     : Background sticky concurrent mark sweep GC freed 21190(2MB) AllocSpace objects, 20(400KB) LOS objects, 32% free, 6MB/9MB, paused 11.458ms total 162.582ms
12-15 10:39:24.865   818   818 I AndroidIME: android.app.ActivityThread: android.intent.action.BOOT_COMPLETED
12-15 10:39:24.902   532   546 I am_proc_start: [0,2560,10085,com.google.android.keep,broadcast,com.google.android.keep/.notification.AlertReceiver]
12-15 10:39:24.902   532   546 I ActivityManager: Start proc 2560:com.google.android.keep/u0a85 for broadcast com.google.android.keep/.notification.AlertReceiver
12-15 10:39:24.936   532  1138 I am_proc_bound: [0,2560,com.google.android.keep]
12-15 10:39:24.969   424   474 D RILMUXD : [gsm0710muxd] 1643:gsm0710_base_buffer_get_frame(): Get a complete frame. ch:2, ctrl:239, len:37
12-15 10:39:24.969   424   474 D RILMUXD : [gsm0710muxd] 2383:extract_frames(): Writing 37 byte frame received on channel 2 to /dev/pts/2
12-15 10:39:24.969   424   474 D RILMUXD : [gsm0710muxd] 2403:extract_frames(): write() returned. Written 37/37 bytes of frame to /dev/pts/2
12-15 10:39:24.969   424   474 D RILMUXD : [gsm0710muxd] 2408:extract_frames(): fsync() failed (-1, 22 - Invalid argument)
12-15 10:39:24.970   488   516 I AT      : AT read end: 37
12-15 10:39:24.970   488   516 D AT      : AT< +ECSQ: 29,99,-328,1,1,1,1,3,32767
12-15 10:39:24.970   488   516 D AT      : RIL_URC_READER Enter processLine:+ECSQ: 29,99,-328,1,1,1,1,3,32767
12-15 10:39:24.970   488   516 D RIL     : Nw URC:+ECSQ: 29,99,-328,1,1,1,1,3,32767
12-15 10:39:24.970   488   516 D RILC    : callForRilVersion new vendor RIL, version: 10
12-15 10:39:24.970   488   516 I RILC    : RIL_SOCKET_1 UNSOLICITED: UNSOL_SIGNAL_STRENGTH length:72
12-15 10:39:24.970   488   516 E RILC    : Send Response to RIL_SOCKET_1
12-15 10:39:24.970   488   516 I AT      : AT read start
12-15 10:39:25.049   532   548 I am_pss  : [1095,10003,org.cyanogenmod.cmaudio.service,3024896,2256896,0]
12-15 10:39:25.055  1851  2549 W art     : Verification of long com.google.android.gms.games.broker.AchievementAgent.performLocalIncrement(com.google.android.gms.games.broker.AchievementAgent$AchievementStepData, boolean, boolean) took 155.723ms
12-15 10:39:25.070  1851  2487 I Vision  : Supported ABIS: [armeabi-v7a, armeabi]
12-15 10:39:25.107  2560  2560 I art     : Starting a blocking GC AddRemoveAppImageSpace
12-15 10:39:25.146  1553  2559 W System  : ClassLoader referenced unknown path: /system/app/Chrome/lib/arm
12-15 10:39:25.148  1553  2559 D ApplicationLoaders: ignored Vulkan layer search path /system/app/Chrome/lib/arm:/system/app/Chrome/Chrome.apk!/lib/armeabi-v7a:/system/lib:/vendor/lib for namespace 0xb6c6c090
12-15 10:39:25.158  1553  2559 I WebViewFactory: Loading com.android.chrome version 55.0.2883.91 (code 288309102)
12-15 10:39:25.162  1851  1984 W Icing   : Usage reports not received in time.
12-15 10:39:25.163  1851  1984 I Icing   : Usage reports 0 indexed 0 rejected 0 imm upload false
12-15 10:39:25.167  2532  2532 W DynamiteModule: Local module descriptor class for com.google.android.gms.googlecertificates not found.
12-15 10:39:25.212  2532  2532 W System  : ClassLoader referenced unknown path: /system/priv-app/PrebuiltGmsCore/lib/arm
12-15 10:39:25.213  2532  2532 D ApplicationLoaders: ignored Vulkan layer search path /system/priv-app/PrebuiltGmsCore/lib/arm:/system/fake-libs:/system/priv-app/PrebuiltGmsCore/PrebuiltGmsCore.apk!/lib/armeabi-v7a:/system/lib:/vendor/lib for namespace 0xb6d68090
12-15 10:39:25.220   424   424 D RILMUXD : [gsm0710muxd] 3897:main(): Frames received/dropped: 592/0
12-15 10:39:25.231  2532  2532 W System  : ClassLoader referenced unknown path: 
12-15 10:39:25.231  2532  2532 W System  : ClassLoader referenced unknown path: /system/priv-app/PrebuiltGmsCore/lib/arm
12-15 10:39:25.233  2532  2532 D ApplicationLoaders: ignored Vulkan layer search path /system/priv-app/PrebuiltGmsCore/lib/arm:/system/fake-libs:/system/priv-app/PrebuiltGmsCore/PrebuiltGmsCore.apk!/lib/armeabi-v7a:/system/lib:/vendor/lib for namespace 0xb6d680d0
12-15 10:39:25.393  1553  2559 I cr_LibraryLoader: Time to load native libraries: 31 ms (timestamps 5808-5839)
12-15 10:39:25.394  1553  2559 I cr_LibraryLoader: Expected native library version number "55.0.2883.91", actual native library version number "55.0.2883.91"
12-15 10:39:25.442  2560  2560 W InstanceID/Rpc: Found 10031
12-15 10:39:25.574   532  1443 I am_proc_start: [0,2586,10032,com.google.android.onetimeinitializer,broadcast,com.google.android.onetimeinitializer/.OneTimeInitializerReceiver]
12-15 10:39:25.574   532  1443 I ActivityManager: Start proc 2586:com.google.android.onetimeinitializer/u0a32 for broadcast com.google.android.onetimeinitializer/.OneTimeInitializerReceiver
12-15 10:39:25.602  2532  2532 I DynamiteModule: Considering local module com.google.android.gms.googlecertificates:0 and remote module com.google.android.gms.googlecertificates:2
12-15 10:39:25.603  2532  2532 I DynamiteModule: Selected remote version of com.google.android.gms.googlecertificates, version >= 2
12-15 10:39:25.615  2532  2532 W System  : ClassLoader referenced unknown path: /data/user/0/com.google.android.gms/app_chimera/m/00000001/n/armeabi
12-15 10:39:25.616   532  1145 I am_proc_bound: [0,2586,com.google.android.onetimeinitializer]
12-15 10:39:25.643  1304  2576 I GCM     : GCM config loaded
12-15 10:39:25.665  2586  2586 I art     : Starting a blocking GC AddRemoveAppImageSpace
12-15 10:39:25.666  2586  2586 W System  : ClassLoader referenced unknown path: /system/priv-app/GoogleOneTimeInitializer/lib/arm
12-15 10:39:25.692   532   865 I ActivityManager: Killing 1386:com.android.printspooler/u0a63 (adj 906): empty #17
12-15 10:39:25.692   532   865 I am_kill : [0,1386,com.android.printspooler,906,empty #17]
12-15 10:39:25.716  1304  2576 I c2dm    : [-2,NULL,1,1]
12-15 10:39:25.727  2586  2586 V OneTimeInitializerReceiver: OneTimeInitializerReceiver.onReceive
12-15 10:39:25.745  1304  2606 I c2dm    : [3,NULL,1,1]
12-15 10:39:25.759   532  1443 I am_proc_start: [0,2609,10034,com.google.android.partnersetup,broadcast,com.google.android.partnersetup/.GooglePartnerSetup]
12-15 10:39:25.759   532  1443 I ActivityManager: Start proc 2609:com.google.android.partnersetup/u0a34 for broadcast com.google.android.partnersetup/.GooglePartnerSetup
12-15 10:39:25.774  1304  2606 I gtalk_heartbeat_reset: [66676,64.233.161.188:5228]
12-15 10:39:25.775   532  1443 I am_proc_died: [0,1386,com.android.printspooler]
12-15 10:39:25.775   532  1443 D ActivityManager: cleanUpApplicationRecord -- 1386
12-15 10:39:25.778  1304  2606 I gtalk_connection: 0
12-15 10:39:25.787  2586  2607 V OneTimeService: OneTimeService.onHandleIntent
12-15 10:39:25.788  2586  2607 V OneTimeService: Already run, doing nothing.
12-15 10:39:25.789   532  1442 I am_proc_bound: [0,2609,com.google.android.partnersetup]
12-15 10:39:26.462     0     0 E         : (3)[176:mtk charger_hv_][BATTERY] Disable check battery exist.
12-15 10:39:25.804   532  1145 I ActivityManager: Killing 1968:com.android.managedprovisioning/u0a16 (adj 906): empty #17
12-15 10:39:25.804   532  1145 I am_kill : [0,1968,com.android.managedprovisioning,906,empty #17]
12-15 10:39:25.818  1304  2606 I c2dm    : [7,,1,1]
12-15 10:39:25.873  2609  2609 I art     : Starting a blocking GC AddRemoveAppImageSpace
12-15 10:39:25.874  2609  2609 W System  : ClassLoader referenced unknown path: /system/priv-app/GooglePartnerSetup/lib/arm
12-15 10:39:25.890   532  1138 I am_proc_died: [0,1968,com.android.managedprovisioning]
12-15 10:39:25.890   532  1138 D ActivityManager: cleanUpApplicationRecord -- 1968
12-15 10:39:25.910  1851  2000 I [70220] : 34834
12-15 10:39:25.923  1553  2559 I cr_CronetLibraryLoader: Cronet version: 55.0.2883.22, arch: armv7l
12-15 10:39:25.932  1553  2559 I UrlRequestFactory: Using network stack: Cronet/55.0.2883.22@12bce5a8
12-15 10:39:25.992  1851  2000 I Wear_Controller: Wear is not allowed to run on this device. Not starting control service.
12-15 10:39:26.067   532   545 I am_proc_start: [0,2638,10037,com.google.android.storagemanager,broadcast,com.google.android.storagemanager/com.android.storagemanager.automatic.AutomaticStorageBroadcastReceiver]
12-15 10:39:26.068   532   545 I ActivityManager: Start proc 2638:com.google.android.storagemanager/u0a37 for broadcast com.google.android.storagemanager/com.android.storagemanager.automatic.AutomaticStorageBroadcastReceiver
12-15 10:39:26.764    87    87 W         : (0)[87:hps_main][HPS] (0000)(4)DBG_HRT(392)(802)(99)(0) (4)(4)(4)(4)(1) (0)(0)(0) (3005)(163)(3) (0)(802)(163)(0)(802) wifi_base(0)
12-15 10:39:26.105   532  1145 I am_proc_bound: [0,2638,com.google.android.storagemanager]
12-15 10:39:26.144  1851  2000 I MS_RegisterService: RegisterService intent:Intent { act=com.google.android.gms.matchstick.register_intent_action cat=[targeted_intent_op_prefix:com.google.android.libraries.matchstick.net.SilentRegisterIntentOperation] cmp=com.google.android.gms/.chimera.GmsIntentOperationService } isPeriodic:false
12-15 10:39:26.168   532  1444 I ActivityManager: Killing 1837:com.google.android.apps.plus/u0a83 (adj 906): empty #17
12-15 10:39:26.168   532  1444 I am_kill : [0,1837,com.google.android.apps.plus,906,empty #17]
12-15 10:39:26.189  2638  2638 I art     : Starting a blocking GC AddRemoveAppImageSpace
12-15 10:39:26.191  2638  2638 W System  : ClassLoader referenced unknown path: /system/priv-app/StorageManagerGoogle/lib/arm
12-15 10:39:26.198  2609  2637 I RlzPingService: Setting next ping for 1481787720358
12-15 10:39:26.890     0     0 E         : (3)[2624:Thread-3]Dump cpuinfo
12-15 10:39:26.240  1851  2000 I MS_PhoneUtils: Phone type: 1
12-15 10:39:26.254   532  1440 I am_proc_died: [0,1837,com.google.android.apps.plus]
12-15 10:39:26.254   532  1440 D ActivityManager: cleanUpApplicationRecord -- 1837
12-15 10:39:26.307  1851  2000 I MS_RegisterService: Doing full registration.
12-15 10:39:26.310  2329  2355 I GAV2    : Thread[GAThread,5,main]: No campaign data found.
12-15 10:39:26.314  1553  2656 D NetworkSecurityConfig: No Network Security Config specified, using platform default
12-15 10:39:26.370   532  1138 I am_proc_start: [0,2672,10049,com.google.process.gapps,broadcast,com.google.android.syncadapters.contacts/.ContactsSyncAdapterBroadcastReceiver]
12-15 10:39:26.370   532  1138 I ActivityManager: Start proc 2672:com.google.process.gapps/u0a49 for broadcast com.google.android.syncadapters.contacts/.ContactsSyncAdapterBroadcastReceiver
12-15 10:39:26.374   532  1138 I ActivityManager: Killing 2067:com.cyanogenmod.lockclock/u0a58 (adj 906): empty #17
12-15 10:39:26.374   532  1138 I am_kill : [0,2067,com.cyanogenmod.lockclock,906,empty #17]
12-15 10:39:26.397   532   546 I am_proc_bound: [0,2672,com.google.process.gapps]
12-15 10:39:26.454   532  1443 I am_proc_died: [0,2067,com.cyanogenmod.lockclock]
12-15 10:39:26.454   532  1443 D ActivityManager: cleanUpApplicationRecord -- 2067
12-15 10:39:26.471  2672  2672 I art     : Starting a blocking GC AddRemoveAppImageSpace
12-15 10:39:26.474  2672  2672 W System  : ClassLoader referenced unknown path: /system/app/GoogleContactsSyncAdapter/lib/arm
12-15 10:39:26.513  1304  1304 W System  : ClassLoader referenced unknown path: /system/priv-app/PrebuiltGmsCore/lib/arm
12-15 10:39:26.515  1304  1304 W System  : ClassLoader referenced unknown path: /system/priv-app/PrebuiltGmsCore/lib/arm
12-15 10:39:26.529  1304  1304 W linker  : /system/priv-app/PrebuiltGmsCore/PrebuiltGmsCore.apk!/lib/armeabi-v7a/libleveldbjni.so: unused DT entry: type 0x7ffffffd arg 0xd2b
12-15 10:39:26.542  1111  1111 D RILJ    : [3824]> SIGNAL_STRENGTH [SUB1]
12-15 10:39:26.544   488   513 D RILC    : SOCKET RIL_SOCKET_2 REQUEST: SIGNAL_STRENGTH length:8
12-15 10:39:26.544   488   513 I RILC-MTK: create request 19: pRequest=0xb65fe800, pRI=0xb5bd41c0, p=0xb3e0c038, pUCI=0x0
12-15 10:39:26.545   488   513 D RILC-MTK: SIGNAL_STRENGTH pRI=0xb5bd41c0 p=0xb3e0c038 dispatched to RIL_CMD2_PROXY_3
12-15 10:39:26.545   488   512 I RILC-MTK: RIL_ATCI2_PROXY wakeup
12-15 10:39:26.545   488   507 I RILC-MTK: RIL_URC2_PROXY wakeup
12-15 10:39:26.545   488   512 I RILC-MTK: RIL_ATCI2_PROXY sleep
12-15 10:39:26.545   488   501 I RILC-MTK: RIL_URC_PROXY wakeup
12-15 10:39:26.545   488   506 I RILC-MTK: RIL_ATCI_PROXY wakeup
12-15 10:39:26.545   488   501 I RILC-MTK: RIL_URC_PROXY sleep
12-15 10:39:26.545   488   505 I RILC-MTK: RIL_CMD_PROXY_4 wakeup
12-15 10:39:26.545   488   506 I RILC-MTK: RIL_ATCI_PROXY sleep
12-15 10:39:26.545   488   508 I RILC-MTK: RIL_CMD2_PROXY_3 wakeup
12-15 10:39:26.545   488   508 D RILC-MTK: proxy id:7, proxyName: RIL_CMD2_PROXY_3
12-15 10:39:26.545   488   508 D RILC-MTK: SIGNAL_STRENGTH pRI=0xb5bd41c0 p=0xb3e0c038 execute on RIL_CMD2_PROXY_3 using channel 7
12-15 10:39:26.545   488   508 D RILC    : callOnRequest for new vendor ril
12-15 10:39:26.545   488   508 D RIL     : onRequest: SIGNAL_STRENGTH, datalen = 0
12-15 10:39:26.545   488   508 D RIL     : radioState:10
12-15 10:39:26.545   488   508 D AT      : AT send on RIL_CMD2_READER_1, tid:3039332640
12-15 10:39:26.545   488   508 D AT      : AT> AT+ECSQ
12-15 10:39:26.545   488   508 I AT      : AT write start
12-15 10:39:26.546   488   503 I RILC-MTK: RIL_CMD_PROXY_2 wakeup
12-15 10:39:26.546   488   503 I RILC-MTK: RIL_CMD_PROXY_2 sleep
12-15 10:39:26.546   488   511 I RILC-MTK: RIL_CMD2_PROXY_4 wakeup
12-15 10:39:26.546   488   511 I RILC-MTK: RIL_CMD2_PROXY_4 sleep
12-15 10:39:26.546   488   505 I RILC-MTK: RIL_CMD_PROXY_4 sleep
12-15 10:39:26.546   488   507 I RILC-MTK: RIL_URC2_PROXY sleep
12-15 10:39:26.546   424   484 D RILMUXD : [gsm0710muxd] 3614:poll_thread(): poll_thread select found
12-15 10:39:26.546   424   484 D RILMUXD : [gsm0710muxd] 1045:pseudo_device_read(): Enter, LackofAtciChannel=0
12-15 10:39:26.546   424   484 D RILMUXD : [gsm0710muxd] 657:write_frame(): Sending frame to channel 8
12-15 10:39:26.546   488   510 I RILC-MTK: RIL_CMD2_PROXY_1 wakeup
12-15 10:39:26.546   488   510 I RILC-MTK: RIL_CMD2_PROXY_1 sleep
12-15 10:39:26.546   424   484 D RILMUXD : [gsm0710muxd] 766:write_frame(): Write a frame on channel 8 with length 8
12-15 10:39:26.546   488   504 I RILC-MTK: RIL_CMD_PROXY_1 wakeup
12-15 10:39:26.546   488   504 I RILC-MTK: RIL_CMD_PROXY_1 sleep
12-15 10:39:26.546   488   502 I RILC-MTK: RIL_CMD_PROXY_3 wakeup
12-15 10:39:26.546   488   502 I RILC-MTK: RIL_CMD_PROXY_3 sleep
12-15 10:39:26.546   488   509 I RILC-MTK: RIL_CMD2_PROXY_2 wakeup
12-15 10:39:26.546   488   509 I RILC-MTK: RIL_CMD2_PROXY_2 sleep
12-15 10:39:26.554   424   474 D RILMUXD : [gsm0710muxd] 1643:gsm0710_base_buffer_get_frame(): Get a complete frame. ch:8, ctrl:239, len:37
12-15 10:39:26.554   424   474 D RILMUXD : [gsm0710muxd] 2383:extract_frames(): Writing 37 byte frame received on channel 8 to /dev/pts/9
12-15 10:39:26.554   424   474 D RILMUXD : [gsm0710muxd] 2403:extract_frames(): write() returned. Written 37/37 bytes of frame to /dev/pts/9
12-15 10:39:26.554   424   474 D RILMUXD : [gsm0710muxd] 2408:extract_frames(): fsync() failed (-1, 22 - Invalid argument)
12-15 10:39:26.554   488   523 I AT      : AT read end: 37
12-15 10:39:26.554   488   523 D AT      : AT< +ECSQ: 38,99,-289,1,1,1,1,0,32767
12-15 10:39:26.554   488   523 D AT      : RIL_CMD2_READER_1 Enter processLine:+ECSQ: 38,99,-289,1,1,1,1,0,32767
12-15 10:39:26.554   488   523 I AT      : AT read start
12-15 10:39:26.554   424   474 D RILMUXD : [gsm0710muxd] 1643:gsm0710_base_buffer_get_frame(): Get a complete frame. ch:8, ctrl:239, len:6
12-15 10:39:26.554   424   474 D RILMUXD : [gsm0710muxd] 2383:extract_frames(): Writing 6 byte frame received on channel 8 to /dev/pts/9
12-15 10:39:26.555   424   474 D RILMUXD : [gsm0710muxd] 2403:extract_frames(): write() returned. Written 6/6 bytes of frame to /dev/pts/9
12-15 10:39:26.555   424   474 D RILMUXD : [gsm0710muxd] 2408:extract_frames(): fsync() failed (-1, 22 - Invalid argument)
12-15 10:39:26.555   488   523 I AT      : AT read end: 6
12-15 10:39:26.555   488   523 D AT      : AT< OK
12-15 10:39:26.555   488   523 D AT      : RIL_CMD2_READER_1 Enter processLine:OK
12-15 10:39:26.555   488   523 I AT      : AT read start
12-15 10:39:26.555   488   508 D AT      : response received on RIL_CMD2_READER_1, tid:3039332640
12-15 10:39:26.555   488   508 D RILC    : RequestComplete, RIL_SOCKET_2
12-15 10:39:26.555   488   508 D RILC    : callForRilVersion new vendor RIL, version: 10
12-15 10:39:26.555   488   508 E RILC    : Send Response to RIL_SOCKET_2
12-15 10:39:26.555   488   508 D RILC-MTK: proxyLoop free  pRI=0xb5bd41c0 p=0xb3e0c038 
12-15 10:39:26.555   488   508 D RILC-MTK: proxyLoop free  pRequest=0xb65fe800
12-15 10:39:26.556   488   508 I RILC-MTK: RIL_CMD2_PROXY_3 sleep
12-15 10:39:26.556  1111  1180 D RILJ    : [3824]< SIGNAL_STRENGTH SignalStrength: 20 99 0 0 0 0 0 99 0 0 2147483647 2147483647 1 gsm|lte [SUB1]
12-15 10:39:26.556  1111  1111 D SubscriptionController: [getSubId]- numSubIds == 0, return DummySubIds slotIdx=1
12-15 10:39:27.218   311   311 E (1)[311:logcat][md1]traffic(3/0): Tx(7f)7-7,2139-2138,0-0,0-0,0-0,0-0,0-0,0-0:Rx(7f)9,1717,0,0,0,0,0,0
12-15 10:39:27.218   311   311 E (1)[311:logcat][md1]traffic(net): tx: [22]0 0, [26]0 0, [30]0 0, rx:[20]0, [24]0, [28]0
12-15 10:39:26.607   532  1440 I ActivityManager: Killing 2003:com.android.vending/u0a21 (adj 906): empty #17
12-15 10:39:26.607   532  1440 I am_kill : [0,2003,com.android.vending,906,empty #17]
12-15 10:39:26.610  2672  2672 I GoogleHttpClient: GMS http client unavailable, use old client
12-15 10:39:26.654   532  1138 I ActivityManager: Killing 2112:com.google.android.apps.magazines/u0a92 (adj 906): empty #17
12-15 10:39:26.654   532  1138 I am_kill : [0,2112,com.google.android.apps.magazines,906,empty #17]
12-15 10:39:26.673  1304  2495 W WakefulBroadcastReceiver: No active wake lock id #1
12-15 10:39:26.678  1851  2000 I MS_RegisterService: Throttling registration.
12-15 10:39:26.702   532  1443 I am_proc_start: [0,2694,10087,com.google.android.talk,broadcast,com.google.android.talk/com.google.android.apps.hangouts.service.broadcastreceiver.BootReceiver]
12-15 10:39:26.702   532  1443 I ActivityManager: Start proc 2694:com.google.android.talk/u0a87 for broadcast com.google.android.talk/com.google.android.apps.hangouts.service.broadcastreceiver.BootReceiver
12-15 10:39:26.725   532  1138 I am_proc_died: [0,2003,com.android.vending]
12-15 10:39:26.725   532  1138 D ActivityManager: cleanUpApplicationRecord -- 2003
12-15 10:39:26.729   532   546 I am_proc_bound: [0,2694,com.google.android.talk]
12-15 10:39:26.734  2672  2693 I GoogleHttpClient: GMS http client unavailable, use old client
12-15 10:39:26.737   532  1145 I am_proc_died: [0,2112,com.google.android.apps.magazines]
12-15 10:39:26.738   532  1145 D ActivityManager: cleanUpApplicationRecord -- 2112
12-15 10:39:26.775  1851  1984 I Icing   : Usage reports 0 indexed 0 rejected 0 imm upload false
12-15 10:39:26.811  1304  1304 I WearableService: Wear is not allowed to run on this device. Not starting Wear service.
12-15 10:39:26.882  1851  1984 I Icing   : Usage reports 0 indexed 0 rejected 0 imm upload false
12-15 10:39:26.905  2694  2694 I art     : Starting a blocking GC AddRemoveAppImageSpace
12-15 10:39:26.915  1304  1316 I art     : Background sticky concurrent mark sweep GC freed 21019(1708KB) AllocSpace objects, 14(280KB) LOS objects, 28% free, 6MB/8MB, paused 5.580ms total 89.993ms
12-15 10:39:26.917  2694  2694 W System  : ClassLoader referenced unknown path: /system/app/Hangouts/lib/arm
12-15 10:39:26.920   532  1442 I am_proc_start: [0,2713,10031,com.google.android.gms.ui,service,com.google.android.gms/.chimera.UiIntentOperationService]
12-15 10:39:26.920   532  1442 I ActivityManager: Start proc 2713:com.google.android.gms.ui/u0a31 for service com.google.android.gms/.chimera.UiIntentOperationService
12-15 10:39:26.943  1851  2558 E MDM     : [241] ucj.a: Couldn't connect to Google API client: jhx{statusCode=API_UNAVAILABLE, resolution=null, message=null}
12-15 10:39:26.952   532   865 I am_proc_bound: [0,2713,com.google.android.gms.ui]
12-15 10:39:26.997   532  1145 I ActivityManager: Killing 1911:com.google.android.gms.feedback/u0a31 (adj 906): empty #17
12-15 10:39:26.997   532  1145 I am_kill : [0,1911,com.google.android.gms.feedback,906,empty #17]
12-15 10:39:27.000   532   548 I sync    : [com.google.android.gms.auth.api.credentials,0,3,-1776524722]
12-15 10:39:27.664     0     0 E         : (3)[176:mtk charger_hv_][BATTERY] Disable check battery exist.
12-15 10:39:27.024  2713  2713 W System  : ClassLoader referenced unknown path: /system/priv-app/PrebuiltGmsCore/lib/arm
12-15 10:39:27.040   532  1145 I am_proc_died: [0,1911,com.google.android.gms.feedback]
12-15 10:39:27.040   532  1145 D ActivityManager: cleanUpApplicationRecord -- 1911
12-15 10:39:27.044   532  1145 W ActivityManager: Scheduling restart of crashed service com.google.android.gms/.feedback.FeedbackService in 1000ms
12-15 10:39:27.044   532  1145 I am_schedule_service_restart: [0,com.google.android.gms/.feedback.FeedbackService,1000]
12-15 10:39:27.046  1304  2733 I CheckinUtil: Classify the device as Phone.
12-15 10:39:27.073  1851  2531 I aggregation: 1481787567073
12-15 10:39:27.102  2713  2713 W System  : ClassLoader referenced unknown path: /system/priv-app/PrebuiltGmsCore/lib/arm
12-15 10:39:27.104  2713  2713 W System  : ClassLoader referenced unknown path: /system/priv-app/PrebuiltGmsCore/lib/arm
12-15 10:39:27.114  2713  2713 W linker  : /system/priv-app/PrebuiltGmsCore/PrebuiltGmsCore.apk!/lib/armeabi-v7a/libgmscore.so: unused DT entry: type 0x7ffffffd arg 0x79f
12-15 10:39:27.118  2713  2713 W System  : ClassLoader referenced unknown path: /system/priv-app/PrebuiltGmsCore/lib/arm
12-15 10:39:27.785  2713  2713 E         : (3)[2713:.android.gms.ui]Dump cpuinfo
12-15 10:39:27.119  2713  2713 W System  : ClassLoader referenced unknown path: /system/priv-app/PrebuiltGmsCore/lib/arm
12-15 10:39:27.126  2713  2713 W linker  : /system/priv-app/PrebuiltGmsCore/PrebuiltGmsCore.apk!/lib/armeabi-v7a/libconscrypt_gmscore_jni.so: unused DT entry: type 0x7ffffffd arg 0x1c9
12-15 10:39:27.127  2713  2713 V JNIHelp : Registering com/google/android/gms/org/conscrypt/NativeCrypto's 235 native methods...
12-15 10:39:27.147  1851  2531 I [70220] : [4,2576]
12-15 10:39:27.175  1111  1111 D RILJ    : [3825]> SIGNAL_STRENGTH [SUB0]
12-15 10:39:27.175  1851  2547 W art     : Long monitor contention with owner Thread-13 (2531) at java.lang.Object agyx.a(android.content.ContentResolver)(:com.google.android.gms:339) waiters=0 in java.lang.Void ivk.a() for 255ms
12-15 10:39:27.176   488   513 D RILC    : SOCKET RIL_SOCKET_1 REQUEST: SIGNAL_STRENGTH length:8
12-15 10:39:27.176   488   513 I RILC-MTK: create request 19: pRequest=0xb65fe810, pRI=0xb5bd41e0, p=0xb3e0c070, pUCI=0x0
12-15 10:39:27.176   488   513 D RILC-MTK: SIGNAL_STRENGTH pRI=0xb5bd41e0 p=0xb3e0c070 dispatched to RIL_CMD_PROXY_3
12-15 10:39:27.176   488   510 I RILC-MTK: RIL_CMD2_PROXY_1 wakeup
12-15 10:39:27.176   488   501 I RILC-MTK: RIL_URC_PROXY wakeup
12-15 10:39:27.176   488   510 I RILC-MTK: RIL_CMD2_PROXY_1 sleep
12-15 10:39:27.177   488   511 I RILC-MTK: RIL_CMD2_PROXY_4 wakeup
12-15 10:39:27.177   488   509 I RILC-MTK: RIL_CMD2_PROXY_2 wakeup
12-15 10:39:27.177   488   511 I RILC-MTK: RIL_CMD2_PROXY_4 sleep
12-15 10:39:27.177   488   504 I RILC-MTK: RIL_CMD_PROXY_1 wakeup
12-15 10:39:27.177   488   505 I RILC-MTK: RIL_CMD_PROXY_4 wakeup
12-15 10:39:27.177   488   504 I RILC-MTK: RIL_CMD_PROXY_1 sleep
12-15 10:39:27.177   488   507 I RILC-MTK: RIL_URC2_PROXY wakeup
12-15 10:39:27.177   488   509 I RILC-MTK: RIL_CMD2_PROXY_2 sleep
12-15 10:39:27.177   488   508 I RILC-MTK: RIL_CMD2_PROXY_3 wakeup
12-15 10:39:27.177   488   502 I RILC-MTK: RIL_CMD_PROXY_3 wakeup
12-15 10:39:27.177   488   508 I RILC-MTK: RIL_CMD2_PROXY_3 sleep
12-15 10:39:27.177   488   512 I RILC-MTK: RIL_ATCI2_PROXY wakeup
12-15 10:39:27.177   488   503 I RILC-MTK: RIL_CMD_PROXY_2 wakeup
12-15 10:39:27.177   488   502 D RILC-MTK: proxy id:1, proxyName: RIL_CMD_PROXY_3
12-15 10:39:27.177   488   512 I RILC-MTK: RIL_ATCI2_PROXY sleep
12-15 10:39:27.177   488   502 D RILC-MTK: SIGNAL_STRENGTH pRI=0xb5bd41e0 p=0xb3e0c070 execute on RIL_CMD_PROXY_3 using channel 1
12-15 10:39:27.177   488   506 I RILC-MTK: RIL_ATCI_PROXY wakeup
12-15 10:39:27.177   488   502 D RILC    : callOnRequest for new vendor ril
12-15 10:39:27.177   488   503 I RILC-MTK: RIL_CMD_PROXY_2 sleep
12-15 10:39:27.177   488   502 D RIL     : onRequest: SIGNAL_STRENGTH, datalen = 0
12-15 10:39:27.177   488   505 I RILC-MTK: RIL_CMD_PROXY_4 sleep
12-15 10:39:27.177   488   502 D RIL     : radioState:10
12-15 10:39:27.177   488   501 I RILC-MTK: RIL_URC_PROXY sleep
12-15 10:39:27.177   488   502 D AT      : AT send on RIL_CMD_READER_1, tid:3045599520
12-15 10:39:27.177   488   502 D AT      : AT> AT+ECSQ
12-15 10:39:27.177   488   507 I RILC-MTK: RIL_URC2_PROXY sleep
12-15 10:39:27.177   488   502 I AT      : AT write start
12-15 10:39:27.177   424   478 D RILMUXD : [gsm0710muxd] 3614:poll_thread(): poll_thread select found
12-15 10:39:27.178   424   478 D RILMUXD : [gsm0710muxd] 1045:pseudo_device_read(): Enter, LackofAtciChannel=0
12-15 10:39:27.178   424   478 D RILMUXD : [gsm0710muxd] 657:write_frame(): Sending frame to channel 3
12-15 10:39:27.178   424   478 D RILMUXD : [gsm0710muxd] 766:write_frame(): Write a frame on channel 3 with length 8
12-15 10:39:27.178   488   506 I RILC-MTK: RIL_ATCI_PROXY sleep
12-15 10:39:27.183  1851  2547 I dvm_lock_sample: [com.google.android.gms,0,EventLogService-AsyncTask,255,:com.google.android.gms,189,-,339,51]
12-15 10:39:27.184  1851  2547 I EventLogChimeraService: Aggregate from 1481787567073 (log), 1481784528486 (data)
12-15 10:39:27.184  1851  2547 I aggregation: 1481787567184
12-15 10:39:27.186   424   474 D RILMUXD : [gsm0710muxd] 1643:gsm0710_base_buffer_get_frame(): Get a complete frame. ch:3, ctrl:239, len:37
12-15 10:39:27.186   424   474 D RILMUXD : [gsm0710muxd] 2383:extract_frames(): Writing 37 byte frame received on channel 3 to /dev/pts/3
12-15 10:39:27.186   424   474 D RILMUXD : [gsm0710muxd] 2403:extract_frames(): write() returned. Written 37/37 bytes of frame to /dev/pts/3
12-15 10:39:27.186   424   474 D RILMUXD : [gsm0710muxd] 2408:extract_frames(): fsync() failed (-1, 22 - Invalid argument)
12-15 10:39:27.186   424   474 D RILMUXD : [gsm0710muxd] 1643:gsm0710_base_buffer_get_frame(): Get a complete frame. ch:3, ctrl:239, len:6
12-15 10:39:27.186   424   474 D RILMUXD : [gsm0710muxd] 2383:extract_frames(): Writing 6 byte frame received on channel 3 to /dev/pts/3
12-15 10:39:27.186   424   474 D RILMUXD : [gsm0710muxd] 2403:extract_frames(): write() returned. Written 6/6 bytes of frame to /dev/pts/3
12-15 10:39:27.186   424   474 D RILMUXD : [gsm0710muxd] 2408:extract_frames(): fsync() failed (-1, 22 - Invalid argument)
12-15 10:39:27.186   488   517 I AT      : AT read end: 43
12-15 10:39:27.186   488   517 D AT      : AT< +ECSQ: 29,99,-328,1,1,1,1,3,32767
12-15 10:39:27.186   488   517 D AT      : RIL_CMD_READER_1 Enter processLine:+ECSQ: 29,99,-328,1,1,1,1,3,32767
12-15 10:39:27.186   488   517 D AT      : AT< OK
12-15 10:39:27.186   488   517 D AT      : RIL_CMD_READER_1 Enter processLine:OK
12-15 10:39:27.187   488   517 I AT      : AT read start
12-15 10:39:27.187   488   502 D AT      : response received on RIL_CMD_READER_1, tid:3045599520
12-15 10:39:27.187   488   502 D RILC    : RequestComplete, RIL_SOCKET_1
12-15 10:39:27.187   488   502 D RILC    : callForRilVersion new vendor RIL, version: 10
12-15 10:39:27.187   488   502 E RILC    : Send Response to RIL_SOCKET_1
12-15 10:39:27.187   488   502 D RILC-MTK: proxyLoop free  pRI=0xb5bd41e0 p=0xb3e0c070 
12-15 10:39:27.187   488   502 D RILC-MTK: proxyLoop free  pRequest=0xb65fe810
12-15 10:39:27.187   488   502 I RILC-MTK: RIL_CMD_PROXY_3 sleep
12-15 10:39:27.188  1111  1178 D RILJ    : [3825]< SIGNAL_STRENGTH SignalStrength: 15 99 0 0 3 0 0 99 0 0 2147483647 2147483647 1 gsm|lte [SUB0]
12-15 10:39:27.198  2713  2713 D NetworkSecurityConfig: No Network Security Config specified, using platform default
12-15 10:39:27.209  2713  2713 I ProviderInstaller: Installed default security provider GmsCore_OpenSSL
12-15 10:39:27.220  1304  1716 W art     : Before Android 4.1, method double java.util.concurrent.ThreadLocalRandom.internalNextDouble(double, double) would have incorrectly overridden the package-private method in java.util.Random
12-15 10:39:27.220  1304  1716 W art     : Before Android 4.1, method int java.util.concurrent.ThreadLocalRandom.internalNextInt(int, int) would have incorrectly overridden the package-private method in java.util.Random
12-15 10:39:27.220  1304  1716 W art     : Before Android 4.1, method long java.util.concurrent.ThreadLocalRandom.internalNextLong(long, long) would have incorrectly overridden the package-private method in java.util.Random
12-15 10:39:27.254  1304  2733 W System  : ClassLoader referenced unknown path: /system/framework/tcmclient.jar
12-15 10:39:27.264  1851  2531 I CheckinTask: Get token from PseudonymousIdApi: 91=FjXgYA7RvthaI3JgXdBZxPjDUHr0OJevXkXQItasI0UUfmu69b9KrHPkhDyIfmmhB5zZbI2c0-1IGz-UduSp_ypRseivYlWKAKvpRSqPqFJ7KqWjbbWQm3fkhzeur4am
12-15 10:39:27.319  1851  2531 I CheckinRequestBuilder: Checkin reason type: 1 attempt count: 1
12-15 10:39:27.345  1304  2733 W Conscrypt: Could not set socket write timeout: null
12-15 10:39:27.353  1851  2531 E ActivityThread: Failed to find provider info for com.google.android.wearable.settings
12-15 10:39:27.426  1304  2733 W Conscrypt: Could not set socket write timeout: null
12-15 10:39:28.216     0     0 W -(0)[0:swapper/0][Power/swap]CNT(soidle,rgidle): [0] = (0,42558), [1] = (0,40417), [2] = (0,32805), [3] = (0,30210),
12-15 10:39:28.216     0     0 W -(0)[0:swapper/0][Power/swap]soidle_block_cnt: [by_cpu] = 22293, [by_clk] = 467, [by_tmr] = 0, [by_oth] = 5, [by_vtg] = 0,
12-15 10:39:28.216     0     0 W -(0)[0:swapper/0][Power/swap]soidle_block_mask: 0x00000000, 0x00000400, 0x00000000, 0x00000000, 0x00000000, 0x00000000, 0x00000000, 0x00000000, 0x00000000, 0x00000000,
12-15 10:39:27.593  1304  2711 I PhenotypeFlagCommitter: Experiment Configs successfully retrieved for com.google.android.location
12-15 10:39:28.265    87    87 W         : (0)[87:hps_main][HPS] (0000)(4)DBG_HRT(354)(328)(84)(0) (4)(4)(4)(4)(1) (0)(0)(0) (3035)(178)(2) (0)(328)(178)(0)(328) wifi_base(0)
12-15 10:39:27.631  1304  2711 I GCoreUlr: Starting service, intent=Intent { act=com.google.android.location.reporting.ACTION_UPDATE_WORLD cmp=com.google.android.gms/com.google.android.location.reporting.service.DispatchingService (has extras) }, extras=Bundle[{receiverAction=android.intent.action.BOOT_COMPLETED}]
12-15 10:39:27.708   532   548 I sync    : [com.google.android.gms.auth.api.credentials,1,3,-1776524722]
12-15 10:39:27.729  1851  2486 I PhenotypeFlagCommitter: Experiment Configs successfully retrieved for com.google.android.gms.walletp2p
12-15 10:39:27.737  1851  2001 I Vision  : Engine already satisfied by existing download for face
12-15 10:39:27.785  2424  2447 I GAV2    : Thread[GAThread,5,main]: No campaign data found.
12-15 10:39:27.811  1304  2686 I PhenotypeFlagCommitter: Experiment Configs successfully retrieved for com.google.android.gms.lockbox
12-15 10:39:27.840  2694  2694 I Babel_telephony: TeleModule.onApplicationCreate
12-15 10:39:27.843  2694  2764 I Babel_SMS: MmsConfig: mnc/mcc: 250/11
12-15 10:39:27.843  2694  2764 I Babel_SMS: MmsConfig.loadMmsSettings
12-15 10:39:27.850  2694  2764 I Babel_SMS: MmsConfig.loadDeviceMmsSettings from API: userAgent=CyanogenMod, uaProfUrl=http://www.google.com/oha/rdf/ua-profile-kila.xml
12-15 10:39:27.850  2694  2764 I Babel_SMS: MmsConfig.loadFromDatabase
12-15 10:39:27.871  2694  2764 E SQLiteLog: (1) no such table: mmsconfig
12-15 10:39:27.872  2713  2741 I PhenotypeFlagCommitter: Experiment Configs successfully retrieved for com.google.android.gms.people.ui
12-15 10:39:27.872  2694  2694 I Babel_Prime: wrapCrashReportingIntoUncaughtExceptionHandler
12-15 10:39:27.872  2694  2764 I Babel_SMS: MmsConfig: no mmsconfig table android.database.sqlite.SQLiteException: no such table: mmsconfig (code 1): , while compiling: SELECT key, value, type FROM mmsconfig WHERE numeric=?
12-15 10:39:27.873  2694  2764 I Babel_SMS: MmsConfig.loadFromResources
12-15 10:39:27.876  2694  2694 I Babel_App: Startup - clean
12-15 10:39:27.879  2694  2764 E Babel_SMS: canonicalizeMccMnc: invalid mccmnc nullnull
12-15 10:39:27.879  2694  2764 I Babel_SMS: MmsConfig.loadMmsSettings: userAgent=CyanogenMod, uaProfUrl=http://www.google.com/oha/rdf/ua-profile-kila.xml
12-15 10:39:27.886  2694  2767 I Babel_Prime: isMemoryEnabled=false
12-15 10:39:27.887  2694  2767 I Babel_Prime: isTimerEnabled=false
12-15 10:39:27.887  2694  2767 I Babel_Prime: isCrashCounterEnabled=true
12-15 10:39:27.887  2694  2767 I Babel_Prime: primesPackageConfigurationsProvider=false
12-15 10:39:27.911  2694  2694 I Babel_Prime: startMemoryMonitor
12-15 10:39:27.969  2694  2694 W Babel   : On boot, found 1 ready accounts
12-15 10:39:27.969  2694  2694 I Babel   : babel boot account: Redacted-16-chars
12-15 10:39:27.990   532  1384 I dvm_lock_sample: [system_server,1,Binder:532_6,52,AccountManagerService.java,3855,SQLiteConnection.java,-2,10]
12-15 10:39:27.997   532   546 I am_proc_start: [0,2775,10101,com.google.android.youtube,broadcast,com.google.android.youtube/com.google.android.libraries.youtube.upload.service.UploadService$BootReceiver]
12-15 10:39:27.997   532   546 I ActivityManager: Start proc 2775:com.google.android.youtube/u0a101 for broadcast com.google.android.youtube/com.google.android.libraries.youtube.upload.service.UploadService$BootReceiver
12-15 10:39:28.017  1304  1679 I GCoreUlr: WorldUpdater received intent Intent { act=com.google.android.location.reporting.ACTION_UPDATE_WORLD cmp=com.google.android.gms/com.google.android.location.reporting.service.DispatchingService (has extras) } with receiverAction android.intent.action.BOOT_COMPLETED
12-15 10:39:28.034   532  1145 I am_proc_bound: [0,2775,com.google.android.youtube]
12-15 10:39:28.062   532   549 I am_proc_start: [0,2791,10031,com.google.android.gms.feedback,service,com.google.android.gms/.feedback.FeedbackService]
12-15 10:39:28.062   532   549 I ActivityManager: Start proc 2791:com.google.android.gms.feedback/u0a31 for service com.google.android.gms/.feedback.FeedbackService
12-15 10:39:28.086   532  1436 I am_proc_bound: [0,2791,com.google.android.gms.feedback]
12-15 10:39:28.108  2694  2694 I Babel_ConcService: Binding ConcurrentService
12-15 10:39:28.153  1304  1685 W Conscrypt: Could not set socket write timeout: null
12-15 10:39:28.159  2775  2775 I art     : Starting a blocking GC AddRemoveAppImageSpace
12-15 10:39:28.167  2775  2775 W System  : ClassLoader referenced unknown path: /system/app/YouTube/lib/arm
12-15 10:39:28.183  2791  2791 W System  : ClassLoader referenced unknown path: /system/priv-app/PrebuiltGmsCore/lib/arm
12-15 10:39:28.866     0     0 E         : (1)[176:mtk charger_hv_][BATTERY] Disable check battery exist.
12-15 10:39:28.202  1851  2486 I PhenotypeFlagCommitter: Experiment Configs successfully retrieved for com.google.android.gms.people
12-15 10:39:28.235  2694  2812 W System  : ClassLoader referenced unknown path: /system/framework/tcmclient.jar
12-15 10:39:28.253  2694  2811 I Babel_ConcService: Acquired partial wake lock to keep ConcurrentService alive
12-15 10:39:28.257  2694  2811 I Babel_ConcService: Released partial wake lock as ConcurrentService became idle
12-15 10:39:28.259  2694  2815 I Babel_ConcService: Acquired partial wake lock to keep ConcurrentService alive
12-15 10:39:28.261  2694  2810 I Babel_ConcService: Released partial wake lock as ConcurrentService became idle
12-15 10:39:28.263  2694  2813 I Babel_ConcService: Acquired partial wake lock to keep ConcurrentService alive
12-15 10:39:28.261  1304  1685 W Conscrypt: Could not set socket write timeout: null
12-15 10:39:28.265  2694  2813 I Babel_ConcService: Released partial wake lock as ConcurrentService became idle
12-15 10:39:28.305  2791  2791 W System  : ClassLoader re