12-15 10:39:00.047   532   532 I SystemServiceManager: Starting com.android.server.search.SearchManagerService$Lifecycle
12-15 10:39:00.051   532   532 I SystemServiceManager: Starting com.android.server.DropBoxManagerService
12-15 10:39:00.054   532   532 I SystemServer: StartWallpaperManagerService
12-15 10:39:00.054   532   532 I SystemServiceManager: Starting com.android.server.wallpaper.WallpaperManagerService$Lifecycle
12-15 10:39:00.064   532   532 I SystemServer: StartAudioService
12-15 10:39:00.065   532   532 I SystemServiceManager: Starting com.android.server.audio.AudioService$Lifecycle
12-15 10:39:00.118   532   532 I stream_devices_changed: [0,0,1]
12-15 10:39:00.119   532   532 I stream_devices_changed: [2,0,2]
12-15 10:39:00.120   532   532 I stream_devices_changed: [3,0,2]
12-15 10:39:00.120   532   532 I stream_devices_changed: [4,0,2]
12-15 10:39:00.121   532   532 I stream_devices_changed: [6,0,1]
12-15 10:39:00.125   532   532 I SystemServiceManager: Starting com.android.server.DockObserver
12-15 10:39:00.127   532   532 W DockObserver: This kernel does not have dock station support
12-15 10:39:00.128   532   532 I SystemServer: StartWiredAccessoryManager
12-15 10:39:00.130   532   532 W WiredAccessoryManager: This kernel does not have usb audio support
12-15 10:39:00.130   532   532 W WiredAccessoryManager: This kernel does not have HDMI audio support
12-15 10:39:00.131   532   532 I SystemServiceManager: Starting com.android.server.usb.UsbService$Lifecycle
12-15 10:39:00.151   532   532 I SystemServer: StartSerialService
12-15 10:39:00.155   532   532 I SystemServiceManager: Starting com.android.server.twilight.TwilightService
12-15 10:39:00.156   532   532 I SystemServiceManager: Starting com.android.server.job.JobSchedulerService
12-15 10:39:00.164   532   532 D JobStore: Start tag: job-info
12-15 10:39:00.166   532   532 W JobStore: Periodic job for uid='10070' persisted run-time is too big [00:39, 2562047788015:12:55]. Clamping to [24:00:39,48:00:39]
12-15 10:39:00.186   532   532 I SystemServiceManager: Starting com.android.server.soundtrigger.SoundTriggerService
12-15 10:39:00.189   532   532 I SystemServiceManager: Starting com.android.server.backup.BackupManagerService$Lifecycle
12-15 10:39:00.195   532   532 I SystemServiceManager: Starting com.android.server.appwidget.AppWidgetService
12-15 10:39:00.207   532   532 I SystemServiceManager: Starting com.android.server.voiceinteraction.VoiceInteractionManagerService
12-15 10:39:00.211   532   532 I SystemServer: Gesture Launcher Service
12-15 10:39:00.211   532   532 I SystemServiceManager: Starting com.android.server.GestureLauncherService
12-15 10:39:00.211   532   532 I SystemServiceManager: Starting com.android.server.SensorNotificationService
12-15 10:39:00.212   532   532 I SystemServiceManager: Starting com.android.server.ContextHubSystemService
12-15 10:39:00.213   532   532 I SystemServer: StartDiskStatsService
12-15 10:39:00.215   532   532 I SystemServer: StartSamplingProfilerService
12-15 10:39:00.231   532   532 I SystemServer: StartNetworkTimeUpdateService
12-15 10:39:00.233   532   532 I SystemServer: StartCommonTimeManagementService
12-15 10:39:00.236   532   532 I SystemServer: CertBlacklister
12-15 10:39:00.238   532   532 I SystemServiceManager: Starting com.android.server.emergency.EmergencyAffordanceService
12-15 10:39:00.239   532   532 I SystemServiceManager: Starting com.android.server.dreams.DreamManagerService
12-15 10:39:00.242   532   532 I SystemServer: StartAssetAtlasService
12-15 10:39:00.248   532   532 I SystemServiceManager: Starting com.android.server.print.PrintManagerService
12-15 10:39:00.254   532   532 I SystemServiceManager: Starting com.android.server.restrictions.RestrictionsManagerService
12-15 10:39:00.257   532   532 I SystemServiceManager: Starting com.android.server.media.MediaSessionService
12-15 10:39:00.265   532   532 I SystemServer: StartMediaRouterService
12-15 10:39:00.276   532   532 I SystemServiceManager: Starting com.android.server.trust.TrustManagerService
12-15 10:39:00.286   532   532 I SystemServer: StartBackgroundDexOptService
12-15 10:39:00.289   532   532 I SystemServiceManager: Starting com.android.server.pm.ShortcutService$Lifecycle
12-15 10:39:00.301   532   532 I SystemServiceManager: Starting com.android.server.pm.LauncherAppsService
12-15 10:39:00.304   532   532 I SystemServiceManager: Starting com.android.server.media.projection.MediaProjectionManagerService
12-15 10:39:00.408   532   532 I SystemServiceManager: Starting com.android.server.MmsServiceBroker
12-15 10:39:00.415   532   532 I CMSystemServer: Attempting to start service org.cyanogenmod.platform.internal.CMStatusBarManagerService
12-15 10:39:00.421   532   532 I CMSystemServer: Starting service org.cyanogenmod.platform.internal.CMStatusBarManagerService
12-15 10:39:00.421   532   532 I SystemServiceManager: Starting org.cyanogenmod.platform.internal.CMStatusBarManagerService
12-15 10:39:00.424   532   532 I CMSystemServer: Attempting to start service org.cyanogenmod.platform.internal.ProfileManagerService
12-15 10:39:00.441   532   532 I CMSystemServer: Starting service org.cyanogenmod.platform.internal.ProfileManagerService
12-15 10:39:00.442   532   532 I SystemServiceManager: Starting org.cyanogenmod.platform.internal.ProfileManagerService
12-15 10:39:00.470   532   532 I CMSystemServer: Attempting to start service org.cyanogenmod.platform.internal.PartnerInterfaceService
12-15 10:39:00.474   532   532 I CMSystemServer: Starting service org.cyanogenmod.platform.internal.PartnerInterfaceService
12-15 10:39:00.474   532   532 I SystemServiceManager: Starting org.cyanogenmod.platform.internal.PartnerInterfaceService
12-15 10:39:00.476   532   532 I CMSystemServer: Attempting to start service org.cyanogenmod.platform.internal.CMTelephonyManagerService
12-15 10:39:00.478   532   532 I CMSystemServer: Starting service org.cyanogenmod.platform.internal.CMTelephonyManagerService
12-15 10:39:00.478   532   532 I SystemServiceManager: Starting org.cyanogenmod.platform.internal.CMTelephonyManagerService
12-15 10:39:00.480   532   532 I CMSystemServer: Attempting to start service org.cyanogenmod.platform.internal.CMHardwareService
12-15 10:39:00.486   532   532 I CMSystemServer: Starting service org.cyanogenmod.platform.internal.CMHardwareService
12-15 10:39:00.486   532   532 I SystemServiceManager: Starting org.cyanogenmod.platform.internal.CMHardwareService
12-15 10:39:00.487   532   532 I CMSystemServer: Attempting to start service org.cyanogenmod.platform.internal.AppSuggestManagerService
12-15 10:39:00.488   532   532 I CMSystemServer: Starting service org.cyanogenmod.platform.internal.AppSuggestManagerService
12-15 10:39:00.488   532   532 I SystemServiceManager: Starting org.cyanogenmod.platform.internal.AppSuggestManagerService
12-15 10:39:00.490   532   532 E AppSgstMgrService: no app suggest provider found
12-15 10:39:00.491   532   532 I CMSystemServer: Attempting to start service org.cyanogenmod.platform.internal.PerformanceManagerService
12-15 10:39:00.498   532   800 I ServiceThread: Enabled StrictMode logging for PerformanceManager looper.
12-15 10:39:00.499   532   532 I CMSystemServer: Starting service org.cyanogenmod.platform.internal.PerformanceManagerService
12-15 10:39:00.499   532   532 I SystemServiceManager: Starting org.cyanogenmod.platform.internal.PerformanceManagerService
12-15 10:39:00.500   532   801 I ServiceThread: Enabled StrictMode logging for PerformanceManager looper.
12-15 10:39:00.501   532   532 I CMSystemServer: Attempting to start service org.cyanogenmod.platform.internal.ThemeManagerServiceBroker
12-15 10:39:00.505   532   532 E BrokerableCMSystemService: Setting brokered service connection org.cyanogenmod.platform.internal.ThemeManagerServiceBroker$2@ff6e182
12-15 10:39:00.505   532   532 I CMSystemServer: Starting service org.cyanogenmod.platform.internal.ThemeManagerServiceBroker
12-15 10:39:00.505   532   532 I SystemServiceManager: Starting org.cyanogenmod.platform.internal.ThemeManagerServiceBroker
12-15 10:39:00.505   532   532 E BrokerableCMSystemService: Setting brokered service connection org.cyanogenmod.platform.internal.ThemeManagerServiceBroker$2@15fd093
12-15 10:39:00.506   532   532 I CMSystemServer: Attempting to start service org.cyanogenmod.platform.internal.IconCacheManagerServiceBroker
12-15 10:39:00.508   532   532 E BrokerableCMSystemService: Setting brokered service connection org.cyanogenmod.platform.internal.IconCacheManagerServiceBroker$2@c0ac8d0
12-15 10:39:00.508   532   532 I CMSystemServer: Starting service org.cyanogenmod.platform.internal.IconCacheManagerServiceBroker
12-15 10:39:00.508   532   532 I SystemServiceManager: Starting org.cyanogenmod.platform.internal.IconCacheManagerServiceBroker
12-15 10:39:00.508   532   532 E BrokerableCMSystemService: Setting brokered service connection org.cyanogenmod.platform.internal.IconCacheManagerServiceBroker$2@aa710c9
12-15 10:39:00.509   532   532 I CMSystemServer: Attempting to start service org.cyanogenmod.platform.internal.LiveLockScreenServiceBroker
12-15 10:39:00.512   532   532 E BrokerableCMSystemService: Setting brokered service connection org.cyanogenmod.platform.internal.LiveLockScreenServiceBroker$2@4b593ce
12-15 10:39:00.512   532   532 I CMSystemServer: Starting service org.cyanogenmod.platform.internal.LiveLockScreenServiceBroker
12-15 10:39:00.512   532   532 I SystemServiceManager: Starting org.cyanogenmod.platform.internal.LiveLockScreenServiceBroker
12-15 10:39:00.513   532   532 E BrokerableCMSystemService: Setting brokered service connection org.cyanogenmod.platform.internal.LiveLockScreenServiceBroker$2@3ace2ef
12-15 10:39:00.514   532   532 I CMSystemServer: Attempting to start service org.cyanogenmod.platform.internal.WeatherManagerServiceBroker
12-15 10:39:00.515   532   532 I CMSystemServer: Starting service org.cyanogenmod.platform.internal.WeatherManagerServiceBroker
12-15 10:39:00.516   532   532 I SystemServiceManager: Starting org.cyanogenmod.platform.internal.WeatherManagerServiceBroker
12-15 10:39:00.517   532   532 I CMSystemServer: Attempting to start service org.cyanogenmod.platform.internal.display.LiveDisplayService
12-15 10:39:00.524   532   802 I ServiceThread: Enabled StrictMode logging for LiveDisplay looper.
12-15 10:39:00.528   532   532 I CMSystemServer: Starting service org.cyanogenmod.platform.internal.display.LiveDisplayService
12-15 10:39:00.528   532   532 I SystemServiceManager: Starting org.cyanogenmod.platform.internal.display.LiveDisplayService
12-15 10:39:00.530   532   803 I ServiceThread: Enabled StrictMode logging for LiveDisplay looper.
12-15 10:39:00.532   532   532 I CMSystemServer: Attempting to start service org.cyanogenmod.platform.internal.CMAudioServiceBroker
12-15 10:39:00.534   532   532 I CMSystemServer: Starting service org.cyanogenmod.platform.internal.CMAudioServiceBroker
12-15 10:39:00.534   532   532 I SystemServiceManager: Starting org.cyanogenmod.platform.internal.CMAudioServiceBroker
12-15 10:39:00.570   532   532 E LockSettingsStorage: Cannot read file java.io.FileNotFoundException: /data/system/gatekeeper.password.key: open failed: ENOENT (No such file or directory)
12-15 10:39:00.571   532   532 E LockSettingsStorage: Cannot read file java.io.FileNotFoundException: /data/system/password.key: open failed: ENOENT (No such file or directory)
12-15 10:39:00.572   532   532 E LockSettingsStorage: Cannot read file java.io.FileNotFoundException: /data/system/gatekeeper.pattern.key: open failed: ENOENT (No such file or directory)
12-15 10:39:00.573   532   532 E LockSettingsStorage: Cannot read file java.io.FileNotFoundException: /data/system/gatekeeper.gesture.key: open failed: ENOENT (No such file or directory)
12-15 10:39:00.574   532   532 E LockSettingsStorage: Cannot read file java.io.FileNotFoundException: /data/system/gesture.key: open failed: ENOENT (No such file or directory)
12-15 10:39:00.574   532   532 I SystemServiceManager: Starting phase 480
12-15 10:39:00.590   532   532 I DevicePolicyManagerService: Set ro.device_owner property to false
12-15 10:39:00.594   532   532 I SystemServiceManager: Starting phase 500
12-15 10:39:00.619   532   532 I WifiService: WifiService starting up with Wi-Fi enabled
12-15 10:39:00.623   532   532 D WifiService: setWifiEnabled: true pid=532, uid=1000
12-15 10:39:00.654   532   777 D ConnectivityService: Got NetworkFactory Messenger for Ethernet
12-15 10:39:00.666   532   532 D ZenLog  : config: cleanUpZenRules,ZenModeConfig[user=0,allowCalls=true,allowRepeatCallers=false,allowMessages=false,allowCallsFrom=contacts,allowMessagesFrom=contacts,allowReminders=true,allowEvents=true,allowWhenScreenOff=true,allowWhenScreenOn=true,automaticRules={f52345cfc8e84df88f800d08dd65c641=ZenRule[enabled=false,snoozing=false,name=Weeknight,zenMode=ZEN_MODE_ALARMS,conditionId=condition://android/schedule?days=1.2.3.4.5&start=22.0&end=7.0&exitAtAlarm=false,condition=Condition[id=condition://android/schedule?days=1.2.3.4.5&start=22.0&end=7.0&exitAtAlarm=false,summary=...,line1=...,line2=...,icon=0,state=STATE_FALSE,flags=2],component=ComponentInfo{android/com.android.server.notification.ScheduleConditionProvider},id=f52345cfc8e84df88f800d08dd65c641,creationTime=1481701218044,enabler=null], 05326c94acd34b5480a88a9068c7295b=ZenRule[enabled=false,snoozing=false,name=Weekend,zenMode=ZEN_MODE_ALARMS,conditionId=condition://android/schedule?days=6.7&start=23.30&end=10.0&exitAtAlarm=false,condition=Condition[id=condition://android/schedule?days=6.7&start=23.30&end=10.0&exitAtAlarm=false,summary=...,line1=...,line2=...,icon=0,state=STATE_FALSE,flags=2],component=ComponentInfo{android/com.android.server.notification.ScheduleConditionProvider},id=05326c94acd34b5480a88a9068c7295b,creationTime=1481701218044,enabler=null], 6ef600b72791490d8367e1eeee12991c=ZenRule[enabled=false,snoozing=false,name=Event,zenMode=ZEN_MODE_ALARMS,conditionId=condition://android/event?userId=-10000&calendar=&reply=1,condition=Condition[id=condition://android/event?userId=-10000&calendar=&reply=1,summary=...,line1=...,line2=...,icon=0,state=STATE_FALSE,flags=2],component=ComponentInfo{android/com.android.server.notification.EventConditionProvider},id=6ef600b72791490d8367e1eeee12991c,creationTime=1481701218045,enabler=null]},manualRule=null],Diff[]
12-15 10:39:00.666   532   532 D ZenLog  : set_zen_mode: off,onSystemReady
12-15 10:39:00.670   532   532 W SoundTriggerHelper: listModules status=0, # of modules=0
12-15 10:39:00.749   532   532 I configuration_changed: 32
12-15 10:39:00.749   532   532 I ActivityManager: Config changes=20 {1.0 ?mcc?mnc [ru_RU] ldltr sw360dp w360dp h616dp 320dpi nrml long port finger -keyb/v/h -nav/h s.6}
12-15 10:39:00.839   532   562 W KeyguardServiceDelegate: onScreenTurningOn(): no keyguard service!
12-15 10:39:00.842   532   532 V UserManagerService: Found /data/user_de/0 with serial number 0
12-15 10:39:00.842   532   532 V UserManagerService: Found /data/user/0 with serial number 0
12-15 10:39:00.843   532   532 V UserManagerService: Found /data/system_de/0 with serial number 0
12-15 10:39:00.843   532   532 V UserManagerService: Found /data/system_ce/0 with serial number 0
12-15 10:39:00.844   532   532 W PackageManager: Destroying /data/app/mcRegistry due to: android.content.pm.PackageParser$PackageParserException: Missing base APK in /data/app/mcRegistry
12-15 10:39:00.844   532   532 I pm_critical_info: Destroying /data/app/mcRegistry due to: android.content.pm.PackageParser$PackageParserException: Missing base APK in /data/app/mcRegistry
12-15 10:39:00.914   532   532 I ActivityManager: System now ready
12-15 10:39:00.915   532   532 I boot_progress_ams_ready: 40698
12-15 10:39:00.921   532   532 I SystemServer: Making services ready
12-15 10:39:00.921   532   532 I SystemServiceManager: Starting phase 550
12-15 10:39:00.927   532   532 D BluetoothManagerService: Bluetooth boot completed
12-15 10:39:00.939   532   532 E InputMethodManagerService: Ignoring updateSystemUiLocked due to an invalid token. uid:1000 token:null
12-15 10:39:01.010   532   532 I am_proc_start: [0,818,10084,com.google.android.inputmethod.latin,service,com.google.android.inputmethod.latin/com.android.inputmethod.latin.LatinIME]
12-15 10:39:01.010   532   532 I ActivityManager: Start proc 818:com.google.android.inputmethod.latin/u0a84 for service com.google.android.inputmethod.latin/com.android.inputmethod.latin.LatinIME
12-15 10:39:01.011   532   532 V InputMethodManagerService: Adding window token: android.os.Binder@c491dc2
12-15 10:39:01.011   532   649 D MountService: Thinking about init, mSystemReady=true, mDaemonConnected=true
12-15 10:39:01.011   532   649 D MountService: Setting up emulation state, initlocked=false
12-15 10:39:01.011   532   649 D CryptdConnector: SND -> {2 cryptfs unlock_user_key 0 0 ! !}
12-15 10:39:01.012   532   532 W TextServicesManagerService: no available spell checker services found
12-15 10:39:01.012   254   266 D vold    : e4crypt_unlock_user_key 0 serial=0 token_present=0
12-15 10:39:01.013   532   651 D CryptdConnector: RCV <- {200 2 Command succeeded}
12-15 10:39:01.014   532   649 D MountService: Thinking about reset, mSystemReady=true, mDaemonConnected=true
12-15 10:39:01.015   532   549 I ActivityManager: Force stopping com.android.providers.media appid=10011 user=-1: vold reset
12-15 10:39:01.016   532   649 D VoldConnector: SND -> {3 volume reset}
12-15 10:39:01.017   532   650 D VoldConnector: RCV <- {651 emulated 7}
12-15 10:39:01.018   532   650 D VoldConnector: RCV <- {659 emulated}
12-15 10:39:01.018   532   650 D VoldConnector: RCV <- {650 emulated 2 "" ""}
12-15 10:39:01.019   532   650 D VoldConnector: RCV <- {654 emulated emulated}
12-15 10:39:01.019   532   650 D VoldConnector: RCV <- {651 emulated 0}
12-15 10:39:01.020   532   650 D VoldConnector: RCV <- {651 public:179_129 7}
12-15 10:39:01.020   532   650 D VoldConnector: RCV <- {659 public:179_129}
12-15 10:39:01.020   532   557 V MountService: Found primary storage at VolumeInfo{emulated}:
12-15 10:39:01.020   532   557 V MountService:     type=EMULATED diskId=null partGuid=null mountFlags=0 mountUserId=-1 
12-15 10:39:01.020   532   557 V MountService:     state=UNMOUNTED 
12-15 10:39:01.020   532   557 V MountService:     fsType=null fsUuid=null fsLabel=null 
12-15 10:39:01.020   532   557 V MountService:     path=null internalPath=null 
12-15 10:39:01.021   532   650 D VoldConnector: RCV <- {649 disk:179_128}
12-15 10:39:01.021   532   650 D VoldConnector: RCV <- {640 disk:179_128 5}
12-15 10:39:01.022   532   558 D BluetoothManagerService: Message: 20
12-15 10:39:01.022   532   558 D BluetoothManagerService: Added callback: android.bluetooth.BluetoothAdapter$1@c20a028:true
12-15 10:39:01.024   532   532 D UsbAlsaManager: Adding ALSA device AlsaDevice: [card: 0, device: 24, type: 1]
12-15 10:39:01.024   532   532 D UsbAlsaManager: Adding ALSA device AlsaDevice: [card: 0, device: 22, type: 1]
12-15 10:39:01.024   532   532 D UsbAlsaManager: Adding ALSA device AlsaDevice: [card: 0, device: 21, type: 1]
12-15 10:39:01.024   532   532 D UsbAlsaManager: Adding ALSA device AlsaDevice: [card: 0, device: 22, type: 2]
12-15 10:39:01.024   532   532 D UsbAlsaManager: Adding ALSA device AlsaDevice: [card: 0, device: 20, type: 1]
12-15 10:39:01.024   532   532 D UsbAlsaManager: Adding ALSA device AlsaDevice: [card: 0, device: 21, type: 2]
12-15 10:39:01.024   532   532 D UsbAlsaManager: Adding ALSA device AlsaDevice: [card: 0, device: 19, type: 1]
12-15 10:39:01.024   532   532 D UsbAlsaManager: Adding ALSA device AlsaDevice: [card: 0, device: 18, type: 1]
12-15 10:39:01.025   532   532 D UsbAlsaManager: Adding ALSA device AlsaDevice: [card: 0, device: 17, type: 1]
12-15 10:39:01.025   532   532 D UsbAlsaManager: Adding ALSA device AlsaDevice: [card: 0, device: 17, type: 2]
12-15 10:39:01.025   532   532 D UsbAlsaManager: Adding ALSA device AlsaDevice: [card: 0, device: 16, type: 2]
12-15 10:39:01.025   532   532 D UsbAlsaManager: Adding ALSA device AlsaDevice: [card: 0, device: 14, type: 1]
12-15 10:39:01.025   532   532 D UsbAlsaManager: Adding ALSA device AlsaDevice: [card: 0, device: 15, type: 2]
12-15 10:39:01.025   532   532 D UsbAlsaManager: Adding ALSA device AlsaDevice: [card: 0, device: 13, type: 2]
12-15 10:39:01.025   532   532 D UsbAlsaManager: Adding ALSA device AlsaDevice: [card: 0, device: 11, type: 1]
12-15 10:39:01.025   532   532 D UsbAlsaManager: Adding ALSA device AlsaDevice: [card: 0, device: 12, type: 2]
12-15 10:39:01.025   532   532 D UsbAlsaManager: Adding ALSA device AlsaDevice: [card: 0, device: 10, type: 1]
12-15 10:39:01.025   532   532 D UsbAlsaManager: Adding ALSA device AlsaDevice: [card: 0, device: 8, type: 1]
12-15 10:39:01.025   532   532 D UsbAlsaManager: Adding ALSA device AlsaDevice: [card: 0, device: 9, type: 2]
12-15 10:39:01.025   532   532 D UsbAlsaManager: Adding ALSA device AlsaDevice: [card: 0, device: 7, type: 1]
12-15 10:39:01.025   532   532 D UsbAlsaManager: Adding ALSA device AlsaDevice: [card: 0, device: 6, type: 1]
12-15 10:39:01.025   532   532 D UsbAlsaManager: Adding ALSA device AlsaDevice: [card: 0, device: 7, type: 2]
12-15 10:39:01.025   532   532 D UsbAlsaManager: Adding ALSA device AlsaDevice: [card: 0, device: 5, type: 1]
12-15 10:39:01.025   532   532 D UsbAlsaManager: Adding ALSA device AlsaDevice: [card: 0, device: 6, type: 2]
12-15 10:39:01.025   532   532 D UsbAlsaManager: Adding ALSA device AlsaDevice: [card: 0, device: 4, type: 1]
12-15 10:39:01.025   532   532 D UsbAlsaManager: Adding ALSA device AlsaDevice: [card: 0, device: 5, type: 2]
12-15 10:39:01.025   532   532 D UsbAlsaManager: Adding ALSA device AlsaDevice: [card: 0, device: 3, type: 1]
12-15 10:39:01.025   532   532 D UsbAlsaManager: Adding ALSA device AlsaDevice: [card: 0, device: 4, type: 2]
12-15 10:39:01.025   532   532 D UsbAlsaManager: Adding ALSA device AlsaDevice: [card: 0, device: 2, type: 1]
12-15 10:39:01.025   532   532 D UsbAlsaManager: Adding ALSA device AlsaDevice: [card: 0, device: 3, type: 2]
12-15 10:39:01.025   532   532 D UsbAlsaManager: Adding ALSA device AlsaDevice: [card: 0, device: 2, type: 2]
12-15 10:39:01.025   532   532 D UsbAlsaManager: Adding ALSA device AlsaDevice: [card: 0, device: 0, type: 1]
12-15 10:39:01.025   532   532 D UsbAlsaManager: Adding ALSA device AlsaDevice: [card: 0, device: 1, type: 2]
12-15 10:39:01.028   532   558 D BluetoothManagerService: Message: 30
12-15 10:39:01.028   532   784 D BluetoothManagerService: Trying to bind to profile: 1, while Bluetooth was disabled
12-15 10:39:01.034   532   558 D BluetoothManagerService: Message: 30
12-15 10:39:01.038   254   265 V vold    : /system/bin/sgdisk
12-15 10:39:01.038   254   265 V vold    :     --android-dump
12-15 10:39:01.038   254   265 V vold    :     /dev/block/vold/disk:179_128
12-15 10:39:01.038   532   650 D VoldConnector: RCV <- {641 disk:179_128 7969177600}
12-15 10:39:01.042   532   650 D VoldConnector: RCV <- {642 disk:179_128 }
12-15 10:39:01.044   532   650 D VoldConnector: RCV <- {644 disk:179_128 /sys//devices/mtk-msdc.0/11240000.msdc1/mmc_host/mmc1/mmc1:0007/block/mmcblk1}
12-15 10:39:01.095   532   532 I am_proc_start: [0,829,10024,com.android.systemui,service,com.android.systemui/.keyguard.KeyguardService]
12-15 10:39:01.095   532   532 I ActivityManager: Start proc 829:com.android.systemui/u0a24 for service com.android.systemui/.keyguard.KeyguardService
12-15 10:39:01.095   532   532 W ActivityManager: Slow operation: 52ms so far, now at startProcess: done starting proc!
12-15 10:39:01.096   532   532 I BrokerableCMSystemService: Connecting to implementation
12-15 10:39:01.096   532   532 E BrokerableCMSystemService: Target component lacks cyanogenmod.permission.ACCESS_THEME_MANAGER service permission, failing ComponentInfo{org.cyanogenmod.themeservice/org.cyanogenmod.themeservice.ThemeManagerService}
12-15 10:39:01.097   532   532 I SystemServer: WebViewFactory preparation
12-15 10:39:01.118   532   546 I am_proc_bound: [0,818,com.google.android.inputmethod.latin]
12-15 10:39:01.175   532   532 I am_proc_start: [0,852,1037,WebViewLoader-armeabi-v7a,,]
12-15 10:39:01.176   532   532 I ActivityManager: Start proc 852:WebViewLoader-armeabi-v7a/1037 [android.webkit.WebViewFactory$RelroFileCreator] for 
12-15 10:39:01.179   532   546 I am_proc_bound: [0,829,com.android.systemui]
12-15 10:39:01.185   532   532 D NetworkManagement: enabling bandwidth control
12-15 10:39:01.356   254   265 V vold    : DISK gpt CBC83FD9-4235-4453-8D69-6B98D2518C8B
12-15 10:39:01.356   254   265 V vold    : 
12-15 10:39:01.356   254   265 V vold    : PART 1 EBD0A0A2-B9E5-4433-87C0-68B6B72699C7 6364D990-56C9-45B7-991C-554740580B3D Microsoft basic data
12-15 10:39:01.356   254   265 V vold    : 
12-15 10:39:01.360   532   650 D VoldConnector: RCV <- {650 public:179_129 0 "disk:179_128" ""}
12-15 10:39:01.361   532   650 D VoldConnector: RCV <- {654 public:179_129 sdcard1}
12-15 10:39:01.361   532   650 D VoldConnector: RCV <- {651 public:179_129 0}
12-15 10:39:01.362   532   650 D VoldConnector: RCV <- {643 disk:179_128}
12-15 10:39:01.362   532   650 D VoldConnector: RCV <- {200 3 Command succeeded}
12-15 10:39:01.363   532   649 D VoldConnector: SND -> {4 volume user_added 0 0}
12-15 10:39:01.364   532   650 D VoldConnector: RCV <- {200 4 Command succeeded}
12-15 10:39:01.366   532   649 D VoldConnector: SND -> {5 volume mount emulated 3 -1}
12-15 10:39:01.367   532   650 D VoldConnector: RCV <- {651 emulated 1}
12-15 10:39:01.368   532   650 D VoldConnector: RCV <- {656 emulated /data/media}
12-15 10:39:01.369   532   650 D VoldConnector: RCV <- {655 emulated /storage/emulated}
12-15 10:39:01.369   254   265 V vold    : Waiting for FUSE to spin up...
12-15 10:39:01.419   254   265 V vold    : Waiting for FUSE to spin up...
12-15 10:39:01.470   254   265 V vold    : Waiting for FUSE to spin up...
12-15 10:39:01.520   254   265 V vold    : Waiting for FUSE to spin up...
12-15 10:39:01.571   532   650 D VoldConnector: RCV <- {651 emulated 2}
12-15 10:39:01.572   532   650 D VoldConnector: RCV <- {200 5 Command succeeded}
12-15 10:39:01.573   532   649 D VoldConnector: SND -> {6 volume mount public:179_129 2 0}
12-15 10:39:01.573   254   265 V vold    : /system/bin/blkid
12-15 10:39:01.574   254   265 V vold    :     -c
12-15 10:39:01.574   254   265 V vold    :     /dev/null
12-15 10:39:01.574   254   265 V vold    :     -s
12-15 10:39:01.574   254   265 V vold    :     TYPE
12-15 10:39:01.574   254   265 V vold    :     -s
12-15 10:39:01.574   254   265 V vold    :     UUID
12-15 10:39:01.574   254   265 V vold    :     -s
12-15 10:39:01.574   254   265 V vold    :     LABEL
12-15 10:39:01.574   254   265 V vold    :     /dev/block/vold/public:179_129
12-15 10:39:01.574   532   650 D VoldConnector: RCV <- {651 public:179_129 1}
--------- beginning of radio
12-15 10:39:01.664   532   865 D TelephonyRegistry: listen oscl: hasNotifySubscriptionInfoChangedOccurred==false no callback
12-15 10:39:01.680   829   829 V FingerprintManager: FingerprintManagerService was null
12-15 10:39:01.841   532   551 W WindowManager: Keyguard drawn timeout. Setting mKeyguardDrawComplete
12-15 10:39:02.071   254   265 V vold    : /dev/block/vold/public:179_129: UUID="5F4E-035A" TYPE="vfat" 
12-15 10:39:02.071   254   265 V vold    : 
12-15 10:39:02.074   254   265 V vold    : /system/bin/fsck_msdos
12-15 10:39:02.074   254   265 V vold    :     -p
12-15 10:39:02.074   254   265 V vold    :     -f
12-15 10:39:02.074   254   265 V vold    :     /dev/block/vold/public:179_129
12-15 10:39:02.075   532   650 D VoldConnector: RCV <- {652 public:179_129 vfat}
12-15 10:39:02.076   532   650 D VoldConnector: RCV <- {653 public:179_129 5F4E-035A}
12-15 10:39:02.077   532   650 D VoldConnector: RCV <- {654 public:179_129 sdcard1}
12-15 10:39:02.077   532   650 D VoldConnector: RCV <- {656 public:179_129 /mnt/media_rw/5F4E-035A}
12-15 10:39:02.078   532   650 D VoldConnector: RCV <- {655 public:179_129 /storage/5F4E-035A}
12-15 10:39:02.124   829   978 I sysui_action: [213,2]
12-15 10:39:02.274   977   977 D fsck_msdos: sectors Per cluster :8 
12-15 10:39:02.274   977   977 D fsck_msdos: boot->ClusterOffset :30354 
12-15 10:39:02.274   977   977 I fsck_msdos: FAT32 Filesystem
12-15 10:39:02.274   977   977 D fsck_msdos: Using cluster_chain_descriptor
12-15 10:39:02.274   977   977 I fsck_msdos: Total clusters 1941545 
12-15 10:39:02.504   977   977 I fsck_msdos: ** Phase 2 - Check Cluster Chains 
12-15 10:39:02.504   977   977 I fsck_msdos: Begin to handle the cluster chain
12-15 10:39:02.601   532   546 I StatusBarManagerService: registerStatusBar bar=com.android.internal.statusbar.IStatusBar$Stub$Proxy@52343e2
12-15 10:39:02.668   977   977 D fsck_msdos: rootDir->head :2
12-15 10:39:02.730   977   977 D fsck_msdos: Verify Filesystem information
12-15 10:39:02.730   977   977 W fsck_msdos: 118 files, 996312 free (249078 clusters)
12-15 10:39:02.730   977   977 I fsck_msdos: free_rb_tree 
12-15 10:39:02.730   977   977 I fsck_msdos: free_fragment_tree
12-15 10:39:02.730   977   977 I fsck_msdos: free_fragment_tree
12-15 10:39:02.730   977   977 I fsck_msdos: free_fragment_tree: rb_tree is empty 
12-15 10:39:02.740   254   265 I Vold    : Filesystem check completed OK
12-15 10:39:02.768   254   265 V vold    : Waiting for FUSE to spin up...
12-15 10:39:02.819   254   265 V vold    : Waiting for FUSE to spin up...
12-15 10:39:02.869   254   265 V vold    : Waiting for FUSE to spin up...
12-15 10:39:02.920   532   650 D VoldConnector: RCV <- {651 public:179_129 2}
12-15 10:39:02.920   532   650 D VoldConnector: RCV <- {200 6 Command succeeded}
12-15 10:39:02.921   532   649 E VoldConnector: NDC Command {6 volume mount public:179_129 2 0} took too long (1349ms)
12-15 10:39:03.053   532   773 E NetdConnector: NDC Command {4 softap fwreload wlan0 STA} took too long (1904ms)
12-15 10:39:03.246   532   865 D TelephonyRegistry: listen oscl: hasNotifySubscriptionInfoChangedOccurred==false no callback
12-15 10:39:03.251   532   558 D BluetoothManagerService: Message: 20
12-15 10:39:03.251   532   558 D BluetoothManagerService: Added callback: android.bluetooth.IBluetoothManagerCallback$Stub$Proxy@eeb97db:true
12-15 10:39:03.256   532   558 D BluetoothManagerService: Message: 30
12-15 10:39:03.260   532   558 D BluetoothManagerService: Message: 30
12-15 10:39:03.266   532   558 D BluetoothManagerService: Message: 30
12-15 10:39:03.270   532   558 D BluetoothManagerService: Message: 30
12-15 10:39:03.560   570   570 I auditd  : type=1400 audit(0.0:20): avc: denied { read } for comm="Binder:295_1" name="camera-pipemgr" dev="tmpfs" ino=242 scontext=u:r:cameraserver:s0 tcontext=u:object_r:device:s0 tclass=chr_file permissive=1
12-15 10:39:03.560   570   570 I auditd  : type=1400 audit(0.0:21): avc: denied { open } for comm="Binder:295_1" path="/dev/camera-pipemgr" dev="tmpfs" ino=242 scontext=u:r:cameraserver:s0 tcontext=u:object_r:device:s0 tclass=chr_file permissive=1
12-15 10:39:03.560   570   570 I auditd  : type=1400 audit(0.0:22): avc: denied { ioctl } for comm="Binder:295_1" path="/dev/camera-pipemgr" dev="tmpfs" ino=242 ioctlcmd=7004 scontext=u:r:cameraserver:s0 tcontext=u:object_r:device:s0 tclass=chr_file permissive=1
12-15 10:39:03.750   532   532 E NetdConnector: NDC Command {5 bandwidth enable} took too long (2565ms)
12-15 10:39:03.751   532   773 E NetdConnector: NDC Command {6 interface getcfg wlan0} took too long (696ms)
12-15 10:39:03.967   532   545 I am_proc_start: [0,1047,10028,org.cyanogenmod.weather.provider,content provider,org.cyanogenmod.weather.provider/.WeatherContentProvider]
12-15 10:39:03.967   532   545 I ActivityManager: Start proc 1047:org.cyanogenmod.weather.provider/u0a28 for content provider org.cyanogenmod.weather.provider/.WeatherContentProvider
12-15 10:39:03.988   532   865 I am_proc_bound: [0,1047,org.cyanogenmod.weather.provider]
12-15 10:39:04.081   829  1063 D TelephonyManager: getSimState: default sim:-1, sim state for slotIdx=0 is 0, return state as unknown
12-15 10:39:04.097   829  1063 D TelephonyManager: getSimState: default sim:-1, sim state for slotIdx=0 is 0, return state as unknown
12-15 10:39:04.106   829  1063 D TelephonyManager: getSimState: default sim:-1, sim state for slotIdx=0 is 0, return state as unknown
12-15 10:39:04.117   829  1065 E ActivityThread: Failed to find provider info for com.android.contacts
12-15 10:39:04.386   829  1063 D TelephonyManager: getSimState: default sim:-1, sim state for slotIdx=0 is 0, return state as unknown
12-15 10:39:04.450   829  1063 D TelephonyManager: getSimState: default sim:-1, sim state for slotIdx=0 is 0, return state as unknown
12-15 10:39:04.464   829  1063 D TelephonyManager: getSimState: default sim:-1, sim state for slotIdx=0 is 0, return state as unknown
12-15 10:39:04.537   532   772 D WifiService: New client listening to asynchronous messages
12-15 10:39:04.732   532   532 D NetworkPolicy: setRestrictBackgroundUL(): false
12-15 10:39:04.787   532   553 E BatteryStatsService: no controller energy info supplied
12-15 10:39:04.813   532   553 E BatteryStatsService: no controller energy info supplied
12-15 10:39:05.480   532   770 I dvm_lock_sample: [system_server,0,NetworkPolicy,501,NetworkManagementService.java,2292,-,2292,100]
12-15 10:39:05.503   532   532 I SystemServiceManager: Starting phase 600
12-15 10:39:05.521   532   532 V NotificationListeners: enabling notification listener for 0: ComponentInfo{com.google.vr.vrcore/com.google.vr.vrcore.notification.VrNotificationService}
12-15 10:39:05.522   532   532 W ActivityManager: Unable to start service Intent { act=android.service.notification.NotificationListenerService cmp=com.google.vr.vrcore/.notification.VrNotificationService } U=0: not found
12-15 10:39:05.522   532   532 W NotificationListeners: Unable to bind notification listener service: Intent { act=android.service.notification.NotificationListenerService cmp=com.google.vr.vrcore/.notification.VrNotificationService (has extras) }
12-15 10:39:05.538   532   532 D GestureLauncherService: Gesture launcher mEmergencyNumber = 112 hits = 3
12-15 10:39:05.539   532   532 D SensorNotificationService: Cannot obtain dynamic meta sensor, not supported.
12-15 10:39:05.540   532   768 I netstats_mobile_sample: [0,0,0,0,0,0,0,0,0,0,0,0,-1]
12-15 10:39:05.540   532   768 I netstats_wifi_sample: [0,0,0,0,0,0,0,0,0,0,0,0,-1]
12-15 10:39:05.543   532   532 D TelephonyRegistry: listen oscl: hasNotifySubscriptionInfoChangedOccurred==false no callback
12-15 10:39:05.545   532   532 D BrokerableCMSystemService: Third party apps ready
12-15 10:39:05.545   532   532 I BrokerableCMSystemService: Connecting to implementation
12-15 10:39:05.545   532   532 E BrokerableCMSystemService: Target component lacks cyanogenmod.permission.ACCESS_THEME_MANAGER service permission, failing ComponentInfo{org.cyanogenmod.themeservice/org.cyanogenmod.themeservice.ThemeManagerService}
12-15 10:39:05.545   532   532 D BrokerableCMSystemService: Third party apps ready
12-15 10:39:05.545   532   532 I BrokerableCMSystemService: Connecting to implementation
12-15 10:39:05.545   532   532 E BrokerableCMSystemService: Target component lacks cyanogenmod.permission.ACCESS_THEME_MANAGER service permission, failing ComponentInfo{org.cyanogenmod.themeservice/org.cyanogenmod.themeservice.IconCacheManagerService}
12-15 10:39:05.548   532   532 D BrokerableCMSystemService: Third party apps ready
12-15 10:39:05.548   532   532 I BrokerableCMSystemService: Connecting to implementation
12-15 10:39:05.548   532   532 E BrokerableCMSystemService: No implementation service found
12-15 10:39:05.548   532   532 D BrokerableCMSystemService: Third party apps ready
12-15 10:39:05.548   532   532 I BrokerableCMSystemService: Connecting to implementation
12-15 10:39:05.551   532   532 W ContextImpl: Calling a method in the system process without a qualified user: android.app.ContextImpl.bindService:1421 org.cyanogenmod.platform.internal.BrokerableCMSystemService.tryConnecting:199 org.cyanogenmod.platform.internal.BrokerableCMSystemService.onBootPhase:127 org.cyanogenmod.platform.internal.CMAudioServiceBroker.onBootPhase:58 com.android.server.SystemServiceManager.startBootPhase:142 
12-15 10:39:05.565   532   532 I am_proc_start: [0,1095,10003,org.cyanogenmod.cmaudio.service,service,org.cyanogenmod.cmaudio.service/.CMAudioService]
12-15 10:39:05.565   532   532 I ActivityManager: Start proc 1095:org.cyanogenmod.cmaudio.service/u0a3 for service org.cyanogenmod.cmaudio.service/.CMAudioService
12-15 10:39:05.585   532   546 I am_proc_bound: [0,1095,org.cyanogenmod.cmaudio.service]
12-15 10:39:05.600   532   532 W LocationProviderProxy-network: Odd, no component found for service com.android.location.service.v3.NetworkLocationProvider
12-15 10:39:05.603   532   548 D TelephonyRegistry: listen oscl: hasNotifySubscriptionInfoChangedOccurred==false no callback
12-15 10:39:05.610   532   532 W GeocoderProxy: Odd, no component found for service com.android.location.service.GeocodeProvider
12-15 10:39:05.613   532   532 D LocationManagerService: FLP HAL not supported
12-15 10:39:05.619   532   532 W GeofenceProxy: Odd, no component found for service com.android.location.service.GeofenceProvider
12-15 10:39:05.622   532   532 D LocationManagerService: Hardware Activity-Recognition not supported.
12-15 10:39:05.623   532   532 W ActivityRecognitionProxy: Odd, no component found for service com.android.location.service.ActivityRecognitionProvider
12-15 10:39:05.637   532   532 D TelephonyRegistry: systemRunning register for intents
12-15 10:39:05.639   532   532 I MmsServiceBroker: Delay connecting to MmsService until an API is called
12-15 10:39:05.669   532   532 I am_proc_start: [0,1111,1001,com.android.phone,added application,com.android.phone]
12-15 10:39:05.669   532   532 I ActivityManager: Start proc 1111:com.android.phone/1001 for added application com.android.phone
12-15 10:39:05.670   532   532 I ActivityManager: START u0 {act=android.intent.action.MAIN cat=[android.intent.category.HOME] flg=0x10000100 cmp=com.android.settings/.FallbackHome} from uid 0 on display 0
12-15 10:39:05.686   532   532 I ActivityManager: Loaded persisted task ids for user 0
12-15 10:39:05.688   532   532 I am_create_task: [0,1]
12-15 10:39:05.688   532   532 I am_create_activity: [0,226470853,1,com.android.settings/.FallbackHome,android.intent.action.MAIN,NULL,NULL,276824320]
12-15 10:39:05.690   532   532 I wm_task_created: [1,0]
12-15 10:39:05.690   532   532 I wm_task_moved: [1,1,0]
12-15 10:39:05.690   532   532 I wm_task_moved: [1,1,0]
12-15 10:39:05.691   532   532 I am_focused_activity: [0,com.android.settings/.FallbackHome,startedActivity]
12-15 10:39:05.703   532   532 I am_proc_start: [0,1125,1000,com.android.settings,activity,com.android.settings/.FallbackHome]
12-15 10:39:05.703   532   532 I ActivityManager: Start proc 1125:com.android.settings/1000 for activity com.android.settings/.FallbackHome
12-15 10:39:05.706   532   545 I am_proc_bound: [0,1111,com.android.phone]
12-15 10:39:05.710   532   532 I SystemServer: Enabled StrictMode for system server main thread.
12-15 10:39:05.720   532   532 D ConditionProviders.SCP: onConnected
12-15 10:39:05.720   532   532 D ZenLog  : set_zen_mode: off,readXml
12-15 10:39:05.729   532   865 I am_proc_bound: [0,1125,com.android.settings]
12-15 10:39:05.739   532   532 D ConditionProviders: Subscribing to condition://android/schedule?days=1.2.3.4.5&start=22.0&end=7.0&exitAtAlarm=false with ComponentInfo{android/com.android.server.notification.ScheduleConditionProvider}
12-15 10:39:05.739   532   532 D ZenLog  : subscribe: condition://android/schedule?days=1.2.3.4.5&start=22.0&end=7.0&exitAtAlarm=false,ok
12-15 10:39:05.739   532   532 D ConditionProviders: Subscribing to condition://android/schedule?days=6.7&start=23.30&end=10.0&exitAtAlarm=false with ComponentInfo{android/com.android.server.notification.ScheduleConditionProvider}
12-15 10:39:05.739   532   532 D ZenLog  : subscribe: condition://android/schedule?days=6.7&start=23.30&end=10.0&exitAtAlarm=false,ok
12-15 10:39:05.740   532   532 D ConditionProviders: Subscribing to condition://android/event?userId=-10000&calendar=&reply=1 with ComponentInfo{android/com.android.server.notification.EventConditionProvider}
12-15 10:39:05.740   532   532 D ZenLog  : subscribe: condition://android/event?userId=-10000&calendar=&reply=1,ok
12-15 10:39:05.770   532   865 I am_restart_activity: [0,226470853,1,com.android.settings/.FallbackHome]
12-15 10:39:05.785   829  1045 E ActivityThread: Failed to find provider info for com.android.contacts
12-15 10:39:05.797   532   532 W ContextImpl: Calling a method in the system process without a qualified user: android.app.ContextImpl.startService:1357 com.android.server.content.SyncManager$13.run:658 android.os.Handler.handleCallback:751 android.os.Handler.dispatchMessage:95 android.os.Looper.loop:154 
12-15 10:39:05.798   532   548 W LocationProviderProxy-network: Odd, no component found for service com.android.location.service.v3.NetworkLocationProvider
12-15 10:39:05.799   532   548 W GeocoderProxy: Odd, no component found for service com.android.location.service.GeocodeProvider
12-15 10:39:05.799   532   548 W GeofenceProxy: Odd, no component found for service com.android.location.service.GeofenceProvider
12-15 10:39:05.801   532   548 W ActivityRecognitionProxy: Odd, no component found for service com.android.location.service.ActivityRecognitionProvider
12-15 10:39:05.802   532   532 D ZenLog  : set_zen_mode: off,cleanUpZenRules
12-15 10:39:05.907  1125  1125 I am_on_resume_called: [0,com.android.settings.FallbackHome,LAUNCH_ACTIVITY]
12-15 10:39:05.930   532   558 D BluetoothManagerService: Message: 30
12-15 10:39:05.930   532   532 D BluetoothManagerService: Trying to bind to profile: 1, while Bluetooth was disabled
12-15 10:39:05.939   532   532 I Telecom : SystemStateProvider: Registering car mode receiver: android.content.IntentFilter@916e82a: TS.init@AAA
12-15 10:39:05.950   532  1157 I Telecom : Telecom: Non-call EVENT: AUDIO_ROUTE, Entering state QuiescentEarpieceRoute
12-15 10:39:05.954   532  1158 I Telecom : CallAudioModeStateMachine: Message received: null.: TS.init->CAMSM.pM_1@AAA_0
12-15 10:39:05.969   532   532 I Telecom : ViceNotificationImpl: ViceNotificationImpl: TS.init@AAA
12-15 10:39:05.981   532  1171 E ActivityThread: Failed to find provider info for call_log
12-15 10:39:05.984   532   532 D BluetoothManagerService: Trying to bind to profile: 1, while Bluetooth was disabled
12-15 10:39:05.984   532   558 D BluetoothManagerService: Message: 30
12-15 10:39:05.985   532   532 I Telecom : BluetoothPhoneService: Ignoring IBluetoothDsdaService class not found exception : TS.init@AAA
12-15 10:39:05.990   532   532 I Telecom : Class: TelecomSystem.INSTANCE being set
12-15 10:39:05.990   532   532 W ContextImpl: Calling a method in the system process without a qualified user: android.app.ContextImpl.startService:1357 android.content.ContextWrapper.startService:613 com.android.server.telecom.components.TelecomService.initializeTelecomSystem:186 com.android.server.telecom.components.TelecomService.onBind:63 android.app.ActivityThread.handleBindService:3218 
12-15 10:39:05.992  1111  1111 I chatty  : uid=1001(radio) com.android.phone expire 1540 lines
12-15 10:39:05.996   532   532 I notification_enqueue: [1000,532,android,17040515,NULL,-1,Notification(pri=-2 contentView=null vibrate=null sound=null tick defaults=0x0 flags=0x2 color=0xff607d8b vis=PUBLIC),0]
12-15 10:39:06.000   532   532 I notification_enqueue: [1000,532,android,17040522,NULL,-1,Notification(pri=-1 contentView=null vibrate=null sound=null tick defaults=0x0 flags=0x2 color=0xff607d8b vis=PUBLIC),0]
12-15 10:39:06.005   532   532 I notification_enqueue: [10024,829,com.android.systemui,1397773634,public:179_129,-1,Notification(pri=-1 contentView=null vibrate=null sound=null defaults=0x0 flags=0x102 color=0xff607d8b category=progress vis=PUBLIC),0]
12-15 10:39:06.019   532   532 I notification_canceled: [-1|com.android.systemui|1397773634|public:179_129|10024,8,3515,3515,0]
12-15 10:39:06.038   532   549 I boot_progress_enable_screen: 45822
12-15 10:39:06.049   532   559 I am_activity_launch_time: [0,226470853,com.android.settings/.FallbackHome,357,357]
12-15 10:39:06.060   532   549 I screen_toggled: 1
12-15 10:39:06.067   532   559 I WindowManager: Screen frozen for +325ms due to AppWindowToken{39e4628 token=Token{510591a ActivityRecord{d7fabc5 u0 com.android.settings/.FallbackHome t1}}}
12-15 10:39:06.070   532   549 W KeyguardServiceDelegate: onScreenTurningOn(): no keyguard service!
12-15 10:39:06.080  1111  1178 I chatty  : uid=1001(radio) RILReceiver0 expire 162 lines
12-15 10:39:06.080   488   513 I chatty  : uid=1001(radio) /system/bin/mtkrild expire 1710 lines
12-15 10:39:06.087   488   510 I chatty  : uid=1001(radio) /system/bin/mtkrild expire 238 lines
12-15 10:39:06.087   488   504 I chatty  : uid=1001(radio) /system/bin/mtkrild expire 2193 lines
12-15 10:39:06.103   532   546 D CryptdConnector: SND -> {3 cryptfs getpw}
12-15 10:39:06.103   254   266 D VoldCryptCmdListener: cryptfs getpw
12-15 10:39:06.104   532   651 D CryptdConnector: RCV <- {200 3 -1}
12-15 10:39:06.104   532   546 D CryptdConnector: SND -> {4 cryptfs clearpw}
12-15 10:39:06.105   254   266 D VoldCryptCmdListener: cryptfs clearpw
12-15 10:39:06.105   532   651 D CryptdConnector: RCV <- {200 4 0}
12-15 10:39:06.112  1111  1180 I chatty  : uid=1001(radio) RILReceiver1 expire 62 lines
12-15 10:39:06.199   424   478 I chatty  : uid=0(root) /system/bin/gsm0710muxd expire 136 lines
12-15 10:39:06.207   424   474 I chatty  : uid=0(root) /system/bin/gsm0710muxd expire 924 lines
12-15 10:39:06.207   488   517 I chatty  : uid=1001(radio) /system/bin/mtkrild expire 364 lines
12-15 10:39:06.208   488   502 I chatty  : uid=1001(radio) /system/bin/mtkrild expire 1022 lines
12-15 10:39:06.208   488   516 I chatty  : uid=1001(radio) /system/bin/mtkrild expire 219 lines
12-15 10:39:06.230   424   480 I chatty  : uid=0(root) /system/bin/gsm0710muxd expire 270 lines
12-15 10:39:06.232   532   532 V WiredAccessoryManager: init()
12-15 10:39:06.239   488   519 I chatty  : uid=1001(radio) /system/bin/mtkrild expire 706 lines
12-15 10:39:06.246   532   532 I BrokerableCMSystemService: Implementation service connected
12-15 10:39:06.254  1111  1190 I chatty  : uid=1001(radio) CdmaInboundSmsH expire 5 lines
12-15 10:39:06.254  1111  1188 I chatty  : uid=1001(radio) GsmInboundSmsHa expire 5 lines
12-15 10:39:06.260   488   503 I chatty  : uid=1001(radio) /system/bin/mtkrild expire 177 lines
12-15 10:39:06.260   488   501 I chatty  : uid=1001(radio) /system/bin/mtkrild expire 146 lines
12-15 10:39:06.260   488   511 I chatty  : uid=1001(radio) /system/bin/mtkrild expire 168 lines
12-15 10:39:06.260   488   509 I chatty  : uid=1001(radio) /system/bin/mtkrild expire 162 lines
12-15 10:39:06.261   488   508 I chatty  : uid=1001(radio) /system/bin/mtkrild expire 625 lines
12-15 10:39:06.261   488   507 I chatty  : uid=1001(radio) /system/bin/mtkrild expire 136 lines
12-15 10:39:06.261   488   506 I chatty  : uid=1001(radio) /system/bin/mtkrild expire 134 lines
12-15 10:39:06.261   488   505 I chatty  : uid=1001(radio) /system/bin/mtkrild expire 176 lines
12-15 10:39:06.263   488   512 I chatty  : uid=1001(radio) /system/bin/mtkrild expire 134 lines
12-15 10:39:06.269   424   484 I chatty  : uid=0(root) /system/bin/gsm0710muxd expire 100 lines
12-15 10:39:06.275   488   522 I chatty  : uid=1001(radio) /system/bin/mtkrild expire 89 lines
12-15 10:39:06.280   488   523 I chatty  : uid=1001(radio) /system/bin/mtkrild expire 196 lines
12-15 10:39:06.284  1111  1123 I chatty  : uid=1001(radio) Binder:1111_1 expire 10 lines
12-15 10:39:06.304  1111  1124 I chatty  : uid=1001(radio) Binder:1111_2 expire 17 lines
12-15 10:39:06.307   532   865 D TelephonyRegistry: listen oscl: hasNotifySubscriptionInfoChangedOccurred==false no callback
12-15 10:39:06.354   532  1145 D TelephonyRegistry: listen oscl: hasNotifySubscriptionInfoChangedOccurred==false no callback
12-15 10:39:06.359  1111  1210 I chatty  : uid=1001(radio) DcHandlerThread expire 3 lines
12-15 10:39:06.368   532  1138 I ActivityManager: Setting hasTopUi=true for pid=829
12-15 10:39:06.414   829   829 I sysui_view_visibility: [111,100]
12-15 10:39:06.414   829   829 I sysui_view_visibility: [126,100]
12-15 10:39:06.414   829   829 I sysui_view_visibility: [115,100]
12-15 10:39:06.414   829   829 I sysui_view_visibility: [261,100]
12-15 10:39:06.414   829   829 I sysui_view_visibility: [118,100]
12-15 10:39:06.415   829   829 I sysui_view_visibility: [119,100]
12-15 10:39:06.415   829   829 I sysui_view_visibility: [123,100]
12-15 10:39:06.448  1111  1218 I chatty  : uid=1001(radio) GsmInboundSmsHa expire 5 lines
12-15 10:39:06.448   829   829 I sysui_status_bar_state: [1,1,0,0,0,1]
12-15 10:39:06.448  1111  1220 I chatty  : uid=1001(radio) CdmaInboundSmsH expire 5 lines
12-15 10:39:06.449   532  1145 I am_pause_activity: [0,226470853,com.android.settings/.FallbackHome]
12-15 10:39:06.451  1125  1125 I am_on_paused_called: [0,com.android.settings.FallbackHome,handlePauseActivity]
12-15 10:39:06.476   532   549 I am_stop_activity: [0,226470853,com.android.settings/.FallbackHome]
12-15 10:39:06.485  1125  1125 I am_on_stop_called: [0,com.android.settings.FallbackHome,sleeping]
12-15 10:39:06.470   293   293 I auditd  : type=1400 audit(0.0:23): avc: denied { getattr } for comm="main" path="/sys/kernel/debug/tracing/trace_marker" dev="debugfs" ino=1051 scontext=u:r:zygote:s0 tcontext=u:object_r:debugfs:s0 tclass=file permissive=1
