12-15 10:39:08.995   424   480 D RILMUXD : [gsm0710muxd] 766:write_frame(): Write a frame on channel 5 with length 35
12-15 10:39:09.003   424   474 D RILMUXD : [gsm0710muxd] 1643:gsm0710_base_buffer_get_frame(): Get a complete frame. ch:2, ctrl:239, len:14
12-15 10:39:09.003   424   474 D RILMUXD : [gsm0710muxd] 2383:extract_frames(): Writing 14 byte frame received on channel 2 to /dev/pts/2
12-15 10:39:09.003   424   474 D RILMUXD : [gsm0710muxd] 2403:extract_frames(): write() returned. Written 14/14 bytes of frame to /dev/pts/2
12-15 10:39:09.003   424   474 D RILMUXD : [gsm0710muxd] 2408:extract_frames(): fsync() failed (-1, 22 - Invalid argument)
12-15 10:39:09.004   424   474 D RILMUXD : [gsm0710muxd] 1643:gsm0710_base_buffer_get_frame(): Get a complete frame. ch:2, ctrl:239, len:2
12-15 10:39:09.004   424   474 D RILMUXD : [gsm0710muxd] 2383:extract_frames(): Writing 2 byte frame received on channel 2 to /dev/pts/2
12-15 10:39:09.004   424   474 D RILMUXD : [gsm0710muxd] 2403:extract_frames(): write() returned. Written 2/2 bytes of frame to /dev/pts/2
12-15 10:39:09.004   424   474 D RILMUXD : [gsm0710muxd] 2408:extract_frames(): fsync() failed (-1, 22 - Invalid argument)
12-15 10:39:09.004   424   474 D RILMUXD : [gsm0710muxd] 1643:gsm0710_base_buffer_get_frame(): Get a complete frame. ch:2, ctrl:239, len:43
12-15 10:39:09.004   424   474 D RILMUXD : [gsm0710muxd] 2383:extract_frames(): Writing 43 byte frame received on channel 2 to /dev/pts/2
12-15 10:39:09.004   424   474 D RILMUXD : [gsm0710muxd] 2403:extract_frames(): write() returned. Written 43/43 bytes of frame to /dev/pts/2
12-15 10:39:09.004   424   474 D RILMUXD : [gsm0710muxd] 2408:extract_frames(): fsync() failed (-1, 22 - Invalid argument)
12-15 10:39:09.004   424   474 D RILMUXD : [gsm0710muxd] 1643:gsm0710_base_buffer_get_frame(): Get a complete frame. ch:2, ctrl:239, len:2
12-15 10:39:09.004   424   474 D RILMUXD : [gsm0710muxd] 2383:extract_frames(): Writing 2 byte frame received on channel 2 to /dev/pts/2
12-15 10:39:09.005   424   474 D RILMUXD : [gsm0710muxd] 2403:extract_frames(): write() returned. Written 2/2 bytes of frame to /dev/pts/2
12-15 10:39:09.005   424   474 D RILMUXD : [gsm0710muxd] 2408:extract_frames(): fsync() failed (-1, 22 - Invalid argument)
12-15 10:39:09.006   281   281 I sf_frame_dur: [BootAnimation,57,922,4,0,1,0,0]
12-15 10:39:09.027   532   865 I Telecom : PhoneAccountRegistrar: [ComponentInfo{com.android.phone/com.android.services.telephony.TelephonyConnectionService}, [e0184adedf913b076626646d3f52c3b49c39ad6d], UserHandle{0}(icon: Icon(typ=BITMAP size=38x48) -> Icon(typ=BITMAP size=38x48))]: TSI.rPA@AAs
12-15 10:39:09.030   532   865 I Telecom : : Sending phone-account registered intent as user: TSI.rPA@AAs
12-15 10:39:09.030   424   474 D RILMUXD : [gsm0710muxd] 1643:gsm0710_base_buffer_get_frame(): Get a complete frame. ch:5, ctrl:239, len:121
12-15 10:39:09.030   424   474 D RILMUXD : [gsm0710muxd] 2383:extract_frames(): Writing 121 byte frame received on channel 5 to /dev/pts/5
12-15 10:39:09.030   424   474 D RILMUXD : [gsm0710muxd] 2403:extract_frames(): write() returned. Written 121/121 bytes of frame to /dev/pts/5
12-15 10:39:09.030   424   474 D RILMUXD : [gsm0710muxd] 2408:extract_frames(): fsync() failed (-1, 22 - Invalid argument)
12-15 10:39:09.031   424   474 D RILMUXD : [gsm0710muxd] 1643:gsm0710_base_buffer_get_frame(): Get a complete frame. ch:5, ctrl:239, len:6
12-15 10:39:09.031   424   474 D RILMUXD : [gsm0710muxd] 2383:extract_frames(): Writing 6 byte frame received on channel 5 to /dev/pts/5
12-15 10:39:09.031   424   474 D RILMUXD : [gsm0710muxd] 2403:extract_frames(): write() returned. Written 6/6 bytes of frame to /dev/pts/5
12-15 10:39:09.031   424   474 D RILMUXD : [gsm0710muxd] 2408:extract_frames(): fsync() failed (-1, 22 - Invalid argument)
12-15 10:39:09.032   424   480 D RILMUXD : [gsm0710muxd] 3614:poll_thread(): poll_thread select found
12-15 10:39:09.032   424   480 D RILMUXD : [gsm0710muxd] 1045:pseudo_device_read(): Enter, LackofAtciChannel=0
12-15 10:39:09.032   424   480 D RILMUXD : [gsm0710muxd] 657:write_frame(): Sending frame to channel 5
12-15 10:39:09.032   424   480 D RILMUXD : [gsm0710muxd] 766:write_frame(): Write a frame on channel 5 with length 35
12-15 10:39:09.053  1111  1268 I chatty  : uid=1001(radio) Binder:1111_5 expire 6 lines
12-15 10:39:09.060   424   474 D RILMUXD : [gsm0710muxd] 1643:gsm0710_base_buffer_get_frame(): Get a complete frame. ch:5, ctrl:239, len:121
12-15 10:39:09.060   424   474 D RILMUXD : [gsm0710muxd] 2383:extract_frames(): Writing 121 byte frame received on channel 5 to /dev/pts/5
12-15 10:39:09.060   424   474 D RILMUXD : [gsm0710muxd] 2403:extract_frames(): write() returned. Written 121/121 bytes of frame to /dev/pts/5
12-15 10:39:09.060   424   474 D RILMUXD : [gsm0710muxd] 2408:extract_frames(): fsync() failed (-1, 22 - Invalid argument)
12-15 10:39:09.060   424   474 D RILMUXD : [gsm0710muxd] 1643:gsm0710_base_buffer_get_frame(): Get a complete frame. ch:5, ctrl:239, len:6
12-15 10:39:09.061   424   474 D RILMUXD : [gsm0710muxd] 2383:extract_frames(): Writing 6 byte frame received on channel 5 to /dev/pts/5
12-15 10:39:09.061   424   474 D RILMUXD : [gsm0710muxd] 2403:extract_frames(): write() returned. Written 6/6 bytes of frame to /dev/pts/5
12-15 10:39:09.061   424   474 D RILMUXD : [gsm0710muxd] 2408:extract_frames(): fsync() failed (-1, 22 - Invalid argument)
12-15 10:39:09.062   532   546 I Telecom : PhoneAccountRegistrar: [ComponentInfo{com.android.phone/com.android.services.telephony.TelephonyConnectionService}, [e0184adedf913b076626646d3f52c3b49c39ad6d], UserHandle{0}(icon: Icon(typ=BITMAP size=38x48) -> Icon(typ=BITMAP size=38x48))]: TSI.rPA@AA4
12-15 10:39:09.065   532   546 I Telecom : : Sending phone-account registered intent as user: TSI.rPA@AA4
12-15 10:39:09.065   424   480 D RILMUXD : [gsm0710muxd] 3614:poll_thread(): poll_thread select found
12-15 10:39:09.065   424   480 D RILMUXD : [gsm0710muxd] 1045:pseudo_device_read(): Enter, LackofAtciChannel=0
12-15 10:39:09.065   424   480 D RILMUXD : [gsm0710muxd] 657:write_frame(): Sending frame to channel 5
12-15 10:39:09.065   424   480 D RILMUXD : [gsm0710muxd] 766:write_frame(): Write a frame on channel 5 with length 35
12-15 10:39:09.084   532   865 I Telecom : PhoneAccountRegistrar: [ComponentInfo{com.android.phone/com.android.services.telephony.TelephonyConnectionService}, [e0184adedf913b076626646d3f52c3b49c39ad6d], UserHandle{0}(icon: Icon(typ=BITMAP size=38x48) -> Icon(typ=BITMAP size=38x48))]: TSI.rPA@AA8
12-15 10:39:09.086   532   865 I Telecom : : Sending phone-account registered intent as user: TSI.rPA@AA8
12-15 10:39:09.093   424   474 D RILMUXD : [gsm0710muxd] 1643:gsm0710_base_buffer_get_frame(): Get a complete frame. ch:5, ctrl:239, len:121
12-15 10:39:09.093   424   474 D RILMUXD : [gsm0710muxd] 2383:extract_frames(): Writing 121 byte frame received on channel 5 to /dev/pts/5
12-15 10:39:09.093   424   474 D RILMUXD : [gsm0710muxd] 2403:extract_frames(): write() returned. Written 121/121 bytes of frame to /dev/pts/5
12-15 10:39:09.093   424   474 D RILMUXD : [gsm0710muxd] 2408:extract_frames(): fsync() failed (-1, 22 - Invalid argument)
12-15 10:39:09.096   424   474 D RILMUXD : [gsm0710muxd] 1643:gsm0710_base_buffer_get_frame(): Get a complete frame. ch:5, ctrl:239, len:6
12-15 10:39:09.097   424   474 D RILMUXD : [gsm0710muxd] 2383:extract_frames(): Writing 6 byte frame received on channel 5 to /dev/pts/5
12-15 10:39:09.097   424   474 D RILMUXD : [gsm0710muxd] 2403:extract_frames(): write() returned. Written 6/6 bytes of frame to /dev/pts/5
12-15 10:39:09.097   424   474 D RILMUXD : [gsm0710muxd] 2408:extract_frames(): fsync() failed (-1, 22 - Invalid argument)
12-15 10:39:09.104   424   480 D RILMUXD : [gsm0710muxd] 3614:poll_thread(): poll_thread select found
12-15 10:39:09.104   424   480 D RILMUXD : [gsm0710muxd] 1045:pseudo_device_read(): Enter, LackofAtciChannel=0
12-15 10:39:09.104   424   480 D RILMUXD : [gsm0710muxd] 657:write_frame(): Sending frame to channel 5
12-15 10:39:09.104   424   480 D RILMUXD : [gsm0710muxd] 766:write_frame(): Write a frame on channel 5 with length 35
12-15 10:39:09.139   424   474 D RILMUXD : [gsm0710muxd] 1643:gsm0710_base_buffer_get_frame(): Get a complete frame. ch:5, ctrl:239, len:121
12-15 10:39:09.139   424   474 D RILMUXD : [gsm0710muxd] 2383:extract_frames(): Writing 121 byte frame received on channel 5 to /dev/pts/5
12-15 10:39:09.139   424   474 D RILMUXD : [gsm0710muxd] 2403:extract_frames(): write() returned. Written 121/121 bytes of frame to /dev/pts/5
12-15 10:39:09.139   424   474 D RILMUXD : [gsm0710muxd] 2408:extract_frames(): fsync() failed (-1, 22 - Invalid argument)
12-15 10:39:09.140   424   474 D RILMUXD : [gsm0710muxd] 1643:gsm0710_base_buffer_get_frame(): Get a complete frame. ch:5, ctrl:239, len:6
12-15 10:39:09.141   424   474 D RILMUXD : [gsm0710muxd] 2383:extract_frames(): Writing 6 byte frame received on channel 5 to /dev/pts/5
12-15 10:39:09.141   424   474 D RILMUXD : [gsm0710muxd] 2403:extract_frames(): write() returned. Written 6/6 bytes of frame to /dev/pts/5
12-15 10:39:09.141   424   474 D RILMUXD : [gsm0710muxd] 2408:extract_frames(): fsync() failed (-1, 22 - Invalid argument)
12-15 10:39:09.197  1111  1187 I chatty  : uid=1001(radio) GsmCellBroadcas expire 1 line
12-15 10:39:09.243  1111  1189 I chatty  : uid=1001(radio) CellBroadcastHa expire 1 line
12-15 10:39:09.258  1111  1193 I chatty  : uid=1001(radio) CdmaServiceCate expire 1 line
12-15 10:39:09.294  1111  1111 D MccTable: updateMccMncConfiguration mccmnc='25011' fromServiceState=false
12-15 10:39:09.296  1111  1111 D MccTable: updateMccMncConfiguration defaultMccMnc=25011
12-15 10:39:09.296  1111  1111 D MccTable: updateMccMncConfiguration: mcc=250, mnc=11
12-15 10:39:09.296  1111  1111 D MccTable: updateMccMncConfiguration updateConfig config={1.0 250mcc11mnc ?localeList ?layoutDir ?swdp ?wdp ?hdp ?density ?lsize ?long ?orien ?uimode ?night ?touch ?keyb/?/? ?nav/?}
12-15 10:39:09.427  1111  1217 I chatty  : uid=1001(radio) GsmCellBroadcas expire 1 line
12-15 10:39:09.439  1111  1219 I chatty  : uid=1001(radio) CellBroadcastHa expire 1 line
12-15 10:39:09.448   532   545 I Telecom : PhoneAccountRegistrar: [ComponentInfo{com.android.phone/com.android.services.telephony.TelephonyConnectionService}, [e0184adedf913b076626646d3f52c3b49c39ad6d], UserHandle{0}(icon: Icon(typ=BITMAP size=38x48) -> Icon(typ=BITMAP size=38x48))]: TSI.rPA@ABI
12-15 10:39:09.450  1111  1222 I chatty  : uid=1001(radio) CdmaServiceCate expire 1 line
12-15 10:39:09.451   532   545 I Telecom : : Sending phone-account registered intent as user: TSI.rPA@ABI
12-15 10:39:09.491   424   480 D RILMUXD : [gsm0710muxd] 3614:poll_thread(): poll_thread select found
12-15 10:39:09.491   424   480 D RILMUXD : [gsm0710muxd] 1045:pseudo_device_read(): Enter, LackofAtciChannel=0
12-15 10:39:09.491   424   480 D RILMUXD : [gsm0710muxd] 657:write_frame(): Sending frame to channel 5
12-15 10:39:09.491   424   480 D RILMUXD : [gsm0710muxd] 766:write_frame(): Write a frame on channel 5 with length 48
12-15 10:39:09.499   424   474 D RILMUXD : [gsm0710muxd] 1643:gsm0710_base_buffer_get_frame(): Get a complete frame. ch:5, ctrl:239, len:6
12-15 10:39:09.499   424   474 D RILMUXD : [gsm0710muxd] 2383:extract_frames(): Writing 6 byte frame received on channel 5 to /dev/pts/5
12-15 10:39:09.499   424   474 D RILMUXD : [gsm0710muxd] 2403:extract_frames(): write() returned. Written 6/6 bytes of frame to /dev/pts/5
12-15 10:39:09.499   424   474 D RILMUXD : [gsm0710muxd] 2408:extract_frames(): fsync() failed (-1, 22 - Invalid argument)
12-15 10:39:09.500   424   480 D RILMUXD : [gsm0710muxd] 3614:poll_thread(): poll_thread select found
12-15 10:39:09.500   424   480 D RILMUXD : [gsm0710muxd] 1045:pseudo_device_read(): Enter, LackofAtciChannel=0
12-15 10:39:09.500   424   480 D RILMUXD : [gsm0710muxd] 657:write_frame(): Sending frame to channel 5
12-15 10:39:09.500   424   480 D RILMUXD : [gsm0710muxd] 766:write_frame(): Write a frame on channel 5 with length 53
12-15 10:39:09.500   532   559 I wm_boot_animation_done: 49283
12-15 10:39:09.502   532   559 I SystemServiceManager: Starting phase 1000
12-15 10:39:09.508   424   474 D RILMUXD : [gsm0710muxd] 1643:gsm0710_base_buffer_get_frame(): Get a complete frame. ch:5, ctrl:239, len:6
12-15 10:39:09.508   424   474 D RILMUXD : [gsm0710muxd] 2383:extract_frames(): Writing 6 byte frame received on channel 5 to /dev/pts/5
12-15 10:39:09.508   424   474 D RILMUXD : [gsm0710muxd] 2403:extract_frames(): write() returned. Written 6/6 bytes of frame to /dev/pts/5
12-15 10:39:09.508   424   474 D RILMUXD : [gsm0710muxd] 2408:extract_frames(): fsync() failed (-1, 22 - Invalid argument)
12-15 10:39:09.526   424   480 D RILMUXD : [gsm0710muxd] 3614:poll_thread(): poll_thread select found
12-15 10:39:09.526   424   480 D RILMUXD : [gsm0710muxd] 1045:pseudo_device_read(): Enter, LackofAtciChannel=0
12-15 10:39:09.526   424   480 D RILMUXD : [gsm0710muxd] 657:write_frame(): Sending frame to channel 5
12-15 10:39:09.526   424   480 D RILMUXD : [gsm0710muxd] 766:write_frame(): Write a frame on channel 5 with length 11
12-15 10:39:09.527   424   474 D RILMUXD : [gsm0710muxd] 1643:gsm0710_base_buffer_get_frame(): Get a complete frame. ch:5, ctrl:239, len:14
12-15 10:39:09.528   424   474 D RILMUXD : [gsm0710muxd] 2383:extract_frames(): Writing 14 byte frame received on channel 5 to /dev/pts/5
12-15 10:39:09.528   424   474 D RILMUXD : [gsm0710muxd] 2403:extract_frames(): write() returned. Written 14/14 bytes of frame to /dev/pts/5
12-15 10:39:09.528   424   474 D RILMUXD : [gsm0710muxd] 2408:extract_frames(): fsync() failed (-1, 22 - Invalid argument)
12-15 10:39:09.528   424   474 D RILMUXD : [gsm0710muxd] 1643:gsm0710_base_buffer_get_frame(): Get a complete frame. ch:5, ctrl:239, len:6
12-15 10:39:09.528   424   474 D RILMUXD : [gsm0710muxd] 2383:extract_frames(): Writing 6 byte frame received on channel 5 to /dev/pts/5
12-15 10:39:09.528   424   474 D RILMUXD : [gsm0710muxd] 2403:extract_frames(): write() returned. Written 6/6 bytes of frame to /dev/pts/5
12-15 10:39:09.528   424   474 D RILMUXD : [gsm0710muxd] 2408:extract_frames(): fsync() failed (-1, 22 - Invalid argument)
12-15 10:39:09.529   424   478 D RILMUXD : [gsm0710muxd] 3614:poll_thread(): poll_thread select found
12-15 10:39:09.529   424   478 D RILMUXD : [gsm0710muxd] 1045:pseudo_device_read(): Enter, LackofAtciChannel=0
12-15 10:39:09.529   424   478 D RILMUXD : [gsm0710muxd] 657:write_frame(): Sending frame to channel 3
12-15 10:39:09.529   424   478 D RILMUXD : [gsm0710muxd] 766:write_frame(): Write a frame on channel 3 with length 9
12-15 10:39:09.530   424   480 D RILMUXD : [gsm0710muxd] 3614:poll_thread(): poll_thread select found
12-15 10:39:09.530   424   480 D RILMUXD : [gsm0710muxd] 1045:pseudo_device_read(): Enter, LackofAtciChannel=0
12-15 10:39:09.530   424   480 D RILMUXD : [gsm0710muxd] 657:write_frame(): Sending frame to channel 5
12-15 10:39:09.530   424   480 D RILMUXD : [gsm0710muxd] 766:write_frame(): Write a frame on channel 5 with length 10
12-15 10:39:09.530   424   474 D RILMUXD : [gsm0710muxd] 1643:gsm0710_base_buffer_get_frame(): Get a complete frame. ch:3, ctrl:239, len:12
12-15 10:39:09.530   424   474 D RILMUXD : [gsm0710muxd] 2383:extract_frames(): Writing 12 byte frame received on channel 3 to /dev/pts/3
12-15 10:39:09.530   424   474 D RILMUXD : [gsm0710muxd] 2403:extract_frames(): write() returned. Written 12/12 bytes of frame to /dev/pts/3
12-15 10:39:09.530   424   474 D RILMUXD : [gsm0710muxd] 2408:extract_frames(): fsync() failed (-1, 22 - Invalid argument)
12-15 10:39:09.531   424   474 D RILMUXD : [gsm0710muxd] 1643:gsm0710_base_buffer_get_frame(): Get a complete frame. ch:3, ctrl:239, len:6
12-15 10:39:09.531   424   474 D RILMUXD : [gsm0710muxd] 2383:extract_frames(): Writing 6 byte frame received on channel 3 to /dev/pts/3
12-15 10:39:09.531   424   474 D RILMUXD : [gsm0710muxd] 2403:extract_frames(): write() returned. Written 6/6 bytes of frame to /dev/pts/3
12-15 10:39:09.531   424   474 D RILMUXD : [gsm0710muxd] 2408:extract_frames(): fsync() failed (-1, 22 - Invalid argument)
12-15 10:39:09.532   424   474 D RILMUXD : [gsm0710muxd] 1643:gsm0710_base_buffer_get_frame(): Get a complete frame. ch:5, ctrl:239, len:44
12-15 10:39:09.532   424   474 D RILMUXD : [gsm0710muxd] 2383:extract_frames(): Writing 44 byte frame received on channel 5 to /dev/pts/5
12-15 10:39:09.532   424   474 D RILMUXD : [gsm0710muxd] 2403:extract_frames(): write() returned. Written 44/44 bytes of frame to /dev/pts/5
12-15 10:39:09.532   424   474 D RILMUXD : [gsm0710muxd] 2408:extract_frames(): fsync() failed (-1, 22 - Invalid argument)
12-15 10:39:09.532   424   474 D RILMUXD : [gsm0710muxd] 1643:gsm0710_base_buffer_get_frame(): Get a complete frame. ch:5, ctrl:239, len:6
12-15 10:39:09.532   424   474 D RILMUXD : [gsm0710muxd] 2383:extract_frames(): Writing 6 byte frame received on channel 5 to /dev/pts/5
12-15 10:39:09.532   424   474 D RILMUXD : [gsm0710muxd] 2403:extract_frames(): write() returned. Written 6/6 bytes of frame to /dev/pts/5
12-15 10:39:09.532   424   474 D RILMUXD : [gsm0710muxd] 2408:extract_frames(): fsync() failed (-1, 22 - Invalid argument)
12-15 10:39:09.534   424   480 D RILMUXD : [gsm0710muxd] 3614:poll_thread(): poll_thread select found
12-15 10:39:09.534   424   480 D RILMUXD : [gsm0710muxd] 1045:pseudo_device_read(): Enter, LackofAtciChannel=0
12-15 10:39:09.534   424   480 D RILMUXD : [gsm0710muxd] 657:write_frame(): Sending frame to channel 5
12-15 10:39:09.534   424   480 D RILMUXD : [gsm0710muxd] 766:write_frame(): Write a frame on channel 5 with length 12
12-15 10:39:09.535   424   474 D RILMUXD : [gsm0710muxd] 1643:gsm0710_base_buffer_get_frame(): Get a complete frame. ch:5, ctrl:239, len:6
12-15 10:39:09.535   424   474 D RILMUXD : [gsm0710muxd] 2383:extract_frames(): Writing 6 byte frame received on channel 5 to /dev/pts/5
12-15 10:39:09.535   424   474 D RILMUXD : [gsm0710muxd] 2403:extract_frames(): write() returned. Written 6/6 bytes of frame to /dev/pts/5
12-15 10:39:09.535   424   474 D RILMUXD : [gsm0710muxd] 2408:extract_frames(): fsync() failed (-1, 22 - Invalid argument)
12-15 10:39:09.555   532   803 E LiveDisplay: Color temperature out of range: 0
12-15 10:39:09.578   532   559 I am_proc_start: [0,1275,10035,com.google.android.ext.services,on-hold,]
12-15 10:39:09.578   532   559 I ActivityManager: Start proc 1275:com.google.android.ext.services/u0a35 for on-hold
12-15 10:39:09.586   532   559 D ActivityManager: Finishing user boot 0
12-15 10:39:09.588   532   559 I sysui_histogram: [framework_locked_boot_completed,49]
12-15 10:39:09.590   532   559 D CryptdConnector: SND -> {5 cryptfs prepare_user_storage ! 0 0 2}
12-15 10:39:09.591   254   266 D vold    : e4crypt_prepare_user_storage for volume null, user 0, serial 0, flags 2
12-15 10:39:09.591   254   266 D vold    : Preparing: /data/system_ce/0
12-15 10:39:09.591   254   266 D vold    : Preparing: /data/misc_ce/0
12-15 10:39:09.591   254   266 D vold    : Preparing: /data/media/0
12-15 10:39:09.591   254   266 D vold    : Preparing: /data/data
12-15 10:39:09.592   532   651 D CryptdConnector: RCV <- {200 5 Command succeeded}
12-15 10:39:09.592   532   559 V UserManagerService: Found /data/user/0 with serial number 0
12-15 10:39:09.593   532   559 V UserManagerService: Found /data/system_ce/0 with serial number 0
12-15 10:39:09.593   532   559 V PackageManager: reconcileAppsData for null u0 0x2
12-15 10:39:10.042   532   559 V PackageManager: reconcileAppsData finished 136 packages
12-15 10:39:10.043   532  1145 I dvm_lock_sample: [system_server,1,Binder:532_5,467,ActivityManagerService.java,18710,-,7009,93]
12-15 10:39:10.044   532   549 I dvm_lock_sample: [system_server,1,ActivityManager,454,BroadcastQueue.java,760,ActivityManagerService.java,7009,90]
12-15 10:39:10.044   532   865 I dvm_lock_sample: [system_server,1,Binder:532_3,446,ActivityManagerService.java,6855,-,7009,89]
12-15 10:39:10.045   532   549 D BluetoothManagerService: User 0 unlocked
12-15 10:39:10.045   532   549 D MountService: onUnlockUser 0
12-15 10:39:10.045   532   549 D VoldConnector: SND -> {7 volume user_started 0}
12-15 10:39:10.046   532   558 D BluetoothManagerService: Message: 301
12-15 10:39:10.048   532   865 I am_proc_bound: [0,1275,com.google.android.ext.services]
12-15 10:39:10.049   254   265 D vold    : Linking /storage/emulated/0 to /mnt/user/0/primary
12-15 10:39:10.050   532   650 D VoldConnector: RCV <- {200 7 Command succeeded}
12-15 10:39:10.051   532   558 D BluetoothManagerService: MESSAGE_USER_UNLOCKED
12-15 10:39:10.053   532   649 D MountService: Volume public:179_129 broadcasting mounted to UserHandle{0}
12-15 10:39:10.055   532   649 D MountService: Volume emulated broadcasting mounted to UserHandle{0}
12-15 10:39:10.110   532   549 V BackupManagerService: No ancestral data
12-15 10:39:10.146   532   549 V BackupManagerService: Starting with transport com.google.android.gms/.backup.BackupTransportService
12-15 10:39:10.146   532   549 V BackupManagerService: Found transports: 2
12-15 10:39:10.165   532   549 I am_proc_start: [0,1304,10031,com.google.android.gms.persistent,service,com.google.android.gms/.backup.BackupTransportService]
12-15 10:39:10.165   532   549 I ActivityManager: Start proc 1304:com.google.android.gms.persistent/u0a31 for service com.google.android.gms/.backup.BackupTransportService
12-15 10:39:10.168   532   549 I BackupManagerService: Backup enabled => false
12-15 10:39:10.189   532   546 I am_proc_bound: [0,1304,com.google.android.gms.persistent]
12-15 10:39:10.214   532  1302 V KeyValueBackupJob: Scheduling k/v pass in 248 minutes
12-15 10:39:10.225   424   476 D RILMUXD : [gsm0710muxd] 3614:poll_thread(): poll_thread select found
12-15 10:39:10.225   424   476 D RILMUXD : [gsm0710muxd] 1045:pseudo_device_read(): Enter, LackofAtciChannel=0
12-15 10:39:10.226   424   476 D RILMUXD : [gsm0710muxd] 657:write_frame(): Sending frame to channel 1
12-15 10:39:10.226   424   476 D RILMUXD : [gsm0710muxd] 766:write_frame(): Write a frame on channel 1 with length 12
12-15 10:39:10.227   424   474 D RILMUXD : [gsm0710muxd] 1643:gsm0710_base_buffer_get_frame(): Get a complete frame. ch:1, ctrl:239, len:6
12-15 10:39:10.228   424   474 D RILMUXD : [gsm0710muxd] 2383:extract_frames(): Writing 6 byte frame received on channel 1 to /dev/pts/1
12-15 10:39:10.228   424   474 D RILMUXD : [gsm0710muxd] 2403:extract_frames(): write() returned. Written 6/6 bytes of frame to /dev/pts/1
12-15 10:39:10.228   424   474 D RILMUXD : [gsm0710muxd] 2408:extract_frames(): fsync() failed (-1, 22 - Invalid argument)
12-15 10:39:10.228   488   520 I chatty  : uid=1001(radio) /system/bin/mtkrild expire 4 lines
12-15 10:39:10.231   532  1302 V KeyValueBackupJob: Scheduling k/v pass in 246 minutes
12-15 10:39:10.233   532   532 V BackupManagerService: Connected to transport ComponentInfo{android/com.android.internal.backup.LocalTransportService}
12-15 10:39:10.233   532   532 V BackupManagerService: Registering transport android/com.android.internal.backup.LocalTransportService::android/com.android.internal.backup.LocalTransport = android.app.backup.BackupTransport$TransportImpl@fa13fac
12-15 10:39:10.236   532   532 I backup_transport_lifecycle: [android/com.android.internal.backup.LocalTransportService,1]
12-15 10:39:10.345   532  1145 I Telecom : PhoneAccountRegistrar: New phone account registered: [[ ] PhoneAccount: ComponentInfo{com.android.phone/com.android.services.telephony.TelephonyConnectionService}, [fb292aba8712527c3b73cd8c2bc280e7e1b54644], UserHandle{0} Capabilities: CallProvider MultiUser PlaceEmerg SimSub  Schemes: tel voicemail  Extras: null GroupId: [da39a3ee5e6b4b0d3255bfef95601890afd80709]]: TSI.rPA@ABM
12-15 10:39:10.351   532  1145 I Telecom : : Sending phone-account registered intent as user: TSI.rPA@ABM
12-15 10:39:10.366   532   546 I Telecom : : Sending phone-account unregistered intent as user: TSI.uPA@ABU
12-15 10:39:10.434   532  1145 I Telecom : PhoneAccountRegistrar: [ComponentInfo{com.android.phone/com.android.services.telephony.TelephonyConnectionService}, [fb292aba8712527c3b73cd8c2bc280e7e1b54644], UserHandle{0}(icon: Icon(typ=BITMAP size=48x48) -> Icon(typ=BITMAP size=48x48))]: TSI.rPA@ABc
12-15 10:39:10.437   532  1145 I Telecom : : Sending phone-account registered intent as user: TSI.rPA@ABc
12-15 10:39:10.489   532   546 I Telecom : PhoneAccountRegistrar: [ComponentInfo{com.android.phone/com.android.services.telephony.TelephonyConnectionService}, [fb292aba8712527c3b73cd8c2bc280e7e1b54644], UserHandle{0}(icon: Icon(typ=BITMAP size=48x48) -> Icon(typ=BITMAP size=48x48))]: TSI.rPA@ABo
12-15 10:39:10.492   532   546 I Telecom : : Sending phone-account registered intent as user: TSI.rPA@ABo
12-15 10:39:10.521   532   545 I am_proc_start: [0,1325,10005,com.android.carrierconfig,service,com.android.carrierconfig/.DefaultCarrierConfigService]
12-15 10:39:10.521   532   545 I ActivityManager: Start proc 1325:com.android.carrierconfig/u0a5 for service com.android.carrierconfig/.DefaultCarrierConfigService
12-15 10:39:10.541   532   865 I am_proc_bound: [0,1325,com.android.carrierconfig]
12-15 10:39:10.546   532   777 D ConnectivityService: Got NetworkFactory Messenger for WIFI
12-15 10:39:10.548   532   777 D ConnectivityService: Got NetworkFactory Messenger for WIFI_UT
12-15 10:39:10.562   532   532 I am_proc_start: [0,1339,10098,com.google.android.marvin.talkback,broadcast,com.google.android.marvin.talkback/com.android.talkback.BootReceiver]
12-15 10:39:10.562   532   532 I ActivityManager: Start proc 1339:com.google.android.marvin.talkback/u0a98 for broadcast com.google.android.marvin.talkback/com.android.talkback.BootReceiver
12-15 10:39:10.581   532   545 I am_proc_bound: [0,1339,com.google.android.marvin.talkback]
12-15 10:39:10.616   532   545 I Telecom : PhoneAccountRegistrar: [ComponentInfo{com.android.phone/com.android.services.telephony.TelephonyConnectionService}, [fb292aba8712527c3b73cd8c2bc280e7e1b54644], UserHandle{0}(icon: Icon(typ=BITMAP size=48x48) -> Icon(typ=BITMAP size=48x48))]: TSI.rPA@AB0
12-15 10:39:10.619   532   545 I Telecom : : Sending phone-account registered intent as user: TSI.rPA@AB0
12-15 10:39:10.671   532   549 I am_proc_start: [0,1355,10030,com.google.android.googlequicksearchbox:interactor,service,com.google.android.googlequicksearchbox/com.google.android.voiceinteraction.GsaVoiceInteractionService]
12-15 10:39:10.671   532   549 I ActivityManager: Start proc 1355:com.google.android.googlequicksearchbox:interactor/u0a30 for service com.google.android.googlequicksearchbox/com.google.android.voiceinteraction.GsaVoiceInteractionService
12-15 10:39:10.674   532   549 I BrokerableCMSystemService: Connecting to implementation
12-15 10:39:10.675   532   549 W ContextImpl: Calling a method in the system process without a qualified user: android.app.ContextImpl.bindService:1421 org.cyanogenmod.platform.internal.BrokerableCMSystemService.tryConnecting:199 org.cyanogenmod.platform.internal.WeatherManagerServiceBroker.onUnlockUser:97 com.android.server.SystemServiceManager.unlockUser:178 com.android.server.am.ActivityManagerService$MainHandler.handleMessage:2054 
12-15 10:39:10.685   532  1138 I Telecom : PhoneAccountRegistrar: [ComponentInfo{com.android.phone/com.android.services.telephony.TelephonyConnectionService}, [fb292aba8712527c3b73cd8c2bc280e7e1b54644], UserHandle{0}(icon: Icon(typ=BITMAP size=48x48) -> Icon(typ=BITMAP size=48x48))]: TSI.rPA@ACA
12-15 10:39:10.693   532  1138 I Telecom : : Sending phone-account registered intent as user: TSI.rPA@ACA
12-15 10:39:10.699   532   549 I am_proc_start: [0,1370,10029,org.cyanogenmod.weatherservice,service,org.cyanogenmod.weatherservice/.WeatherManagerService]
12-15 10:39:10.699   532   549 I ActivityManager: Start proc 1370:org.cyanogenmod.weatherservice/u0a29 for service org.cyanogenmod.weatherservice/.WeatherManagerService
12-15 10:39:10.699   532   549 I ActivityManager: Loading recents for user 0 into memory.
12-15 10:39:10.801   532  1302 I BackupManagerService: Found stale backup journal, scheduling
12-15 10:39:10.842   532   549 W ActivityManager: Removing auto-remove without activity: TaskRecord{f901170 #86 A=com.google.android.gm U=0 StackId=-1 sz=0}
12-15 10:39:10.846   532   546 I am_proc_bound: [0,1355,com.google.android.googlequicksearchbox:interactor]
12-15 10:39:10.850   532  1145 I dvm_lock_sample: [system_server,1,Binder:532_5,135,ActivityManagerService.java,6855,-,2055,27]
12-15 10:39:10.850   532  1145 I am_proc_bound: [0,1370,org.cyanogenmod.weatherservice]
12-15 10:39:10.865   424   478 D RILMUXD : [gsm0710muxd] 3614:poll_thread(): poll_thread select found
12-15 10:39:10.865   424   478 D RILMUXD : [gsm0710muxd] 1045:pseudo_device_read(): Enter, LackofAtciChannel=0
12-15 10:39:10.865   424   478 D RILMUXD : [gsm0710muxd] 657:write_frame(): Sending frame to channel 3
12-15 10:39:10.865   424   478 D RILMUXD : [gsm0710muxd] 766:write_frame(): Write a frame on channel 3 with length 9
12-15 10:39:10.872   532   548 I am_proc_start: [0,1386,10063,com.android.printspooler,service,com.android.printspooler/.model.PrintSpoolerService]
12-15 10:39:10.872   424   474 D RILMUXD : [gsm0710muxd] 1643:gsm0710_base_buffer_get_frame(): Get a complete frame. ch:3, ctrl:239, len:12
12-15 10:39:10.872   424   474 D RILMUXD : [gsm0710muxd] 2383:extract_frames(): Writing 12 byte frame received on channel 3 to /dev/pts/3
12-15 10:39:10.872   532   548 I ActivityManager: Start proc 1386:com.android.printspooler/u0a63 for service com.android.printspooler/.model.PrintSpoolerService
12-15 10:39:10.873   424   474 D RILMUXD : [gsm0710muxd] 2403:extract_frames(): write() returned. Written 12/12 bytes of frame to /dev/pts/3
12-15 10:39:10.873   424   474 D RILMUXD : [gsm0710muxd] 2408:extract_frames(): fsync() failed (-1, 22 - Invalid argument)
12-15 10:39:10.873   424   474 D RILMUXD : [gsm0710muxd] 1643:gsm0710_base_buffer_get_frame(): Get a complete frame. ch:3, ctrl:239, len:6
12-15 10:39:10.873   424   474 D RILMUXD : [gsm0710muxd] 2383:extract_frames(): Writing 6 byte frame received on channel 3 to /dev/pts/3
12-15 10:39:10.873   424   474 D RILMUXD : [gsm0710muxd] 2403:extract_frames(): write() returned. Written 6/6 bytes of frame to /dev/pts/3
12-15 10:39:10.873   424   474 D RILMUXD : [gsm0710muxd] 2408:extract_frames(): fsync() failed (-1, 22 - Invalid argument)
12-15 10:39:10.873   424   478 D RILMUXD : [gsm0710muxd] 3614:poll_thread(): poll_thread select found
12-15 10:39:10.874   424   478 D RILMUXD : [gsm0710muxd] 1045:pseudo_device_read(): Enter, LackofAtciChannel=0
12-15 10:39:10.874   424   478 D RILMUXD : [gsm0710muxd] 657:write_frame(): Sending frame to channel 3
12-15 10:39:10.874   424   478 D RILMUXD : [gsm0710muxd] 766:write_frame(): Write a frame on channel 3 with length 9
12-15 10:39:10.876   424   474 D RILMUXD : [gsm0710muxd] 1643:gsm0710_base_buffer_get_frame(): Get a complete frame. ch:3, ctrl:239, len:25
12-15 10:39:10.876   424   474 D RILMUXD : [gsm0710muxd] 2383:extract_frames(): Writing 25 byte frame received on channel 3 to /dev/pts/3
12-15 10:39:10.876   424   474 D RILMUXD : [gsm0710muxd] 2403:extract_frames(): write() returned. Written 25/25 bytes of frame to /dev/pts/3
12-15 10:39:10.876   424   474 D RILMUXD : [gsm0710muxd] 2408:extract_frames(): fsync() failed (-1, 22 - Invalid argument)
12-15 10:39:10.877   424   474 D RILMUXD : [gsm0710muxd] 1643:gsm0710_base_buffer_get_frame(): Get a complete frame. ch:3, ctrl:239, len:6
12-15 10:39:10.878   424   474 D RILMUXD : [gsm0710muxd] 2383:extract_frames(): Writing 6 byte frame received on channel 3 to /dev/pts/3
12-15 10:39:10.878   424   474 D RILMUXD : [gsm0710muxd] 2403:extract_frames(): write() returned. Written 6/6 bytes of frame to /dev/pts/3
12-15 10:39:10.878   424   474 D RILMUXD : [gsm0710muxd] 2408:extract_frames(): fsync() failed (-1, 22 - Invalid argument)
12-15 10:39:10.882   424   478 D RILMUXD : [gsm0710muxd] 3614:poll_thread(): poll_thread select found
12-15 10:39:10.882   424   478 D RILMUXD : [gsm0710muxd] 1045:pseudo_device_read(): Enter, LackofAtciChannel=0
12-15 10:39:10.882   424   478 D RILMUXD : [gsm0710muxd] 657:write_frame(): Sending frame to channel 3
12-15 10:39:10.883   424   478 D RILMUXD : [gsm0710muxd] 766:write_frame(): Write a frame on channel 3 with length 10
12-15 10:39:10.887   424   424 I chatty  : uid=1001(radio) /system/bin/gsm0710muxd expire 1 line
12-15 10:39:10.889   532   549 I am_proc_start: [0,1397,10001,org.cyanogenmod.audiofx,added application,org.cyanogenmod.audiofx]
12-15 10:39:10.889   532   549 I ActivityManager: Start proc 1397:org.cyanogenmod.audiofx/u0a1 for added application org.cyanogenmod.audiofx
12-15 10:39:10.890   424   474 D RILMUXD : [gsm0710muxd] 1643:gsm0710_base_buffer_get_frame(): Get a complete frame. ch:3, ctrl:239, len:44
12-15 10:39:10.890   424   474 D RILMUXD : [gsm0710muxd] 2383:extract_frames(): Writing 44 byte frame received on channel 3 to /dev/pts/3
12-15 10:39:10.890   424   474 D RILMUXD : [gsm0710muxd] 2403:extract_frames(): write() returned. Written 44/44 bytes of frame to /dev/pts/3
12-15 10:39:10.891   424   474 D RILMUXD : [gsm0710muxd] 2408:extract_frames(): fsync() failed (-1, 22 - Invalid argument)
12-15 10:39:10.891   424   474 D RILMUXD : [gsm0710muxd] 1643:gsm0710_base_buffer_get_frame(): Get a complete frame. ch:3, ctrl:239, len:6
12-15 10:39:10.891   424   474 D RILMUXD : [gsm0710muxd] 2383:extract_frames(): Writing 6 byte frame received on channel 3 to /dev/pts/3
12-15 10:39:10.891   424   474 D RILMUXD : [gsm0710muxd] 2403:extract_frames(): write() returned. Written 6/6 bytes of frame to /dev/pts/3
12-15 10:39:10.891   424   474 D RILMUXD : [gsm0710muxd] 2408:extract_frames(): fsync() failed (-1, 22 - Invalid argument)
12-15 10:39:10.893   532   549 D ActivityManager: Sending BOOT_COMPLETE user #0
12-15 10:39:10.893   532   549 I sysui_histogram: [framework_boot_completed,50]
12-15 10:39:10.894   424   478 D RILMUXD : [gsm0710muxd] 3614:poll_thread(): poll_thread select found
12-15 10:39:10.894   424   478 D RILMUXD : [gsm0710muxd] 1045:pseudo_device_read(): Enter, LackofAtciChannel=0
12-15 10:39:10.894   424   478 D RILMUXD : [gsm0710muxd] 657:write_frame(): Sending frame to channel 3
12-15 10:39:10.894   424   478 D RILMUXD : [gsm0710muxd] 766:write_frame(): Write a frame on channel 3 with length 9
12-15 10:39:10.902   424   474 D RILMUXD : [gsm0710muxd] 1643:gsm0710_base_buffer_get_frame(): Get a complete frame. ch:3, ctrl:239, len:38
12-15 10:39:10.902   424   474 D RILMUXD : [gsm0710muxd] 2383:extract_frames(): Writing 38 byte frame received on channel 3 to /dev/pts/3
12-15 10:39:10.902   424   474 D RILMUXD : [gsm0710muxd] 2403:extract_frames(): write() returned. Written 38/38 bytes of frame to /dev/pts/3
12-15 10:39:10.902   424   474 D RILMUXD : [gsm0710muxd] 2408:extract_frames(): fsync() failed (-1, 22 - Invalid argument)
12-15 10:39:10.902   424   474 D RILMUXD : [gsm0710muxd] 1643:gsm0710_base_buffer_get_frame(): Get a complete frame. ch:3, ctrl:239, len:6
12-15 10:39:10.902   424   474 D RILMUXD : [gsm0710muxd] 2383:extract_frames(): Writing 6 byte frame received on channel 3 to /dev/pts/3
12-15 10:39:10.903   424   474 D RILMUXD : [gsm0710muxd] 2403:extract_frames(): write() returned. Written 6/6 bytes of frame to /dev/pts/3
12-15 10:39:10.903   424   474 D RILMUXD : [gsm0710muxd] 2408:extract_frames(): fsync() failed (-1, 22 - Invalid argument)
12-15 10:39:10.903   532   546 I am_proc_bound: [0,1386,com.android.printspooler]
12-15 10:39:10.906   424   478 D RILMUXD : [gsm0710muxd] 3614:poll_thread(): poll_thread select found
12-15 10:39:10.906   424   478 D RILMUXD : [gsm0710muxd] 1045:pseudo_device_read(): Enter, LackofAtciChannel=0
12-15 10:39:10.906   424   478 D RILMUXD : [gsm0710muxd] 657:write_frame(): Sending frame to channel 3
12-15 10:39:10.906   424   478 D RILMUXD : [gsm0710muxd] 766:write_frame(): Write a frame on channel 3 with length 9
12-15 10:39:10.914   532   545 I Telecom : PhoneAccountRegistrar: [ComponentInfo{com.android.phone/com.android.services.telephony.TelephonyConnectionService}, [fb292aba8712527c3b73cd8c2bc280e7e1b54644], UserHandle{0}(icon: Icon(typ=BITMAP size=48x48) -> Icon(typ=BITMAP size=48x48))]: TSI.rPA@ACM
12-15 10:39:10.915   424   474 D RILMUXD : [gsm0710muxd] 1643:gsm0710_base_buffer_get_frame(): Get a complete frame. ch:3, ctrl:239, len:12
12-15 10:39:10.915   424   474 D RILMUXD : [gsm0710muxd] 2383:extract_frames(): Writing 12 byte frame received on channel 3 to /dev/pts/3
12-15 10:39:10.915   424   474 D RILMUXD : [gsm0710muxd] 2403:extract_frames(): write() returned. Written 12/12 bytes of frame to /dev/pts/3
12-15 10:39:10.915   424   474 D RILMUXD : [gsm0710muxd] 2408:extract_frames(): fsync() failed (-1, 22 - Invalid argument)
12-15 10:39:10.915   424   474 D RILMUXD : [gsm0710muxd] 1643:gsm0710_base_buffer_get_frame(): Get a complete frame. ch:3, ctrl:239, len:6
12-15 10:39:10.915   424   474 D RILMUXD : [gsm0710muxd] 2383:extract_frames(): Writing 6 byte frame received on channel 3 to /dev/pts/3
12-15 10:39:10.915   424   474 D RILMUXD : [gsm0710muxd] 2403:extract_frames(): write() returned. Written 6/6 bytes of frame to /dev/pts/3
12-15 10:39:10.915   424   474 D RILMUXD : [gsm0710muxd] 2408:extract_frames(): fsync() failed (-1, 22 - Invalid argument)
12-15 10:39:10.923   532   545 I Telecom : : Sending phone-account registered intent as user: TSI.rPA@ACM
12-15 10:39:10.933   532   865 I am_proc_start: [0,1424,10031,com.google.process.gapps,content provider,com.google.android.gsf/.gservices.GservicesProvider]
12-15 10:39:10.933   532   865 I ActivityManager: Start proc 1424:com.google.process.gapps/u0a31 for content provider com.google.android.gsf/.gservices.GservicesProvider
12-15 10:39:10.943   532   546 I am_proc_bound: [0,1397,org.cyanogenmod.audiofx]
12-15 10:39:10.946   532   549 I dvm_lock_sample: [system_server,1,ActivityManager,28,BroadcastQueue.java,760,ActivityManagerService.java,10806,5]
12-15 10:39:10.950   532   545 I dvm_lock_sample: [system_server,1,Binder:532_1,27,ActivityManagerService.java,18710,-,10806,5]
12-15 10:39:10.997   532  1138 I am_proc_start: [0,1446,10074,com.google.android.deskclock,broadcast,com.google.android.deskclock/com.android.deskclock.AlarmInitReceiver]
12-15 10:39:10.997   532  1138 I ActivityManager: Start proc 1446:com.google.android.deskclock/u0a74 for broadcast com.google.android.deskclock/com.android.deskclock.AlarmInitReceiver
12-15 10:39:10.999   532   532 I dvm_lock_sample: [system_server,1,main,48,ActivityManagerService.java,21963,-,18810,9]
12-15 10:39:11.002   532  1436 I am_proc_bound: [0,1424,com.google.process.gapps]
12-15 10:39:11.004   532   532 V ConditionProviders: enabling condition provider for 0: ComponentInfo{com.google.vr.vrcore/com.google.vr.vrcore.common.VrCoreZenConditionProvider}
12-15 10:39:11.005   532   546 I am_finish_activity: [0,226470853,1,com.android.settings/.FallbackHome,app-request]
12-15 10:39:11.016   532   546 I ActivityManager: START u0 {act=android.intent.action.MAIN cat=[android.intent.category.HOME] flg=0x10000100 cmp=com.google.android.googlequicksearchbox/com.google.android.launcher.GEL} from uid 0 on display 0
12-15 10:39:11.027   532   546 I am_create_task: [0,90]
12-15 10:39:11.027   532   546 I am_create_activity: [0,34676769,90,com.google.android.googlequicksearchbox/com.google.android.launcher.GEL,android.intent.action.MAIN,NULL,NULL,268435712]
12-15 10:39:11.027   532   546 I wm_task_created: [90,0]
12-15 10:39:11.027   532   546 I wm_task_moved: [90,1,1]
12-15 10:39:11.029   532   546 I wm_task_moved: [90,1,1]
12-15 10:39:11.030   532   546 I am_focused_activity: [0,com.google.android.googlequicksearchbox/com.google.android.launcher.GEL,startedActivity]
12-15 10:39:11.047   532   532 I am_proc_start: [0,1461,10096,com.google.vr.vrcore,service,com.google.vr.vrcore/.common.VrCoreZenConditionProvider]
12-15 10:39:11.048   532   532 I ActivityManager: Start proc 1461:com.google.vr.vrcore/u0a96 for service com.google.vr.vrcore/.common.VrCoreZenConditionProvider
12-15 10:39:11.048   532   532 V NotificationListeners: enabling notification listener for 0: ComponentInfo{com.google.vr.vrcore/com.google.vr.vrcore.notification.VrNotificationService}
12-15 10:39:11.054   532  1440 I am_proc_bound: [0,1446,com.google.android.deskclock]
12-15 10:39:11.068   532  1440 I am_proc_start: [0,1475,10030,com.google.android.googlequicksearchbox,activity,com.google.android.googlequicksearchbox/com.google.android.launcher.GEL]
12-15 10:39:11.069   532  1440 I ActivityManager: Start proc 1475:com.google.android.googlequicksearchbox/u0a30 for activity com.google.android.googlequicksearchbox/com.google.android.launcher.GEL
12-15 10:39:11.073   532  1440 I am_proc_bound: [0,1461,com.google.vr.vrcore]
12-15 10:39:11.114   532  1170 I am_proc_start: [0,1489,1000,com.android.keychain,service,com.android.keychain/.KeyChainService]
12-15 10:39:11.114   532  1170 I ActivityManager: Start proc 1489:com.android.keychain/1000 for service com.android.keychain/.KeyChainService
12-15 10:39:11.115   532  1442 I dvm_lock_sample: [system_server,1,Binder:532_9,34,ActivityManagerService.java,18710,-,2026,6]
12-15 10:39:11.117   532  1436 I am_proc_bound: [0,1475,com.google.android.googlequicksearchbox]
12-15 10:39:11.130   532  1436 I am_restart_activity: [0,34676769,90,com.google.android.googlequicksearchbox/com.google.android.launcher.GEL]
12-15 10:39:11.133   532  1436 I am_pause_activity: [0,34676769,com.google.android.googlequicksearchbox/com.google.android.launcher.GEL]
12-15 10:39:11.155   532  1443 I am_proc_bound: [0,1489,com.android.keychain]
12-15 10:39:11.199   424   474 D RILMUXD : [gsm0710muxd] 1643:gsm0710_base_buffer_get_frame(): Get a complete frame. ch:7, ctrl:239, len:37
12-15 10:39:11.199   424   474 D RILMUXD : [gsm0710muxd] 2383:extract_frames(): Writing 37 byte frame received on channel 7 to /dev/pts/8
12-15 10:39:11.199   424   474 D RILMUXD : [gsm0710muxd] 2403:extract_frames(): write() returned. Written 37/37 bytes of frame to /dev/pts/8
12-15 10:39:11.199   424   474 D RILMUXD : [gsm0710muxd] 2408:extract_frames(): fsync() failed (-1, 22 - Invalid argument)
12-15 10:39:11.199   424   474 D RILMUXD : [gsm0710muxd] 1643:gsm0710_base_buffer_get_frame(): Get a complete frame. ch:7, ctrl:239, len:36
12-15 10:39:11.199   424   474 D RILMUXD : [gsm0710muxd] 2383:extract_frames(): Writing 36 byte frame received on channel 7 to /dev/pts/8
12-15 10:39:11.199   424   474 D RILMUXD : [gsm0710muxd] 2403:extract_frames(): write() returned. Written 36/36 bytes of frame to /dev/pts/8
12-15 10:39:11.199   424   474 D RILMUXD : [gsm0710muxd] 2408:extract_frames(): fsync() failed (-1, 22 - Invalid argument)
12-15 10:39:11.200   424   474 D RILMUXD : [gsm0710muxd] 1643:gsm0710_base_buffer_get_frame(): Get a complete frame. ch:7, ctrl:239, len:42
12-15 10:39:11.200   424   474 D RILMUXD : [gsm0710muxd] 2383:extract_frames(): Writing 42 byte frame received on channel 7 to /dev/pts/8
12-15 10:39:11.200   424   474 D RILMUXD : [gsm0710muxd] 2403:extract_frames(): write() returned. Written 42/42 bytes of frame to /dev/pts/8
12-15 10:39:11.200   424   474 D RILMUXD : [gsm0710muxd] 2408:extract_frames(): fsync() failed (-1, 22 - Invalid argument)
--------- beginning of kernel
12-15 10:39:11.208    59    59 I (0)[59:kworker/0:1][ALS/PS] ps: int_flag = 0x0
12-15 10:39:11.208    59    59 I (0)[59:kworker/0:1][ALS/PS] ps: cmp_rstn = 0x2, lock = 0
12-15 10:39:11.208    59    59 I (0)[59:kworker/0:1][ALS/PS] [epl_sensor_read_ps]: data = 0
12-15 10:39:11.208    59    59 I (0)[59:kworker/0:1][ALS/PS] [epl_sensor_read_ps]: ir data = 2992
12-15 10:39:11.248  1111  1509 I chatty  : uid=1001(radio) com.android.phone expire 2 lines
12-15 10:39:11.263   532  1443 I am_proc_start: [0,1512,10068,com.android.smspush,service,com.android.smspush/.WapPushManager]
12-15 10:39:11.263   532  1443 I ActivityManager: Start proc 1512:com.android.smspush/u0a68 for service com.android.smspush/.WapPushManager
12-15 10:39:11.288   532  1440 I am_proc_bound: [0,1512,com.android.smspush]
12-15 10:39:11.316   424   484 D RILMUXD : [gsm0710muxd] 3614:poll_thread(): poll_thread select found
12-15 10:39:11.316   424   484 D RILMUXD : [gsm0710muxd] 1045:pseudo_device_read(): Enter, LackofAtciChannel=0
12-15 10:39:11.316   424   484 D RILMUXD : [gsm0710muxd] 657:write_frame(): Sending frame to channel 8
12-15 10:39:11.316   424   484 D RILMUXD : [gsm0710muxd] 766:write_frame(): Write a frame on channel 8 with length 9
12-15 10:39:11.324   424   474 D RILMUXD : [gsm0710muxd] 1643:gsm0710_base_buffer_get_frame(): Get a complete frame. ch:8, ctrl:239, len:12
12-15 10:39:11.324   424   474 D RILMUXD : [gsm0710muxd] 2383:extract_frames(): Writing 12 byte frame received on channel 8 to /dev/pts/9
12-15 10:39:11.324   424   474 D RILMUXD : [gsm0710muxd] 2403:extract_frames(): write() returned. Written 12/12 bytes of frame to /dev/pts/9
12-15 10:39:11.324   424   474 D RILMUXD : [gsm0710muxd] 2408:extract_frames(): fsync() failed (-1, 22 - Invalid argument)
12-15 10:39:11.324   424   474 D RILMUXD : [gsm0710muxd] 1643:gsm0710_base_buffer_get_frame(): Get a complete frame. ch:8, ctrl:239, len:6
12-15 10:39:11.324   424   474 D RILMUXD : [gsm0710muxd] 2383:extract_frames(): Writing 6 byte frame received on channel 8 to /dev/pts/9
12-15 10:39:11.324   424   474 D RILMUXD : [gsm0710muxd] 2403:extract_frames(): write() returned. Written 6/6 bytes of frame to /dev/pts/9
12-15 10:39:11.325   424   474 D RILMUXD : [gsm0710muxd] 2408:extract_frames(): fsync() failed (-1, 22 - Invalid argument)
12-15 10:39:11.325   424   484 D RILMUXD : [gsm0710muxd] 3614:poll_thread(): poll_thread select found
12-15 10:39:11.325   424   484 D RILMUXD : [gsm0710muxd] 1045:pseudo_device_read(): Enter, LackofAtciChannel=0
12-15 10:39:11.325   424   484 D RILMUXD : [gsm0710muxd] 657:write_frame(): Sending frame to channel 8
12-15 10:39:11.325   424   484 D RILMUXD : [gsm0710muxd] 766:write_frame(): Write a frame on channel 8 with length 9
12-15 10:39:11.327   424   474 D RILMUXD : [gsm0710muxd] 1643:gsm0710_base_buffer_get_frame(): Get a complete frame. ch:8, ctrl:239, len:24
12-15 10:39:11.327   424   474 D RILMUXD : [gsm0710muxd] 2383:extract_frames(): Writing 24 byte frame received on channel 8 to /dev/pts/9
12-15 10:39:11.327   424   474 D RILMUXD : [gsm0710muxd] 2403:extract_frames(): write() returned. Written 24/24 bytes of frame to /dev/pts/9
12-15 10:39:11.327   424   474 D RILMUXD : [gsm0710muxd] 2408:extract_frames(): fsync() failed (-1, 22 - Invalid argument)
12-15 10:39:11.329   424   474 D RILMUXD : [gsm0710muxd] 1643:gsm0710_base_buffer_get_frame(): Get a complete frame. ch:8, ctrl:239, len:6
12-15 10:39:11.329   424   474 D RILMUXD : [gsm0710muxd] 2383:extract_frames(): Writing 6 byte frame received on channel 8 to /dev/pts/9
12-15 10:39:11.329   424   474 D RILMUXD : [gsm0710muxd] 2403:extract_frames(): write() returned. Written 6/6 bytes of frame to /dev/pts/9
12-15 10:39:11.329   424   474 D RILMUXD : [gsm0710muxd] 2408:extract_frames(): fsync() failed (-1, 22 - Invalid argument)
12-15 10:39:11.332   424   484 D RILMUXD : [gsm0710muxd] 3614:poll_thread(): poll_thread select found
12-15 10:39:11.332   424   484 D RILMUXD : [gsm0710muxd] 1045:pseudo_device_read(): Enter, LackofAtciChannel=0
12-15 10:39:11.332   424   484 D RILMUXD : [gsm0710muxd] 657:write_frame(): Sending frame to channel 8
12-15 10:39:11.332   424   484 D RILMUXD : [gsm0710muxd] 766:write_frame(): Write a frame on channel 8 with length 10
12-15 10:39:11.333   424   474 D RILMUXD : [gsm0710muxd] 1643:gsm0710_base_buffer_get_frame(): Get a complete frame. ch:8, ctrl:239, len:44
12-15 10:39:11.333   424   474 D RILMUXD : [gsm0710muxd] 2383:extract_frames(): Writing 44 byte frame received on channel 8 to /dev/pts/9
12-15 10:39:11.333   424   474 D RILMUXD : [gsm0710muxd] 2403:extract_frames(): write() returned. Written 44/44 bytes of frame to /dev/pts/9
12-15 10:39:11.333   424   474 D RILMUXD : [gsm0710muxd] 2408:extract_frames(): fsync() failed (-1, 22 - Invalid argument)
12-15 10:39:11.334   424   474 D RILMUXD : [gsm0710muxd] 1643:gsm0710_base_buffer_get_frame(): Get a complete frame. ch:8, ctrl:239, len:6
12-15 10:39:11.334   424   474 D RILMUXD : [gsm0710muxd] 2383:extract_frames(): Writing 6 byte frame received on channel 8 to /dev/pts/9
12-15 10:39:11.334   424   474 D RILMUXD : [gsm0710muxd] 2403:extract_frames(): write() returned. Written 6/6 bytes of frame to /dev/pts/9
12-15 10:39:11.334   424   474 D RILMUXD : [gsm0710muxd] 2408:extract_frames(): fsync() failed (-1, 22 - Invalid argument)
12-15 10:39:11.336   424   484 D RILMUXD : [gsm0710muxd] 3614:poll_thread(): poll_thread select found
12-15 10:39:11.336   424   484 D RILMUXD : [gsm0710muxd] 1045:pseudo_device_read(): Enter, LackofAtciChannel=0
12-15 10:39:11.336   424   484 D RILMUXD : [gsm0710muxd] 657:write_frame(): Sending frame to channel 8
12-15 10:39:11.336   424   484 D RILMUXD : [gsm0710muxd] 766:write_frame(): Write a frame on channel 8 with length 9
12-15 10:39:11.337   424   474 D RILMUXD : [gsm0710muxd] 1643:gsm0710_base_buffer_get_frame(): Get a complete frame. ch:8, ctrl:239, len:38
12-15 10:39:11.337   424   474 D RILMUXD : [gsm0710muxd] 2383:extract_frames(): Writing 38 byte frame received on channel 8 to /dev/pts/9
12-15 10:39:11.337   424   474 D RILMUXD : [gsm0710muxd] 2403:extract_frames(): write() returned. Written 38/38 bytes of frame to /dev/pts/9
12-15 10:39:11.337   424   474 D RILMUXD : [gsm0710muxd] 2408:extract_frames(): fsync() failed (-1, 22 - Invalid argument)
