01-01 12:52:39.473   302   302 W Resources: Preloaded drawable resource #0x108043f (android:drawable/ic_voice_search_api_holo_light) that varies with configuration!!
01-01 12:52:39.476   302   302 W Resources: Preloaded drawable resource #0x108026e (android:drawable/dialog_bottom_holo_dark) that varies with configuration!!
01-01 12:52:39.478   302   302 W Resources: Preloaded drawable resource #0x108026f (android:drawable/dialog_bottom_holo_light) that varies with configuration!!
01-01 12:52:39.480   302   302 W Resources: Preloaded drawable resource #0x108027c (android:drawable/dialog_middle_holo_dark) that varies with configuration!!
01-01 12:52:39.484   302   302 W Resources: Preloaded drawable resource #0x108027d (android:drawable/dialog_middle_holo_light) that varies with configuration!!
01-01 12:52:39.486   302   302 W Resources: Preloaded drawable resource #0x108027e (android:drawable/dialog_top_holo_dark) that varies with configuration!!
01-01 12:52:39.490   302   302 W Resources: Preloaded drawable resource #0x108027f (android:drawable/dialog_top_holo_light) that varies with configuration!!
01-01 12:52:39.493   302   302 W Resources: Preloaded drawable resource #0x1080336 (android:drawable/ic_dialog_alert_holo_dark) that varies with configuration!!
01-01 12:52:39.495   302   302 W Resources: Preloaded drawable resource #0x1080337 (android:drawable/ic_dialog_alert_holo_light) that varies with configuration!!
01-01 12:52:39.497   302   302 W Resources: Preloaded drawable resource #0x1080499 (android:drawable/list_divider_holo_dark) that varies with configuration!!
01-01 12:52:39.498   302   302 W Resources: Preloaded drawable resource #0x108049a (android:drawable/list_divider_holo_light) that varies with configuration!!
01-01 12:52:39.499   302   302 W Resources: Preloaded drawable resource #0x108049a (android:drawable/list_divider_holo_light) that varies with configuration!!
01-01 12:52:39.501   302   302 W Resources: Preloaded drawable resource #0x10800c1 (android:drawable/ab_transparent_dark_holo) that varies with configuration!!
01-01 12:52:39.503   302   302 W Resources: Preloaded drawable resource #0x10800bf (android:drawable/ab_stacked_transparent_dark_holo) that varies with configuration!!
01-01 12:52:39.506   302   302 W Resources: Preloaded drawable resource #0x10800a1 (android:drawable/ab_bottom_transparent_dark_holo) that varies with configuration!!
01-01 12:52:39.508   302   302 W Resources: Preloaded drawable resource #0x10800b7 (android:drawable/ab_solid_dark_holo) that varies with configuration!!
01-01 12:52:39.509   302   302 W Resources: Preloaded drawable resource #0x10800bc (android:drawable/ab_stacked_solid_dark_holo) that varies with configuration!!
01-01 12:52:39.511   302   302 W Resources: Preloaded drawable resource #0x108009e (android:drawable/ab_bottom_solid_dark_holo) that varies with configuration!!
01-01 12:52:39.513   302   302 W Resources: Preloaded drawable resource #0x10800c2 (android:drawable/ab_transparent_light_holo) that varies with configuration!!
01-01 12:52:39.515   302   302 W Resources: Preloaded drawable resource #0x10800c0 (android:drawable/ab_stacked_transparent_light_holo) that varies with configuration!!
01-01 12:52:39.517   302   302 W Resources: Preloaded drawable resource #0x10800a2 (android:drawable/ab_bottom_transparent_light_holo) that varies with configuration!!
01-01 12:52:39.518   302   302 W Resources: Preloaded drawable resource #0x10800b8 (android:drawable/ab_solid_light_holo) that varies with configuration!!
01-01 12:52:39.520   302   302 W Resources: Preloaded drawable resource #0x10800be (android:drawable/ab_stacked_solid_light_holo) that varies with configuration!!
01-01 12:52:39.524   302   302 W Resources: Preloaded drawable resource #0x10800a0 (android:drawable/ab_bottom_solid_light_holo) that varies with configuration!!
01-01 12:52:39.526   302   302 W Resources: Preloaded drawable resource #0x10800b9 (android:drawable/ab_solid_shadow_holo) that varies with configuration!!
01-01 12:52:39.529   302   302 W Resources: Preloaded drawable resource #0x10804c5 (android:drawable/list_selector_disabled_holo_dark) that varies with configuration!!
01-01 12:52:39.530   302   302 W Resources: Preloaded drawable resource #0x10804c5 (android:drawable/list_selector_disabled_holo_dark) that varies with configuration!!
01-01 12:52:39.532   302   302 W Resources: Preloaded drawable resource #0x108049d (android:drawable/list_focused_holo) that varies with configuration!!
01-01 12:52:39.533   302   302 W Resources: Preloaded drawable resource #0x1080454 (android:drawable/item_background_holo_dark) that varies with configuration!!
01-01 12:52:39.535   302   302 W Resources: Preloaded drawable resource #0x10804c6 (android:drawable/list_selector_disabled_holo_light) that varies with configuration!!
01-01 12:52:39.537   302   302 W Resources: Preloaded drawable resource #0x10804c6 (android:drawable/list_selector_disabled_holo_light) that varies with configuration!!
01-01 12:52:39.541   302   302 W Resources: Preloaded drawable resource #0x108049d (android:drawable/list_focused_holo) that varies with configuration!!
01-01 12:52:39.541   302   302 W Resources: Preloaded drawable resource #0x1080455 (android:drawable/item_background_holo_light) that varies with configuration!!
01-01 12:52:39.547   302   302 W Resources: Preloaded drawable resource #0x10802d1 (android:drawable/fastscroll_thumb_pressed_holo) that varies with configuration!!
01-01 12:52:39.549   302   302 W Resources: Preloaded drawable resource #0x10802ce (android:drawable/fastscroll_thumb_default_holo) that varies with configuration!!
01-01 12:52:39.550   302   302 W Resources: Preloaded drawable resource #0x10802cf (android:drawable/fastscroll_thumb_holo) that varies with configuration!!
01-01 12:52:39.552   302   302 W Resources: Preloaded drawable resource #0x10802d1 (android:drawable/fastscroll_thumb_pressed_holo) that varies with configuration!!
01-01 12:52:39.555   302   302 W Resources: Preloaded drawable resource #0x10802ce (android:drawable/fastscroll_thumb_default_holo) that varies with configuration!!
01-01 12:52:39.559   302   302 W Resources: Preloaded drawable resource #0x10802d7 (android:drawable/fastscroll_track_pressed_holo_dark) that varies with configuration!!
01-01 12:52:39.561   302   302 W Resources: Preloaded drawable resource #0x10802d2 (android:drawable/fastscroll_track_default_holo_dark) that varies with configuration!!
01-01 12:52:39.561   302   302 W Resources: Preloaded drawable resource #0x10802d4 (android:drawable/fastscroll_track_holo_dark) that varies with configuration!!
01-01 12:52:39.563   302   302 W Resources: Preloaded drawable resource #0x10802d7 (android:drawable/fastscroll_track_pressed_holo_dark) that varies with configuration!!
01-01 12:52:39.564   302   302 W Resources: Preloaded drawable resource #0x10802d2 (android:drawable/fastscroll_track_default_holo_dark) that varies with configuration!!
01-01 12:52:39.565   302   302 W Resources: Preloaded drawable resource #0x10802d8 (android:drawable/fastscroll_track_pressed_holo_light) that varies with configuration!!
01-01 12:52:39.567   302   302 W Resources: Preloaded drawable resource #0x10802d3 (android:drawable/fastscroll_track_default_holo_light) that varies with configuration!!
01-01 12:52:39.568   302   302 W Resources: Preloaded drawable resource #0x10802d5 (android:drawable/fastscroll_track_holo_light) that varies with configuration!!
01-01 12:52:39.569   302   302 W Resources: Preloaded drawable resource #0x10802d8 (android:drawable/fastscroll_track_pressed_holo_light) that varies with configuration!!
01-01 12:52:39.570   302   302 W Resources: Preloaded drawable resource #0x10802d3 (android:drawable/fastscroll_track_default_holo_light) that varies with configuration!!
01-01 12:52:39.572   302   302 W Resources: Preloaded drawable resource #0x10802a9 (android:drawable/editbox_dropdown_background_dark) that varies with configuration!!
01-01 12:52:39.575   302   302 W Resources: Preloaded drawable resource #0x1080737 (android:drawable/textfield_search_selected_holo_dark) that varies with configuration!!
01-01 12:52:39.577   302   302 W Resources: Preloaded drawable resource #0x1080729 (android:drawable/textfield_search_default_holo_dark) that varies with configuration!!
01-01 12:52:39.579   302   302 W Resources: Preloaded drawable resource #0x1080739 (android:drawable/textfield_searchview_holo_dark) that varies with configuration!!
01-01 12:52:39.582   302   302 W Resources: Preloaded drawable resource #0x1080734 (android:drawable/textfield_search_right_selected_holo_dark) that varies with configuration!!
01-01 12:52:39.583   302   302 W Resources: Preloaded drawable resource #0x1080732 (android:drawable/textfield_search_right_default_holo_dark) that varies with configuration!!
01-01 12:52:39.584   302   302 W Resources: Preloaded drawable resource #0x108073b (android:drawable/textfield_searchview_right_holo_dark) that varies with configuration!!
01-01 12:52:39.587   302   302 W Resources: Preloaded drawable resource #0x1080738 (android:drawable/textfield_search_selected_holo_light) that varies with configuration!!
01-01 12:52:39.590   302   302 W Resources: Preloaded drawable resource #0x108072a (android:drawable/textfield_search_default_holo_light) that varies with configuration!!
01-01 12:52:39.590   302   302 W Resources: Preloaded drawable resource #0x108073a (android:drawable/textfield_searchview_holo_light) that varies with configuration!!
01-01 12:52:39.593   302   302 W Resources: Preloaded drawable resource #0x1080735 (android:drawable/textfield_search_right_selected_holo_light) that varies with configuration!!
01-01 12:52:39.595   302   302 W Resources: Preloaded drawable resource #0x1080733 (android:drawable/textfield_search_right_default_holo_light) that varies with configuration!!
01-01 12:52:39.597   302   302 W Resources: Preloaded drawable resource #0x108073c (android:drawable/textfield_searchview_right_holo_light) that varies with configuration!!
01-01 12:52:39.598   302   302 W Resources: Preloaded drawable resource #0x1080737 (android:drawable/textfield_search_selected_holo_dark) that varies with configuration!!
01-01 12:52:39.599   302   302 W Resources: Preloaded drawable resource #0x1080729 (android:drawable/textfield_search_default_holo_dark) that varies with configuration!!
01-01 12:52:39.601   302   302 W Resources: Preloaded drawable resource #0x1080734 (android:drawable/textfield_search_right_selected_holo_dark) that varies with configuration!!
01-01 12:52:39.603   302   302 W Resources: Preloaded drawable resource #0x1080732 (android:drawable/textfield_search_right_default_holo_dark) that varies with configuration!!
01-01 12:52:39.604   302   302 W Resources: Preloaded drawable resource #0x1080738 (android:drawable/textfield_search_selected_holo_light) that varies with configuration!!
01-01 12:52:39.605   302   302 W Resources: Preloaded drawable resource #0x108072a (android:drawable/textfield_search_default_holo_light) that varies with configuration!!
01-01 12:52:39.607   302   302 W Resources: Preloaded drawable resource #0x1080735 (android:drawable/textfield_search_right_selected_holo_light) that varies with configuration!!
01-01 12:52:39.608   302   302 W Resources: Preloaded drawable resource #0x1080733 (android:drawable/textfield_search_right_default_holo_light) that varies with configuration!!
01-01 12:52:39.611   302   302 W Resources: Preloaded drawable resource #0x10806f4 (android:drawable/tab_unselected_holo) that varies with configuration!!
01-01 12:52:39.612   302   302 W Resources: Preloaded drawable resource #0x10806ef (android:drawable/tab_selected_holo) that varies with configuration!!
01-01 12:52:39.614   302   302 W Resources: Preloaded drawable resource #0x10806f3 (android:drawable/tab_unselected_focused_holo) that varies with configuration!!
01-01 12:52:39.615   302   302 W Resources: Preloaded drawable resource #0x10806ee (android:drawable/tab_selected_focused_holo) that varies with configuration!!
01-01 12:52:39.617   302   302 W Resources: Preloaded drawable resource #0x10806f5 (android:drawable/tab_unselected_pressed_holo) that varies with configuration!!
01-01 12:52:39.619   302   302 W Resources: Preloaded drawable resource #0x10806f0 (android:drawable/tab_selected_pressed_holo) that varies with configuration!!
01-01 12:52:39.620   302   302 W Resources: Preloaded drawable resource #0x10806f5 (android:drawable/tab_unselected_pressed_holo) that varies with configuration!!
01-01 12:52:39.623   302   302 W Resources: Preloaded drawable resource #0x10806f0 (android:drawable/tab_selected_pressed_holo) that varies with configuration!!
01-01 12:52:39.624   302   302 W Resources: Preloaded drawable resource #0x10806e1 (android:drawable/tab_indicator_holo) that varies with configuration!!
01-01 12:52:39.625   302   302 W Resources: Preloaded drawable resource #0x10806f4 (android:drawable/tab_unselected_holo) that varies with configuration!!
01-01 12:52:39.626   302   302 W Resources: Preloaded drawable resource #0x10806ef (android:drawable/tab_selected_holo) that varies with configuration!!
01-01 12:52:39.627   302   302 W Resources: Preloaded drawable resource #0x10806f3 (android:drawable/tab_unselected_focused_holo) that varies with configuration!!
01-01 12:52:39.628   302   302 W Resources: Preloaded drawable resource #0x10806ee (android:drawable/tab_selected_focused_holo) that varies with configuration!!
01-01 12:52:39.629   302   302 W Resources: Preloaded drawable resource #0x10806f5 (android:drawable/tab_unselected_pressed_holo) that varies with configuration!!
01-01 12:52:39.630   302   302 W Resources: Preloaded drawable resource #0x10806f0 (android:drawable/tab_selected_pressed_holo) that varies with configuration!!
01-01 12:52:39.633   302   302 W Resources: Preloaded drawable resource #0x108059f (android:drawable/quickcontact_badge_overlay_pressed_dark) that varies with configuration!!
01-01 12:52:39.636   302   302 W Resources: Preloaded drawable resource #0x1080596 (android:drawable/quickcontact_badge_overlay_focused_dark) that varies with configuration!!
01-01 12:52:39.639   302   302 W Resources: Preloaded drawable resource #0x108059b (android:drawable/quickcontact_badge_overlay_normal_dark) that varies with configuration!!
01-01 12:52:39.640   302   302 W Resources: Preloaded drawable resource #0x1080595 (android:drawable/quickcontact_badge_overlay_dark) that varies with configuration!!
01-01 12:52:39.642   302   302 W Resources: Preloaded drawable resource #0x108059b (android:drawable/quickcontact_badge_overlay_normal_dark) that varies with configuration!!
01-01 12:52:39.644   302   302 W Resources: Preloaded drawable resource #0x108059f (android:drawable/quickcontact_badge_overlay_pressed_dark) that varies with configuration!!
01-01 12:52:39.647   302   302 W Resources: Preloaded drawable resource #0x10805a1 (android:drawable/quickcontact_badge_overlay_pressed_light) that varies with configuration!!
01-01 12:52:39.650   302   302 W Resources: Preloaded drawable resource #0x1080598 (android:drawable/quickcontact_badge_overlay_focused_light) that varies with configuration!!
01-01 12:52:39.653   302   302 W Resources: Preloaded drawable resource #0x108059d (android:drawable/quickcontact_badge_overlay_normal_light) that varies with configuration!!
01-01 12:52:39.653   302   302 W Resources: Preloaded drawable resource #0x108059a (android:drawable/quickcontact_badge_overlay_light) that varies with configuration!!
01-01 12:52:39.656   302   302 W Resources: Preloaded drawable resource #0x108059d (android:drawable/quickcontact_badge_overlay_normal_light) that varies with configuration!!
01-01 12:52:39.658   302   302 W Resources: Preloaded drawable resource #0x10805a1 (android:drawable/quickcontact_badge_overlay_pressed_light) that varies with configuration!!
01-01 12:52:39.659   302   302 W Resources: Preloaded drawable resource #0x10800b5 (android:drawable/ab_share_pack_material) that varies with configuration!!
01-01 12:52:39.666   302   302 W Resources: Preloaded drawable resource #0x10800ba (android:drawable/ab_solid_shadow_material) that varies with configuration!!
01-01 12:52:39.819   302   302 W Resources: Preloaded drawable resource #0x1080181 (android:drawable/btn_radio_material_anim) that varies with configuration!!
01-01 12:52:39.822   302   302 W Resources: Preloaded drawable resource #0x10801f5 (android:drawable/btn_star_material) that varies with configuration!!
01-01 12:52:39.829   302   302 W Resources: Preloaded drawable resource #0x1080250 (android:drawable/cab_background_bottom_material) that varies with configuration!!
01-01 12:52:39.832   302   302 W Resources: Preloaded drawable resource #0x1080254 (android:drawable/cab_background_top_material) that varies with configuration!!
01-01 12:52:39.838   302   302 W Resources: Preloaded drawable resource #0x10802a6 (android:drawable/edit_text_material) that varies with configuration!!
01-01 12:52:39.843   302   302 W Resources: Preloaded drawable resource #0x10802c2 (android:drawable/expander_group_material) that varies with configuration!!
01-01 12:52:39.871   302   302 W Resources: Preloaded drawable resource #0x1080329 (android:drawable/ic_commit_search_api_material) that varies with configuration!!
01-01 12:52:39.877   302   302 W Resources: Preloaded drawable resource #0x1080343 (android:drawable/ic_find_next_material) that varies with configuration!!
01-01 12:52:39.880   302   302 W Resources: Preloaded drawable resource #0x1080347 (android:drawable/ic_find_previous_material) that varies with configuration!!
01-01 12:52:39.891   302   302 W Resources: Preloaded drawable resource #0x108039e (android:drawable/ic_media_route_connecting_material) that varies with configuration!!
01-01 12:52:39.899   302   302 W Resources: Preloaded drawable resource #0x108039e (android:drawable/ic_media_route_connecting_material) that varies with configuration!!
01-01 12:52:39.906   302   302 W Resources: Preloaded drawable resource #0x10803a4 (android:drawable/ic_media_route_material) that varies with configuration!!
01-01 12:52:39.929   302   302 W Resources: Preloaded drawable resource #0x10803d0 (android:drawable/ic_menu_find_material) that varies with configuration!!
01-01 12:52:39.946   302   302 W Resources: Preloaded drawable resource #0x10803ed (android:drawable/ic_menu_search_material) that varies with configuration!!
01-01 12:52:39.998   302   302 W Resources: Preloaded drawable resource #0x10804a8 (android:drawable/list_section_divider_material) that varies with configuration!!
01-01 12:52:40.034   302   302 W Resources: Preloaded drawable resource #0x10805ce (android:drawable/ratingbar_material) that varies with configuration!!
01-01 12:52:40.039   302   302 W Resources: Preloaded drawable resource #0x10805d2 (android:drawable/ratingbar_small_material) that varies with configuration!!
01-01 12:52:40.047   302   302 W Resources: Preloaded drawable resource #0x10805cd (android:drawable/ratingbar_indicator_material) that varies with configuration!!
01-01 12:52:40.078   302   302 W Resources: Preloaded drawable resource #0x10802a6 (android:drawable/edit_text_material) that varies with configuration!!
01-01 12:52:40.080   302   302 W Resources: Preloaded drawable resource #0x1080642 (android:drawable/spinner_textfield_background_material) that varies with configuration!!
01-01 12:52:40.127   302   302 W Resources: Preloaded drawable resource #0x10806b4 (android:drawable/switch_thumb_material_anim) that varies with configuration!!
01-01 12:52:40.140   302   302 W Resources: Preloaded drawable resource #0x1080730 (android:drawable/textfield_search_material) that varies with configuration!!
01-01 12:52:40.143   302   302 W Resources: Preloaded drawable resource #0x10806fe (android:drawable/text_select_handle_left_material) that varies with configuration!!
01-01 12:52:40.145   302   302 W Resources: Preloaded drawable resource #0x1080701 (android:drawable/text_select_handle_middle_material) that varies with configuration!!
01-01 12:52:40.148   302   302 W Resources: Preloaded drawable resource #0x1080704 (android:drawable/text_select_handle_right_material) that varies with configuration!!
01-01 12:52:40.157   302   302 I Zygote  : ...preloaded 342 resources in 1623ms.
01-01 12:52:40.189   302   302 I Zygote  : ...preloaded 41 resources in 32ms.
01-01 12:52:40.254   302   302 D MALI    : osup_constructor:144: osup_constructor
01-01 12:52:40.258   302   302 D libEGL  : loaded /system/lib/egl/libGLES_mali.so
01-01 12:52:40.302   302   302 I Zygote  : Preloading shared libraries...
01-01 12:52:40.331   302   302 D Zygote  : end preload
01-01 12:52:40.331   302   302 I art     : Starting a blocking GC Explicit
01-01 12:52:40.357   302   302 I art     : Explicit concurrent mark sweep GC freed 12557(1234KB) AllocSpace objects, 67(1480KB) LOS objects, 50% free, 3MB/7MB, paused 240us total 24.210ms
01-01 12:52:40.384   302   302 I art     : Starting a blocking GC Explicit
01-01 12:52:40.402   302   302 I art     : Explicit concurrent mark sweep GC freed 2627(469KB) AllocSpace objects, 2(32KB) LOS objects, 54% free, 3MB/7MB, paused 198us total 16.798ms
01-01 12:52:40.404   302   486 I art     : Starting a blocking GC HeapTrim
01-01 12:52:40.407   302   302 I art     : Starting a blocking GC Background
01-01 12:52:40.498   302   302 I Zygote  : System server process 727 has been created
01-01 12:52:40.500   302   302 I Zygote  : Accepting command socket connections
01-01 12:52:40.600   727   727 I InstallerConnection: connecting...
01-01 12:52:40.602   284   284 I installd: new connection
01-01 12:52:40.624   727   727 I InstallerConnection: disconnecting...
01-01 12:52:40.625   284   284 E installd: eof
01-01 12:52:40.625   284   284 E installd: failed to read size
01-01 12:52:40.625   284   284 I installd: closing connection
01-01 12:52:40.758   727   727 I SystemServer: Entered the Android system server!
01-01 12:52:40.864   727   727 I SystemServiceManager: Starting com.android.server.pm.Installer
01-01 12:52:40.870   727   727 I Installer: Waiting for installd to be ready.
01-01 12:52:40.870   727   727 I InstallerConnection: connecting...
01-01 12:52:40.871   284   284 I installd: new connection
01-01 12:52:40.871   727   727 I SystemServiceManager: Starting com.android.server.am.ActivityManagerService$Lifecycle
01-01 12:52:41.120   727   727 I ActivityManager: choosing minFree values for 32 Bit
01-01 12:52:41.120   727   727 I ActivityManager: choosing minFree values for 32 Bit
01-01 12:52:41.120   727   727 I ActivityManager: choosing minFree values for 32 Bit
01-01 12:52:41.120   727   727 I ActivityManager: choosing minFree values for 32 Bit
01-01 12:52:41.120   727   727 I ActivityManager: choosing minFree values for 32 Bit
01-01 12:52:41.120   727   727 I ActivityManager: choosing minFree values for 32 Bit
01-01 12:52:41.145   727   727 I ActivityManager: Memory class: 96
01-01 12:52:41.148   727   741 I ServiceThread: Enabled StrictMode logging for ActivityManager looper.
01-01 12:52:41.162   727   742 I ServiceThread: Enabled StrictMode logging for android.ui looper.
01-01 12:52:41.366   727   727 D BatteryStatsImpl: Reading daily items from /data/system/batterystats-daily.xml
01-01 12:52:41.760   744   744 I init    : type=1400 audit(0.0:58): avc: denied { execute_no_trans } for path="/system/bin/thermal" dev="mmcblk0p20" ino=131242 scontext=u:r:init:s0 tcontext=u:object_r:system_file:s0 tclass=file permissive=1
01-01 12:52:41.775   744   744 F libc    : page record for 0xb6f3400c was not found (block_size=16)
01-01 12:52:41.883   727   727 I IntentFirewall: Read new rules (A:0 B:0 S:0)
01-01 12:52:41.948   727   747 I ServiceThread: Enabled StrictMode logging for android.display looper.
01-01 12:52:41.968   727   727 D AppOps  : AppOpsService published
01-01 12:52:41.969   727   727 I SystemServiceManager: Starting com.android.server.power.PowerManagerService
01-01 12:52:41.974   727   749 I ServiceThread: Enabled StrictMode logging for PowerManagerService looper.
01-01 12:52:41.981   727   727 W libsuspend: Error writing 'on' to /sys/power/state: Invalid argument
01-01 12:52:41.982   727   727 I libsuspend: Selected wakeup count
01-01 12:52:41.991   727   727 I SystemServiceManager: Starting com.android.server.lights.LightsService
01-01 12:52:41.997   727   727 I SystemServiceManager: Starting com.android.server.display.DisplayManagerService
01-01 12:52:42.021   727   727 I SystemServiceManager: Starting phase 100
01-01 12:52:42.029   272   334 E SurfaceFlinger: getDefaultDisplay: id=2 is not a valid default display id
01-01 12:52:42.039   727   747 I DisplayManagerService: Display device added: DisplayDeviceInfo{" ": uniqueId="local:0", 720 x 1280, modeId 1, defaultModeId 1, supportedModes [{id=1, width=720, height=1280, fps=55.8}], colorTransformId 1, defaultColorTransformId 1, supportedColorTransforms [{id=1, colorTransform=0}], density 320, 320.0 x 320.0 dpi, appVsyncOff 0, presDeadline 18921147, touch INTERNAL, rotation 0, type BUILT_IN, state UNKNOWN, FLAG_DEFAULT_DISPLAY, FLAG_ROTATES_WITH_CONTENT, FLAG_SECURE, FLAG_SUPPORTS_PROTECTED_BUFFERS}
01-01 12:52:42.043   272   272 D SurfaceFlinger: Set power mode=2, type=0 flinger=0xb6a64000
01-01 12:52:42.043   272   272 D SurfaceFlinger: Screen type=0 is already mode=2
01-01 12:52:42.044   727   747 D lights  : write_int open fd=43
01-01 12:52:42.044   727   727 I SystemServer: Package Manager
01-01 12:52:42.045   727   747 I DisplayManagerService: Display device changed state: " ", ON
01-01 12:52:42.647   727   727 D SELinuxMMAC: Using policy file /system/etc/security/mac_permissions.xml
01-01 12:52:45.949   727   727 E art     : DexFile_getDexOptNeeded file '/system/framework/org.apache.http.legacy.jar' does not exist
01-01 12:52:45.950   727   727 W PackageManager: Library not found: /system/framework/org.apache.http.legacy.jar
01-01 12:52:46.039   727   727 D PackageManager: No files in app dir /vendor/overlay
01-01 12:52:46.043   727   727 D PackageManager: start scanDirLI:/system/framework
01-01 12:52:46.043   727   727 D PackageManager: max thread:6
01-01 12:52:46.390   727   754 W PackageManager: Permission cyanogenmod.permission.WRITE_ALARMS from package cyanogenmod.platform in an unknown group android.permission-group.SYSTEM_CLOCK
01-01 12:52:46.390   727   754 W PackageManager: Permission cyanogenmod.permission.MANAGE_ALARMS from package cyanogenmod.platform in an unknown group android.permission-group.SYSTEM_CLOCK
01-01 12:52:46.391   727   754 W PackageManager: Permission cyanogenmod.permission.READ_ALARMS from package cyanogenmod.platform in an unknown group android.permission-group.SYSTEM_CLOCK
01-01 12:52:46.715   306   306 I sn      : Retry 2
01-01 12:52:46.716   306   306 I sn      : Fail to access err=2
01-01 12:52:46.716   306   306 I sn      : Fail to access err=2
01-01 12:52:46.716   306   306 I sn      : Fail to access err=2
01-01 12:52:46.716   306   306 I sn      : Check all possible paths
01-01 12:52:46.788   755   755 F libc    : page record for 0xb6f4e00c was not found (block_size=16)
01-01 12:52:51.799   756   756 F libc    : page record for 0xb6ee700c was not found (block_size=16)
01-01 12:52:56.160   727   753 W PackageManager: Permission android.permission.SET_KEYGUARD_WALLPAPER from package android in an unknown group android.permission-group.WALLPAPER
01-01 12:52:56.170   727   753 W PackageManager: Permission android.permission.MODIFY_PROTECTED_SMS_LIST from package android in an unknown group android.permission-group.MESSAGES
01-01 12:52:56.170   727   753 W PackageManager: Permission android.permission.RECEIVE_PROTECTED_SMS from package android in an unknown group android.permission-group.MESSAGES
01-01 12:52:56.172   727   753 W PackageManager: Permission android.permission.RESET_BATTERY_STATS from package android in an unknown group android.permission-group.SYSTEM_TOOLS
01-01 12:52:56.180   727   727 D PackageManager: end scanDirLI:/system/framework
01-01 12:52:56.184   727   727 D PackageManager: start scanDirLI:/system/priv-app
01-01 12:52:56.185   727   727 D PackageManager: max thread:6
01-01 12:52:56.524   727   759 W PackageParser: No actions in intent filter at /system/priv-app/Contacts/Contacts.apk Binary XML file line #301
01-01 12:52:56.716   306   306 I sn      : Retry 3
01-01 12:52:56.716   306   306 I sn      : Fail to access err=2
01-01 12:52:56.716   306   306 I sn      : Fail to access err=2
01-01 12:52:56.716   306   306 I sn      : Fail to access err=2
01-01 12:52:56.716   306   306 I sn      : Check all possible paths
01-01 12:52:56.818   761   761 F libc    : page record for 0xb6f1b00c was not found (block_size=16)
01-01 12:52:56.897   727   757 W PackageParser: No actions in intent filter at /system/priv-app/Dialer/Dialer.apk Binary XML file line #152
01-01 12:52:56.907   727   754 W PackageManager: Permission android.permission.DOWNLOAD_WITHOUT_NOTIFICATION from package com.android.providers.downloads in an unknown group android.permission-group.NETWORK
01-01 12:52:59.602   727   737 I art     : Background partial concurrent mark sweep GC freed 40217(2MB) AllocSpace objects, 6(284KB) LOS objects, 33% free, 9MB/14MB, paused 1.347ms total 114.868ms
01-01 12:53:00.653   727   753 W PackageParser: Ignoring duplicate uses-permissions/uses-permissions-sdk-m: android.permission.ACCESS_WIFI_STATE in package: com.android.phone at: Binary XML file line #134
01-01 12:53:01.841   762   762 F libc    : page record for 0xb6ebb00c was not found (block_size=16)
01-01 12:53:02.483   727   753 W PackageManager: Permission com.android.launcher.permission.INSTALL_SHORTCUT from package com.cyanogenmod.trebuchet in an unknown group android.permission-group.SYSTEM_TOOLS
01-01 12:53:02.483   727   753 W PackageManager: Permission com.android.launcher3.permission.READ_SETTINGS from package com.cyanogenmod.trebuchet in an unknown group android.permission-group.SYSTEM_TOOLS
01-01 12:53:02.483   727   753 W PackageManager: Permission com.android.launcher3.permission.WRITE_SETTINGS from package com.cyanogenmod.trebuchet in an unknown group android.permission-group.SYSTEM_TOOLS
01-01 12:53:03.748   727   727 D PackageManager: end scanDirLI:/system/priv-app
01-01 12:53:03.751   727   727 D PackageManager: start scanDirLI:/system/app
01-01 12:53:03.751   727   727 D PackageManager: max thread:6
01-01 12:53:03.875   727   753 W PackageParser: No actions in intent filter at /system/app/CMFileManager/CMFileManager.apk Binary XML file line #164
01-01 12:53:03.903   727   759 W PackageParser: No actions in intent filter at /system/app/Bluetooth/Bluetooth.apk Binary XML file line #235
01-01 12:53:05.239   727   758 W PackageParser: Unknown element under <application>: permission at /system/app/Gallery2/Gallery2.apk Binary XML file line #279
01-01 12:53:05.240   727   758 W PackageParser: Unknown element under <application>: permission at /system/app/Gallery2/Gallery2.apk Binary XML file line #282
01-01 12:53:06.716   306   306 I sn      : Retry 4
01-01 12:53:06.717   306   306 I sn      : Fail to access err=2
01-01 12:53:06.717   306   306 I sn      : Fail to access err=2
01-01 12:53:06.717   306   306 I sn      : Fail to access err=2
01-01 12:53:06.717   306   306 I sn      : Check all possible paths
01-01 12:53:06.869   763   763 F libc    : page record for 0xb6f0100c was not found (block_size=16)
01-01 12:53:11.882   764   764 F libc    : page record for 0xb6ee700c was not found (block_size=16)
01-01 12:53:12.423   727   727 D PackageManager: end scanDirLI:/system/app
01-01 12:53:12.423   727   727 D PackageManager: No files in app dir /system/vendor/app
01-01 12:53:12.423   727   727 D PackageManager: No files in app dir /oem/app
01-01 12:53:12.424   727   727 D PackageManager: No files in app dir /vendor/bundled-app
01-01 12:53:12.431   727   727 D PackageManager: start scanDirLI:/data/app
01-01 12:53:12.431   727   727 D PackageManager: max thread:6
01-01 12:53:12.434   727   760 W PackageManager: Failed to parse /data/app/mcRegistry: Missing base APK in /data/app/mcRegistry
01-01 12:53:12.434   727   727 D PackageManager: end scanDirLI:/data/app
01-01 12:53:12.434   727   727 D PackageManager: No files in app dir /data/app-private
01-01 12:53:12.435   727   727 W PackageManager: Package com.android.dialer desires unavailable shared library com.qualcomm.qti.smartsearch; ignoring!
01-01 12:53:12.435   727   727 W PackageManager: Package com.android.gallery3d desires unavailable shared library com.google.android.media.effects; ignoring!
01-01 12:53:12.435   727   727 W PackageManager: Package com.android.gallery3d desires unavailable shared library com.google.android.media.effects; ignoring!
01-01 12:53:12.437   727   727 I PackageManager: Adjusting ABI for : com.android.settings to armeabi-v7a
01-01 12:53:12.438   727   727 I PackageManager: Adjusting ABI for : com.cyanogenmod.setupwizard to armeabi-v7a
01-01 12:53:12.440   727   727 I PackageManager: Adjusting ABI for : com.android.keychain to armeabi-v7a
01-01 12:53:12.441   727   727 I PackageManager: Adjusting ABI for : com.android.server.telecom to armeabi-v7a
01-01 12:53:12.442   727   727 I PackageManager: Adjusting ABI for : com.android.providers.settings to armeabi-v7a
01-01 12:53:12.443   727   727 I PackageManager: Adjusting ABI for : com.android.location.fused to armeabi-v7a
01-01 12:53:12.444   727   727 I PackageManager: Adjusting ABI for : com.android.inputdevices to armeabi-v7a
01-01 12:53:12.445   727   727 I PackageManager: Adjusting ABI for : cyanogenmod.platform to armeabi-v7a
01-01 12:53:12.446   284   284 E installd: invalid apk path '/system/framework/org.cyanogenmod.platform-res.apk' (bad prefix)
01-01 12:53:12.446   727   727 I PackageManager: Adjusting ABI for : org.cyanogenmod.cmsettings to armeabi-v7a
01-01 12:53:12.447   727   727 I PackageManager: Adjusting ABI for : com.android.development to armeabi-v7a
01-01 12:53:12.449   727   727 I PackageManager: Adjusting ABI for : org.cyanogenmod.providers.datausage to armeabi-v7a
01-01 12:53:12.467   727   727 I PackageManager: Time to scan packages: 26.537 seconds
01-01 12:53:12.472   727   727 W PackageManager: Not granting permission android.permission.INTERACT_ACROSS_USERS_FULL to package org.cyanogenmod.snap (protectionLevel=258 flags=0x3858bc45)
01-01 12:53:12.472   727   727 W PackageManager: Not granting permission android.permission.SET_ORIENTATION to package org.cyanogenmod.snap (protectionLevel=2 flags=0x3858bc45)
01-01 12:53:12.475   727   727 W PackageManager: Unknown permission com.google.android.googleapps.permission.GOOGLE_AUTH in package com.android.providers.calendar
01-01 12:53:12.475   727   727 W PackageManager: Unknown permission com.google.android.googleapps.permission.GOOGLE_AUTH.cl in package com.android.providers.calendar
01-01 12:53:12.478   727   727 W PackageManager: Not granting permission android.permission.REAL_GET_TASKS to package org.cyanogenmod.wallpapers.photophase (protectionLevel=18 flags=0x3818be45)
01-01 12:53:12.480   727   727 W PackageManager: Unknown permission android.permission.CANCEL_NOTIFICATIONS in package org.cyanogenmod.theme.chooser2
01-01 12:53:12.484   727   727 W PackageManager: Unknown permission com.cyanogen.ambient.permission.BIND_CALLER_INFO in package com.android.messaging
01-01 12:53:12.485   727   727 W PackageManager: Unknown permission com.cyanogen.ambient.permission.BIND_RIDEINPROGRESS_SERVICE in package com.android.messaging
01-01 12:53:12.485   727   727 W PackageManager: Unknown permission com.cyanogen.ambient.permission.BIND_RIDESHARING_SERVICE in package com.android.messaging
01-01 12:53:12.487   727   727 W PackageManager: Not granting permission android.permission.ACCESS_DOWNLOAD_MANAGER to package com.android.browser (protectionLevel=18 flags=0x3849be45)
01-01 12:53:12.487   727   727 W PackageManager: Not granting permission android.permission.SEND_DOWNLOAD_COMPLETED_INTENTS to package com.android.browser (protectionLevel=2 flags=0x3849be45)
01-01 12:53:12.491   727   727 W PackageManager: Unknown permission com.cyngn.stats.SEND_ANALYTICS in package com.cyanogenmod.setupwizard
01-01 12:53:12.491   727   727 W PackageManager: Unknown permission com.cyanogen.permission.REQUEST_KILL_SWITCH_OP in package com.cyanogenmod.setupwizard
01-01 12:53:12.495   727   727 W PackageManager: Unknown permission com.cyanogen.ambient.permission.BIND_INCALL_SERVICE in package com.android.contacts
01-01 12:53:12.495   727   727 W PackageManager: Unknown permission com.cyanogen.ambient.permission.PLUGIN_STATUS_CHANGED in package com.android.contacts
01-01 12:53:12.495   727   727 W PackageManager: Unknown permission com.cyanogen.ambient.permission.BIND_CALLER_INFO in package com.android.contacts
01-01 12:53:12.500   727   727 W PackageManager: Unknown permission com.google.android.googleapps.permission.GOOGLE_AUTH.mail in package com.android.calendar
01-01 12:53:12.503   727   727 W PackageManager: Unknown permission com.android.launcher.permission.READ_SETTINGS in package com.android.onetimeinitializer
01-01 12:53:12.503   727   727 W PackageManager: Unknown permission com.android.launcher.permission.WRITE_SETTINGS in package com.android.onetimeinitializer
01-01 12:53:12.509   727   727 W PackageManager: Unknown permission com.cyanogen.ambient.permission.BIND_INCALL_SERVICE in package com.android.dialer
01-01 12:53:12.509   727   727 W PackageManager: Unknown permission com.cyanogen.ambient.permission.PLUGIN_STATUS_CHANGED in package com.android.dialer
01-01 12:53:12.509   727   727 W PackageManager: Unknown permission com.cyanogen.ambient.permission.PUBLISH_DISCOVERY_NUDGE in package com.android.dialer
01-01 12:53:12.509   727   727 W PackageManager: Unknown permission com.cyanogen.ambient.permission.BIND_DEEPLINK_SERVICE in package com.android.dialer
01-01 12:53:12.510   727   727 W PackageManager: Unknown permission com.cyanogen.ambient.permission.READ_DEEPLINK_DATABASE in package com.android.dialer
01-01 12:53:12.510   727   727 W PackageManager: Unknown permission com.cyanogen.ambient.permission.BIND_CALLER_INFO in package com.android.dialer
01-01 12:53:12.513   727   727 W PackageManager: Unknown permission com.android.launcher.permission.READ_SETTINGS in package com.cyanogenmod.trebuchet
01-01 12:53:12.513   727   727 W PackageManager: Unknown permission com.android.launcher.permission.WRITE_SETTINGS in package com.cyanogenmod.trebuchet
01-01 12:53:12.514   727   727 W PackageManager: Unknown permission com.cyngn.stats.SEND_ANALYTICS in package com.cyanogenmod.trebuchet
01-01 12:53:12.515   727   727 W PackageManager: Unknown permission com.google.android.permission.INSTALL_WEARABLE_PACKAGES in package com.android.packageinstaller
01-01 12:53:12.515   727   727 W PackageManager: Not granting permission android.permission.DELETE_PACKAGES to package com.svox.pico (protectionLevel=18 flags=0x3808be45)
01-01 12:53:12.516   727   727 W PackageManager: Unknown permission android.permission.ACCESS_SUPERUSER in package com.cyanogenmod.filemanager
01-01 12:53:12.516   727   727 W PackageManager: Unknown permission com.cyanogenmod.filemanager.permissions.READ_THEME in package com.cyanogenmod.filemanager
01-01 12:53:12.519   727   727 W PackageManager: Unknown permission com.google.android.gallery3d.permission.PICASA_STORE in package com.android.dreams.phototable
01-01 12:53:12.521   727   727 W PackageManager: Unknown permission com.google.android.googleapps.permission.GOOGLE_AUTH in package com.android.settings
01-01 12:53:12.523   727   727 W PackageManager: Unknown permission com.android.launcher.permission.READ_SETTINGS in package com.android.settings
01-01 12:53:12.523   727   727 W PackageManager: Unknown permission com.android.launcher.permission.WRITE_SETTINGS in package com.android.settings
01-01 12:53:12.526   727   727 W PackageManager: Not granting permission android.permission.REAL_GET_TASKS to package com.cyanogenmod.eleven (protectionLevel=18 flags=0x3818be65)
01-01 12:53:12.547   727   727 W PackageManager: Unknown permission com.google.android.gallery3d.permission.GALLERY_PROVIDER in package com.android.bluetooth
01-01 12:53:12.549   727   727 W PackageManager: Unknown permission com.google.android.googleapps.permission.ACCESS_GOOGLE_PASSWORD in package com.android.development
01-01 12:53:12.550   727   727 W PackageManager: Unknown permission com.google.android.googleapps.permission.GOOGLE_AUTH in package com.android.development
01-01 12:53:12.550   727   727 W PackageManager: Unknown permission com.google.android.googleapps.permission.GOOGLE_AUTH.ALL_SERVICES in package com.android.development
01-01 12:53:12.550   727   727 W PackageManager: Unknown permission com.google.android.googleapps.permission.GOOGLE_AUTH.YouTubeUser in package com.android.development
01-01 12:53:12.555   727   727 V PackageManager: Disabling com.google.android.gsf/com.google.android.gsf.update.SystemUpdateActivity
01-01 12:53:12.555   727   727 W PackageManager: Unable to disable com.google.android.gsf/com.google.android.gsf.update.SystemUpdateActivity
01-01 12:53:12.555   727   727 V PackageManager: Disabling com.google.android.gsf/com.google.android.gsf.update.SystemUpdateService$Receiver
01-01 12:53:12.555   727   727 W PackageManager: Unable to disable com.google.android.gsf/com.google.android.gsf.update.SystemUpdateService$Receiver
01-01 12:53:12.556   727   727 V PackageManager: Disabling com.google.android.gsf/com.google.android.gsf.update.SystemUpdateService$SecretCodeReceiver
01-01 12:53:12.556   727   727 W PackageManager: Unable to disable com.google.android.gsf/com.google.android.gsf.update.SystemUpdateService$SecretCodeReceiver
01-01 12:53:12.556   727   727 V PackageManager: Disabling com.google.android.gms/com.google.android.gms.update.SystemUpdateActivity
01-01 12:53:12.556   727   727 W PackageManager: Unable to disable com.google.android.gms/com.google.android.gms.update.SystemUpdateActivity
01-01 12:53:12.556   727   727 V PackageManager: Disabling com.google.android.gms/com.google.android.gms.update.SystemUpdateService$Receiver
01-01 12:53:12.556   727   727 W PackageManager: Unable to disable com.google.android.gms/com.google.android.gms.update.SystemUpdateService$Receiver
01-01 12:53:12.556   727   727 V PackageManager: Disabling com.google.android.gms/com.google.android.gms.update.SystemUpdateService$ActiveReceiver
01-01 12:53:12.556   727   727 W PackageManager: Unable to disable com.google.android.gms/com.google.android.gms.update.SystemUpdateService$ActiveReceiver
01-01 12:53:12.556   727   727 V PackageManager: Disabling com.google.android.gms/com.google.android.gms.update.SystemUpdateService$SecretCodeReceiver
01-01 12:53:12.556   727   727 W PackageManager: Unable to disable com.google.android.gms/com.google.android.gms.update.SystemUpdateService$SecretCodeReceiver
01-01 12:53:12.557   727   727 V PackageManager: Enabling com.google.android.gsf/com.google.android.gsf.update.SystemUpdateService
01-01 12:53:12.557   727   727 W PackageManager: Unable to enable com.google.android.gsf/com.google.android.gsf.update.SystemUpdateService
01-01 12:53:12.557   727   727 V PackageManager: Enabling com.google.android.gms/com.google.android.gms.update.SystemUpdateService
01-01 12:53:12.557   727   727 W PackageManager: Unable to enable com.google.android.gms/com.google.android.gms.update.SystemUpdateService
01-01 12:53:13.372   727   727 I art     : Starting a blocking GC Explicit
01-01 12:53:13.421   727   727 I art     : Explicit concurrent mark sweep GC freed 70287(3MB) AllocSpace objects, 4(648KB) LOS objects, 52% free, 3MB/7MB, paused 481us total 49.072ms
01-01 12:53:13.425   727   727 I SystemServer: User Service
01-01 12:53:13.456   270   270 I lowmemorykiller: ActivityManager connected
01-01 12:53:13.459   727   727 I SystemServiceManager: Starting com.android.server.BatteryService
01-01 12:53:13.462   727   766 I         : System server: starting sensor init.
01-01 12:53:13.462   727   766 D SensorService: nuSensorService starting...
01-01 12:53:13.471   727   766 D Sensors_Init: open_sensors: name: poll! fwq debug
01-01 12:53:13.471   727   766 D Hwmsen_sensors: Hwmsen mPendingEvents len(6)
01-01 12:53:13.473   727   766 D Hwmsen_sensors: Hwmsen Construct ok
01-01 12:53:13.473   727   766 D Accel   : acc misc path =/sys/class/misc/m_acc_misc/
01-01 12:53:13.474   727   766 D Accel   : read div buf(/sys/class/misc/m_acc_misc/accactive), mdiv 1000
01-01 12:53:13.474   727   766 E Magnetic: couldn't find input device 
01-01 12:53:13.474   727   766 D PROXIMITY: prox misc path =/sys/class/misc/m_alsps_misc/
01-01 12:53:13.474   727   766 D PROXIMITY: read div buf(/sys/class/misc/m_alsps_misc/psactive), mdiv 100
01-01 12:53:13.474   727   766 E LIGHT   : len = 2, buf = 3
01-01 12:53:13.474   727   766 D LIGHT   : light misc path =/sys/class/misc/m_alsps_misc/
01-01 12:53:13.474   727   766 D LIGHT   : read div buf(/sys/class/misc/m_alsps_misc/alsactive),mdiv 100
01-01 12:53:13.474   727   766 E GYRO    : couldn't find input device 
01-01 12:53:13.474   727   766 E PRESSURE: couldn't find input device 
01-01 12:53:13.474   727   766 E TEMPRATURE: couldn't find input device 
01-01 12:53:13.474   727   766 E HUMIDITY: couldn't find input device 
01-01 12:53:13.475   727   766 D STEP_COUNTER: StepCounter misc path =
01-01 12:53:13.475   727   766 E STEP_COUNTER: open step_c misc path /sys/class/misc/m_step_c_misc/step_cactive fail 
01-01 12:53:13.475   727   766 E SensorBase: Couldn't open /dev/m_batch_misc (No such file or directory)
01-01 12:53:13.475   727   766 D BATCH   : batch misc path =
01-01 12:53:13.475   727   766 D PDR     : pdr misc path =
01-01 12:53:13.475   727   766 E PDR     : open pdr misc path /sys/class/misc/m_pdr_misc/pdractive fail 
01-01 12:53:13.475   727   766 E ACT     : couldn't find input device 
01-01 12:53:13.475   727   766 D IN_POCKET: inpk misc path =
01-01 12:53:13.475   727   766 E IN_POCKET: open fdn misc path /sys/class/misc/m_inpk_misc/inpkactive fail 
01-01 12:53:13.475   727   766 D PICK_UP : PickUp misc path =
01-01 12:53:13.475   727   766 E PICK_UP : open pkup misc path /sys/class/misc/m_pkup_misc/pkupactive fail 
01-01 12:53:13.475   727   766 D FACE_DOWN: FaceDown misc path =
01-01 12:53:13.475   727   766 E FACE_DOWN: open fdn misc path /sys/class/misc/m_fdn_misc/fdnactive fail 
01-01 12:53:13.475   727   766 D SHAKE   : Shake misc path =
01-01 12:53:13.475   727   766 E SHAKE   : open shk misc path /sys/class/misc/m_shk_misc/shkactive fail 
01-01 12:53:13.475   727   766 D HRM     : hrm misc path =
01-01 12:53:13.475   727   766 E HRM     : open acc misc path /sys/class/misc/m_hrm_misc/hrmactive fail 
01-01 12:53:13.475   727   766 D TILT    : Tilt misc path =
01-01 12:53:13.476   727   766 E TILT    : open acc misc path /sys/class/misc/m_tilt_misc/tiltactive fail 
01-01 12:53:13.476   727   766 D WAKE_GESTURE: WakeGesture misc path =
01-01 12:53:13.476   727   766 E WAKE_GESTURE: open acc misc path /sys/class/misc/m_wag_misc/wagactive fail 
01-01 12:53:13.476   727   766 D GLANCE_GESTURE: GlanceGesture misc path =
01-01 12:53:13.476   727   766 E GLANCE_GESTURE: open acc misc path /sys/class/misc/m_glg_misc/glgactive fail 
01-01 12:53:13.476   727   766 E La      : open linearacceleration misc path /sys/class/misc/m_la_misc/laactive fail 
01-01 12:53:13.476   727   766 E RV      : open acc misc path /sys/class/misc/m_rv_misc/rvactive fail
01-01 12:53:13.476   727   766 E GRV     : open grv misc path /sys/class/misc/m_grv_misc/grvactive fail 
01-01 12:53:13.476   727   766 E Grav    : open gravity misc path /sys/class/misc/m_grav_misc/gravactive fail 
01-01 12:53:13.476   727   766 E GMRV    : open grv misc path /sys/class/misc/m_gmrv_misc/gmrvactive fail 
01-01 12:53:13.476   727   766 E BRINGTOSEE: couldn't find input device 
01-01 12:53:13.476   727   766 D Sensors_Init:  sSensorList addr =0xa0ef2090, module addr =0xa0ef2004
01-01 12:53:13.477   727   766 D Sensors_Init:  ARRAY_SIZE(sSensorList) =3 SENSORS_NUM=3 MAX_NUM_SENSOR=3 
01-01 12:53:13.477   727   766 D Sensors : activate handle =0, enable = 0
01-01 12:53:13.477   727   766 E Sensors : handleToDriver handle(0)
01-01 12:53:13.477   727   766 D Sensors : use new sensor index=2, mSensors[index](9fabac00)
01-01 12:53:13.477   727   766 D Accel   : ACC enable: handle:0, en:0 
01-01 12:53:13.477   727   766 D Accel   : path:/sys/class/misc/m_acc_misc/accactive 
01-01 12:53:13.478   727   766 D Accel   : ACC enable(0) done
01-01 12:53:13.478   727   766 D Sensors : activate handle =7, enable = 0
01-01 12:53:13.478   727   766 E Sensors : handleToDriver handle(7)
01-01 12:53:13.478   727   766 D Sensors : use new sensor index=6, mSensors[index](a066b400)
01-01 12:53:13.478   727   766 D PROXIMITY: PS enable: handle:7, en:0 
01-01 12:53:13.478   727   766 D PROXIMITY: path:/sys/class/misc/m_alsps_misc/psactive 
01-01 12:53:13.478   727   766 D PROXIMITY: PS enable(0) done
01-01 12:53:13.478   727   766 D Sensors : activate handle =4, enable = 0
01-01 12:53:13.478   727   766 E Sensors : handleToDriver handle(4)
01-01 12:53:13.478   727   766 D Sensors : use new sensor index=5, mSensors[index](a066c800)
01-01 12:53:13.478   727   766 D LIGHT   : ALS enable: handle:4, en:0 
01-01 12:53:13.478   727   766 D LIGHT   : path:/sys/class/misc/m_alsps_misc/alsactive 
01-01 12:53:13.479   727   766 D LIGHT   : ACC enable(0) done
